MPLINK 4.48, Linker
Linker Map File - Created Mon Apr 07 12:24:40 2014

                                 Section Info
                  Section       Type    Address   Location Size(Bytes)
                ---------  ---------  ---------  ---------  ---------
               _entry_scn       code   0x000000    program   0x000006
           .code___init.o       code   0x000006    program   0x000002
    HIGH_INTERRUPT_VECTOR       code   0x000008    program   0x000006
     LOW_INTERRUPT_VECTOR       code   0x000018    program   0x000006
                   .cinit    romdata   0x00001e    program   0x00000e
 .code_usb_function_cdc.o       code   0x00002c    program   0x0004f4
             .code_main.o       code   0x000520    program   0x0003ee
.romdata_usb_descriptors.o    romdata   0x00090e    program   0x0000c9
        .romdata___init.o    romdata   0x0009d7    program   0x000000
        .idata___init.o_i    romdata   0x0009d7    program   0x000000
    .romdata_usb_device.o    romdata   0x0009d7    program   0x000000
    .idata_usb_device.o_i    romdata   0x0009d7    program   0x000000
.romdata_usb_function_cdc.o    romdata   0x0009d7    program   0x000000
.idata_usb_function_cdc.o_i    romdata   0x0009d7    program   0x000000
         .idata_c018i.o_i    romdata   0x0009d7    program   0x000000
         .romdata_c018i.o    romdata   0x0009d7    program   0x000000
.idata_usb_descriptors.o_i    romdata   0x0009d7    program   0x000000
          .romdata_main.o    romdata   0x0009d7    program   0x000000
            .code_c018i.o       code   0x0009d8    program   0x000000
               _cinit_scn       code   0x0009d8    program   0x00009e
  .code_usb_descriptors.o       code   0x0009d8    program   0x000000
                   STRING       code   0x000a76    program   0x000034
                    .code       code   0x000aaa    program   0x000020
             _startup_scn       code   0x000aca    program   0x00001c
             .stringtable    romdata   0x000ae6    program   0x000015
    REMAPPED_RESET_VECTOR       code   0x001000    program   0x000006
      AppSignatureSection    romdata   0x001006    program   0x000002
REMAPPED_HIGH_INTERRUPT_VECTOR       code   0x001008    program   0x000006
          .idata_main.o_i    romdata   0x00100e    program   0x000002
AppVersionAndSignatureSection    romdata   0x001016    program   0x000002
REMAPPED_LOW_INTERRUPT_VECTOR       code   0x001018    program   0x000006
       .code_usb_device.o       code   0x00101e    program   0x0012ec
    .config_300000_main.o    romdata   0x300000    program   0x000001
    .config_300001_main.o    romdata   0x300001    program   0x000001
    .config_300002_main.o    romdata   0x300002    program   0x000001
    .config_300003_main.o    romdata   0x300003    program   0x000001
    .config_300005_main.o    romdata   0x300005    program   0x000001
    .config_300006_main.o    romdata   0x300006    program   0x000001
                MATH_DATA      udata   0x000000       data   0x00000b
                 .tmpdata      udata   0x00000b       data   0x000003
            .udata_main.o      udata   0x000060       data   0x000085
.udata_usb_function_cdc.o      udata   0x0000e5       data   0x000019
            .idata_main.o      idata   0x0000fe       data   0x000002
                   .stack      udata   0x000300       data   0x000100
                  USB_BDT      udata   0x000400       data   0x000040
            USB_VARIABLES      udata   0x000500       data   0x000091
      .udata_usb_device.o      udata   0x000591       data   0x000035
           .udata_c018i.o      udata   0x0005c6       data   0x00000a
 .idata_usb_descriptors.o      idata   0x0005d0       data   0x000000
 .udata_usb_descriptors.o      udata   0x0005d0       data   0x000000
           .idata_c018i.o      idata   0x0005d0       data   0x000000
.idata_usb_function_cdc.o      idata   0x0005d0       data   0x000000
      .idata_usb_device.o      idata   0x0005d0       data   0x000000
          .udata___init.o      udata   0x0005d0       data   0x000000
          .idata___init.o      idata   0x0005d0       data   0x000000
              SFR_BANKED0      udata   0x000f57       data   0x000007
            SFR_UNBANKED0      udata   0x000f60       data   0x0000a0



                              Program Memory Usage 
                               Start         End      
                           ---------   ---------      
                            0x000000    0x00000d      
                            0x000018    0x0009d6      
                            0x0009d8    0x000afa      
                            0x001000    0x00100f      
                            0x001016    0x002309      
                            0x300000    0x300003      
                            0x300005    0x300006      
            7674 out of 33048 program addresses used, program memory utilization is 23%



                              Symbols - Sorted by Name
                     Name    Address   Location    Storage File                     
                ---------  ---------  ---------  --------- ---------                
               AppVersion   0x001016    program     extern D:\JP\5w5s Phase II\microchip_solutions_v2013-06-15\USB\Device - CDC - Basic Demo\Firmware\main.c
           BlinkUSBStatus   0x00075c    program     extern D:\JP\5w5s Phase II\microchip_solutions_v2013-06-15\USB\Device - CDC - Basic Demo\Firmware\main.c
                CDCInitEP   0x0000ce    program     extern D:\JP\5w5s Phase II\microchip_solutions_v2013-06-15\Microchip\USB\CDC Device Driver\usb_function_cdc.c
             CDCTxService   0x0003cc    program     extern D:\JP\5w5s Phase II\microchip_solutions_v2013-06-15\Microchip\USB\CDC Device Driver\usb_function_cdc.c
                 High_ISR   0x000008    program     extern D:\JP\5w5s Phase II\microchip_solutions_v2013-06-15\USB\Device - CDC - Basic Demo\Firmware\main.c
         InitializeSystem   0x0005ee    program     static D:\JP\5w5s Phase II\microchip_solutions_v2013-06-15\USB\Device - CDC - Basic Demo\Firmware\main.c
                  Low_ISR   0x000018    program     extern D:\JP\5w5s Phase II\microchip_solutions_v2013-06-15\USB\Device - CDC - Basic Demo\Firmware\main.c
                ProcessIO   0x000634    program     extern D:\JP\5w5s Phase II\microchip_solutions_v2013-06-15\USB\Device - CDC - Basic Demo\Firmware\main.c
        Remapped_High_ISR   0x001008    program     extern D:\JP\5w5s Phase II\microchip_solutions_v2013-06-15\USB\Device - CDC - Basic Demo\Firmware\main.c
         Remapped_Low_ISR   0x001018    program     extern D:\JP\5w5s Phase II\microchip_solutions_v2013-06-15\USB\Device - CDC - Basic Demo\Firmware\main.c
     SignaturePlaceholder   0x001006    program     extern D:\JP\5w5s Phase II\microchip_solutions_v2013-06-15\USB\Device - CDC - Basic Demo\Firmware\main.c
       USBCBCheckOtherReq   0x00081e    program     extern D:\JP\5w5s Phase II\microchip_solutions_v2013-06-15\USB\Device - CDC - Basic Demo\Firmware\main.c
        USBCBErrorHandler   0x00081c    program     extern D:\JP\5w5s Phase II\microchip_solutions_v2013-06-15\USB\Device - CDC - Basic Demo\Firmware\main.c
              USBCBInitEP   0x000824    program     extern D:\JP\5w5s Phase II\microchip_solutions_v2013-06-15\USB\Device - CDC - Basic Demo\Firmware\main.c
          USBCBSendResume   0x000828    program     extern D:\JP\5w5s Phase II\microchip_solutions_v2013-06-15\USB\Device - CDC - Basic Demo\Firmware\main.c
    USBCBStdSetDscHandler   0x000822    program     extern D:\JP\5w5s Phase II\microchip_solutions_v2013-06-15\USB\Device - CDC - Basic Demo\Firmware\main.c
             USBCBSuspend   0x0007e8    program     extern D:\JP\5w5s Phase II\microchip_solutions_v2013-06-15\USB\Device - CDC - Basic Demo\Firmware\main.c
     USBCBWakeFromSuspend   0x0007ea    program     extern D:\JP\5w5s Phase II\microchip_solutions_v2013-06-15\USB\Device - CDC - Basic Demo\Firmware\main.c
        USBCB_SOF_Handler   0x0007ec    program     extern D:\JP\5w5s Phase II\microchip_solutions_v2013-06-15\USB\Device - CDC - Basic Demo\Firmware\main.c
       USBCDCEventHandler   0x000136    program     extern D:\JP\5w5s Phase II\microchip_solutions_v2013-06-15\Microchip\USB\CDC Device Driver\usb_function_cdc.c
              USBCancelIO   0x0014fa    program     extern D:\JP\5w5s Phase II\microchip_solutions_v2013-06-15\Microchip\USB\usb_device.c
       USBCheckCDCRequest   0x00002c    program     extern D:\JP\5w5s Phase II\microchip_solutions_v2013-06-15\Microchip\USB\CDC Device Driver\usb_function_cdc.c
       USBCheckStdRequest   0x001fb4    program     static D:\JP\5w5s Phase II\microchip_solutions_v2013-06-15\Microchip\USB\usb_device.c
     USBConfigureEndpoint   0x001706    program     static D:\JP\5w5s Phase II\microchip_solutions_v2013-06-15\Microchip\USB\usb_device.c
  USBCtrlEPAllowDataStage   0x001686    program     extern D:\JP\5w5s Phase II\microchip_solutions_v2013-06-15\Microchip\USB\usb_device.c
USBCtrlEPAllowStatusStage   0x0015e4    program     extern D:\JP\5w5s Phase II\microchip_solutions_v2013-06-15\Microchip\USB\usb_device.c
         USBCtrlEPService   0x001d88    program     static D:\JP\5w5s Phase II\microchip_solutions_v2013-06-15\Microchip\USB\usb_device.c
 USBCtrlEPServiceComplete   0x0017c0    program     static D:\JP\5w5s Phase II\microchip_solutions_v2013-06-15\Microchip\USB\usb_device.c
      USBCtrlTrfInHandler   0x001f00    program     static D:\JP\5w5s Phase II\microchip_solutions_v2013-06-15\Microchip\USB\usb_device.c
     USBCtrlTrfOutHandler   0x001eb6    program     static D:\JP\5w5s Phase II\microchip_solutions_v2013-06-15\Microchip\USB\usb_device.c
      USBCtrlTrfRxService   0x001946    program     static D:\JP\5w5s Phase II\microchip_solutions_v2013-06-15\Microchip\USB\usb_device.c
   USBCtrlTrfSetupHandler   0x001e58    program     static D:\JP\5w5s Phase II\microchip_solutions_v2013-06-15\Microchip\USB\usb_device.c
      USBCtrlTrfTxService   0x001882    program     static D:\JP\5w5s Phase II\microchip_solutions_v2013-06-15\Microchip\USB\usb_device.c
          USBDeviceAttach   0x0015b6    program     extern D:\JP\5w5s Phase II\microchip_solutions_v2013-06-15\Microchip\USB\usb_device.c
          USBDeviceDetach   0x0015aa    program     extern D:\JP\5w5s Phase II\microchip_solutions_v2013-06-15\Microchip\USB\usb_device.c
            USBDeviceInit   0x00101e    program     extern D:\JP\5w5s Phase II\microchip_solutions_v2013-06-15\Microchip\USB\usb_device.c
           USBDeviceTasks   0x001136    program     extern D:\JP\5w5s Phase II\microchip_solutions_v2013-06-15\Microchip\USB\usb_device.c
        USBEnableEndpoint   0x0012a6    program     extern D:\JP\5w5s Phase II\microchip_solutions_v2013-06-15\Microchip\USB\usb_device.c
         USBStallEndpoint   0x00141a    program     extern D:\JP\5w5s Phase II\microchip_solutions_v2013-06-15\Microchip\USB\usb_device.c
          USBStallHandler   0x001cfe    program     static D:\JP\5w5s Phase II\microchip_solutions_v2013-06-15\Microchip\USB\usb_device.c
  USBStdFeatureReqHandler   0x00207c    program     static D:\JP\5w5s Phase II\microchip_solutions_v2013-06-15\Microchip\USB\usb_device.c
      USBStdGetDscHandler   0x001b6c    program     static D:\JP\5w5s Phase II\microchip_solutions_v2013-06-15\Microchip\USB\usb_device.c
   USBStdGetStatusHandler   0x001c2c    program     static D:\JP\5w5s Phase II\microchip_solutions_v2013-06-15\Microchip\USB\usb_device.c
      USBStdSetCfgHandler   0x001a86    program     static D:\JP\5w5s Phase II\microchip_solutions_v2013-06-15\Microchip\USB\usb_device.c
               USBSuspend   0x001d30    program     static D:\JP\5w5s Phase II\microchip_solutions_v2013-06-15\Microchip\USB\usb_device.c
     USBTransferOnePacket   0x001314    program     extern D:\JP\5w5s Phase II\microchip_solutions_v2013-06-15\Microchip\USB\usb_device.c
       USBWakeFromSuspend   0x001d5a    program     static D:\JP\5w5s Phase II\microchip_solutions_v2013-06-15\Microchip\USB\usb_device.c
               USB_CD_Ptr   0x0009cf    program     extern D:\JP\5w5s Phase II\microchip_solutions_v2013-06-15\USB\Device - CDC - Basic Demo\Firmware\usb_descriptors.c
               USB_SD_Ptr   0x0009d1    program     extern D:\JP\5w5s Phase II\microchip_solutions_v2013-06-15\USB\Device - CDC - Basic Demo\Firmware\usb_descriptors.c
USER_USB_CALLBACK_EVENT_HANDLER   0x000870    program     extern D:\JP\5w5s Phase II\microchip_solutions_v2013-06-15\USB\Device - CDC - Basic Demo\Firmware\main.c
                 UserInit   0x00061e    program     extern D:\JP\5w5s Phase II\microchip_solutions_v2013-06-15\USB\Device - CDC - Basic Demo\Firmware\main.c
  YourHighPriorityISRCode   0x000520    program     extern D:\JP\5w5s Phase II\microchip_solutions_v2013-06-15\USB\Device - CDC - Basic Demo\Firmware\main.c
   YourLowPriorityISRCode   0x0005b6    program     extern D:\JP\5w5s Phase II\microchip_solutions_v2013-06-15\USB\Device - CDC - Basic Demo\Firmware\main.c
              _2jContinue   0x000a96    program     static E:\c18v3.46\pic18-lt\cxx-framework\src\traditional\stdclib\memset.asm
                   _3jEnd   0x000aa0    program     static E:\c18v3.46\pic18-lt\cxx-framework\src\traditional\stdclib\memset.asm
       ___return_lbl00000   0x000004    program     static                          
       ___return_lbl00000   0x00000c    program     static                          
       ___return_lbl00001   0x000ae4    program     static                          
       ___return_lbl00001   0x00001c    program     static                          
       ___return_lbl00002   0x000a74    program     static                          
       ___return_lbl00002   0x001004    program     static                          
       ___return_lbl00003   0x00100c    program     static                          
       ___return_lbl00004   0x00101c    program     static                          
               __config_0   0x300000    program     static D:\JP\5w5s Phase II\microchip_solutions_v2013-06-15\USB\Device - CDC - Basic Demo\Firmware\main.c
               __config_1   0x300001    program     static D:\JP\5w5s Phase II\microchip_solutions_v2013-06-15\USB\Device - CDC - Basic Demo\Firmware\main.c
               __config_2   0x300002    program     static D:\JP\5w5s Phase II\microchip_solutions_v2013-06-15\USB\Device - CDC - Basic Demo\Firmware\main.c
               __config_3   0x300003    program     static D:\JP\5w5s Phase II\microchip_solutions_v2013-06-15\USB\Device - CDC - Basic Demo\Firmware\main.c
               __config_4   0x300005    program     static D:\JP\5w5s Phase II\microchip_solutions_v2013-06-15\USB\Device - CDC - Basic Demo\Firmware\main.c
               __config_5   0x300006    program     static D:\JP\5w5s Phase II\microchip_solutions_v2013-06-15\USB\Device - CDC - Basic Demo\Firmware\main.c
                   __init   0x000006    program     extern E:\c18v3.46\pic18-lt\cxx-framework\src\traditional\stdclib\__init.c
               __string_0   0x000ae6    program     static D:\JP\5w5s Phase II\microchip_solutions_v2013-06-15\USB\Device - CDC - Basic Demo\Firmware\main.c
            __zero_memory   0x000aaa    program     extern E:\c18v3.46\pic18-lt\cxx-framework\src\traditional\proc\p18f25k50.asm
                _do_cinit   0x0009d8    program     extern E:\c18v3.46\pic18-lt\cxx-framework\src\traditional\startup\c018i.c
                   _entry   0x000000    program     extern E:\c18v3.46\pic18-lt\cxx-framework\src\traditional\startup\c018i.c
                   _reset   0x001000    program     extern D:\JP\5w5s Phase II\microchip_solutions_v2013-06-15\USB\Device - CDC - Basic Demo\Firmware\main.c
                 _startup   0x000aca    program     extern E:\c18v3.46\pic18-lt\cxx-framework\src\traditional\startup\c018i.c
                compare_l   0x000ac0    program     static E:\c18v3.46\pic18-lt\cxx-framework\src\traditional\proc\p18f25k50.asm
        configDescriptor1   0x000920    program     extern D:\JP\5w5s Phase II\microchip_solutions_v2013-06-15\USB\Device - CDC - Basic Demo\Firmware\usb_descriptors.c
                copy_loop   0x000a4a    program     static                          
            copy_one_byte   0x000a50    program     static                          
               device_dsc   0x00090e    program     extern D:\JP\5w5s Phase II\microchip_solutions_v2013-06-15\USB\Device - CDC - Basic Demo\Firmware\usb_descriptors.c
                     done   0x000a74    program     static                          
             done_copying   0x000a5e    program     static                          
             getsUSBUSART   0x0001c2    program     extern D:\JP\5w5s Phase II\microchip_solutions_v2013-06-15\Microchip\USB\CDC Device Driver\usb_function_cdc.c
                     jEnd   0x000aa8    program     static E:\c18v3.46\pic18-lt\cxx-framework\src\traditional\stdclib\memset.asm
                    jLoop   0x000a8a    program     static E:\c18v3.46\pic18-lt\cxx-framework\src\traditional\stdclib\memset.asm
                     loop   0x000ada    program     static                          
                   loop_h   0x000ab8    program     static E:\c18v3.46\pic18-lt\cxx-framework\src\traditional\proc\p18f25k50.asm
                   loop_l   0x000ac2    program     static E:\c18v3.46\pic18-lt\cxx-framework\src\traditional\proc\p18f25k50.asm
                     main   0x0005dc    program     extern D:\JP\5w5s Phase II\microchip_solutions_v2013-06-15\USB\Device - CDC - Basic Demo\Firmware\main.c
                   memset   0x000a76    program     extern E:\c18v3.46\pic18-lt\cxx-framework\src\traditional\stdclib\memset.asm
              putUSBUSART   0x000284    program     extern D:\JP\5w5s Phase II\microchip_solutions_v2013-06-15\Microchip\USB\CDC Device Driver\usb_function_cdc.c
            putrsUSBUSART   0x000340    program     extern D:\JP\5w5s Phase II\microchip_solutions_v2013-06-15\Microchip\USB\CDC Device Driver\usb_function_cdc.c
             putsUSBUSART   0x0002b6    program     extern D:\JP\5w5s Phase II\microchip_solutions_v2013-06-15\Microchip\USB\CDC Device Driver\usb_function_cdc.c
                    sd000   0x000963    program     extern D:\JP\5w5s Phase II\microchip_solutions_v2013-06-15\USB\Device - CDC - Basic Demo\Firmware\usb_descriptors.c
                    sd001   0x000967    program     extern D:\JP\5w5s Phase II\microchip_solutions_v2013-06-15\USB\Device - CDC - Basic Demo\Firmware\usb_descriptors.c
                    sd002   0x00099b    program     extern D:\JP\5w5s Phase II\microchip_solutions_v2013-06-15\USB\Device - CDC - Basic Demo\Firmware\usb_descriptors.c
                     test   0x0009f2    program     static                          
               zero_block   0x000ab8    program     static E:\c18v3.46\pic18-lt\cxx-framework\src\traditional\proc\p18f25k50.asm
                   ACTCON   0x000fb5       data     extern E:\c18v3.46\pic18-lt\cxx-framework\src\traditional\proc\p18f25k50.asm
               ACTCONbits   0x000fb5       data     extern E:\c18v3.46\pic18-lt\cxx-framework\src\traditional\proc\p18f25k50.asm
                   ADCON0   0x000fc2       data     extern E:\c18v3.46\pic18-lt\cxx-framework\src\traditional\proc\p18f25k50.asm
               ADCON0bits   0x000fc2       data     extern E:\c18v3.46\pic18-lt\cxx-framework\src\traditional\proc\p18f25k50.asm
                   ADCON1   0x000fc1       data     extern E:\c18v3.46\pic18-lt\cxx-framework\src\traditional\proc\p18f25k50.asm
               ADCON1bits   0x000fc1       data     extern E:\c18v3.46\pic18-lt\cxx-framework\src\traditional\proc\p18f25k50.asm
                   ADCON2   0x000fc0       data     extern E:\c18v3.46\pic18-lt\cxx-framework\src\traditional\proc\p18f25k50.asm
               ADCON2bits   0x000fc0       data     extern E:\c18v3.46\pic18-lt\cxx-framework\src\traditional\proc\p18f25k50.asm
                   ADRESH   0x000fc4       data     extern E:\c18v3.46\pic18-lt\cxx-framework\src\traditional\proc\p18f25k50.asm
                   ADRESL   0x000fc3       data     extern E:\c18v3.46\pic18-lt\cxx-framework\src\traditional\proc\p18f25k50.asm
                   ANSELA   0x000f5b       data     extern E:\c18v3.46\pic18-lt\cxx-framework\src\traditional\proc\p18f25k50.asm
               ANSELAbits   0x000f5b       data     extern E:\c18v3.46\pic18-lt\cxx-framework\src\traditional\proc\p18f25k50.asm
                   ANSELB   0x000f5c       data     extern E:\c18v3.46\pic18-lt\cxx-framework\src\traditional\proc\p18f25k50.asm
               ANSELBbits   0x000f5c       data     extern E:\c18v3.46\pic18-lt\cxx-framework\src\traditional\proc\p18f25k50.asm
                   ANSELC   0x000f5d       data     extern E:\c18v3.46\pic18-lt\cxx-framework\src\traditional\proc\p18f25k50.asm
               ANSELCbits   0x000f5d       data     extern E:\c18v3.46\pic18-lt\cxx-framework\src\traditional\proc\p18f25k50.asm
                  BAUDCON   0x000fb8       data     extern E:\c18v3.46\pic18-lt\cxx-framework\src\traditional\proc\p18f25k50.asm
                 BAUDCON1   0x000fb8       data     extern E:\c18v3.46\pic18-lt\cxx-framework\src\traditional\proc\p18f25k50.asm
             BAUDCON1bits   0x000fb8       data     extern E:\c18v3.46\pic18-lt\cxx-framework\src\traditional\proc\p18f25k50.asm
              BAUDCONbits   0x000fb8       data     extern E:\c18v3.46\pic18-lt\cxx-framework\src\traditional\proc\p18f25k50.asm
                      BDT   0x000400       data     extern D:\JP\5w5s Phase II\microchip_solutions_v2013-06-15\Microchip\USB\usb_device.c
                      BSR   0x000fe0       data     extern E:\c18v3.46\pic18-lt\cxx-framework\src\traditional\proc\p18f25k50.asm
              BaudRateGen   0x0000f2       data     extern D:\JP\5w5s Phase II\microchip_solutions_v2013-06-15\Microchip\USB\CDC Device Driver\usb_function_cdc.c
       BothEP0OutUOWNsSet   0x0005b9       data     extern D:\JP\5w5s Phase II\microchip_solutions_v2013-06-15\Microchip\USB\usb_device.c
                  CCP1CON   0x000fbd       data     extern E:\c18v3.46\pic18-lt\cxx-framework\src\traditional\proc\p18f25k50.asm
              CCP1CONbits   0x000fbd       data     extern E:\c18v3.46\pic18-lt\cxx-framework\src\traditional\proc\p18f25k50.asm
                  CCP2CON   0x000f97       data     extern E:\c18v3.46\pic18-lt\cxx-framework\src\traditional\proc\p18f25k50.asm
              CCP2CONbits   0x000f97       data     extern E:\c18v3.46\pic18-lt\cxx-framework\src\traditional\proc\p18f25k50.asm
                    CCPR1   0x000fbe       data     extern E:\c18v3.46\pic18-lt\cxx-framework\src\traditional\proc\p18f25k50.asm
                   CCPR1H   0x000fbf       data     extern E:\c18v3.46\pic18-lt\cxx-framework\src\traditional\proc\p18f25k50.asm
                   CCPR1L   0x000fbe       data     extern E:\c18v3.46\pic18-lt\cxx-framework\src\traditional\proc\p18f25k50.asm
                    CCPR2   0x000f90       data     extern E:\c18v3.46\pic18-lt\cxx-framework\src\traditional\proc\p18f25k50.asm
                   CCPR2H   0x000f91       data     extern E:\c18v3.46\pic18-lt\cxx-framework\src\traditional\proc\p18f25k50.asm
                   CCPR2L   0x000f90       data     extern E:\c18v3.46\pic18-lt\cxx-framework\src\traditional\proc\p18f25k50.asm
                  CCPTMRS   0x000f59       data     extern E:\c18v3.46\pic18-lt\cxx-framework\src\traditional\proc\p18f25k50.asm
              CCPTMRSbits   0x000f59       data     extern E:\c18v3.46\pic18-lt\cxx-framework\src\traditional\proc\p18f25k50.asm
          CDCDataInHandle   0x0000ef       data     extern D:\JP\5w5s Phase II\microchip_solutions_v2013-06-15\Microchip\USB\CDC Device Driver\usb_function_cdc.c
         CDCDataOutHandle   0x0000ed       data     extern D:\JP\5w5s Phase II\microchip_solutions_v2013-06-15\Microchip\USB\CDC Device Driver\usb_function_cdc.c
                  CM1CON0   0x000f98       data     extern E:\c18v3.46\pic18-lt\cxx-framework\src\traditional\proc\p18f25k50.asm
              CM1CON0bits   0x000f98       data     extern E:\c18v3.46\pic18-lt\cxx-framework\src\traditional\proc\p18f25k50.asm
                  CM2CON0   0x000f99       data     extern E:\c18v3.46\pic18-lt\cxx-framework\src\traditional\proc\p18f25k50.asm
              CM2CON0bits   0x000f99       data     extern E:\c18v3.46\pic18-lt\cxx-framework\src\traditional\proc\p18f25k50.asm
                  CM2CON1   0x000f9a       data     extern E:\c18v3.46\pic18-lt\cxx-framework\src\traditional\proc\p18f25k50.asm
              CM2CON1bits   0x000f9a       data     extern E:\c18v3.46\pic18-lt\cxx-framework\src\traditional\proc\p18f25k50.asm
                 CTMUCON0   0x000f8f       data     extern E:\c18v3.46\pic18-lt\cxx-framework\src\traditional\proc\p18f25k50.asm
             CTMUCON0bits   0x000f8f       data     extern E:\c18v3.46\pic18-lt\cxx-framework\src\traditional\proc\p18f25k50.asm
                 CTMUCON1   0x000f8e       data     extern E:\c18v3.46\pic18-lt\cxx-framework\src\traditional\proc\p18f25k50.asm
             CTMUCON1bits   0x000f8e       data     extern E:\c18v3.46\pic18-lt\cxx-framework\src\traditional\proc\p18f25k50.asm
                 CTMUCONH   0x000f8f       data     extern E:\c18v3.46\pic18-lt\cxx-framework\src\traditional\proc\p18f25k50.asm
             CTMUCONHbits   0x000f8f       data     extern E:\c18v3.46\pic18-lt\cxx-framework\src\traditional\proc\p18f25k50.asm
                 CTMUCONL   0x000f8e       data     extern E:\c18v3.46\pic18-lt\cxx-framework\src\traditional\proc\p18f25k50.asm
             CTMUCONLbits   0x000f8e       data     extern E:\c18v3.46\pic18-lt\cxx-framework\src\traditional\proc\p18f25k50.asm
                 CTMUICON   0x000f88       data     extern E:\c18v3.46\pic18-lt\cxx-framework\src\traditional\proc\p18f25k50.asm
             CTMUICONbits   0x000f88       data     extern E:\c18v3.46\pic18-lt\cxx-framework\src\traditional\proc\p18f25k50.asm
              CtrlTrfData   0x000438       data     extern D:\JP\5w5s Phase II\microchip_solutions_v2013-06-15\Microchip\USB\usb_device.c
                     DDRA   0x000f92       data     extern E:\c18v3.46\pic18-lt\cxx-framework\src\traditional\proc\p18f25k50.asm
                 DDRAbits   0x000f92       data     extern E:\c18v3.46\pic18-lt\cxx-framework\src\traditional\proc\p18f25k50.asm
                     DDRB   0x000f93       data     extern E:\c18v3.46\pic18-lt\cxx-framework\src\traditional\proc\p18f25k50.asm
                 DDRBbits   0x000f93       data     extern E:\c18v3.46\pic18-lt\cxx-framework\src\traditional\proc\p18f25k50.asm
                     DDRC   0x000f94       data     extern E:\c18v3.46\pic18-lt\cxx-framework\src\traditional\proc\p18f25k50.asm
                 DDRCbits   0x000f94       data     extern E:\c18v3.46\pic18-lt\cxx-framework\src\traditional\proc\p18f25k50.asm
                  ECCP1AS   0x000fb6       data     extern E:\c18v3.46\pic18-lt\cxx-framework\src\traditional\proc\p18f25k50.asm
              ECCP1ASbits   0x000fb6       data     extern E:\c18v3.46\pic18-lt\cxx-framework\src\traditional\proc\p18f25k50.asm
                 ECCP1CON   0x000fbd       data     extern E:\c18v3.46\pic18-lt\cxx-framework\src\traditional\proc\p18f25k50.asm
             ECCP1CONbits   0x000fbd       data     extern E:\c18v3.46\pic18-lt\cxx-framework\src\traditional\proc\p18f25k50.asm
                 ECCP1DEL   0x000fb7       data     extern E:\c18v3.46\pic18-lt\cxx-framework\src\traditional\proc\p18f25k50.asm
             ECCP1DELbits   0x000fb7       data     extern E:\c18v3.46\pic18-lt\cxx-framework\src\traditional\proc\p18f25k50.asm
                 ECCP2CON   0x000f97       data     extern E:\c18v3.46\pic18-lt\cxx-framework\src\traditional\proc\p18f25k50.asm
             ECCP2CONbits   0x000f97       data     extern E:\c18v3.46\pic18-lt\cxx-framework\src\traditional\proc\p18f25k50.asm
                    EEADR   0x000fa9       data     extern E:\c18v3.46\pic18-lt\cxx-framework\src\traditional\proc\p18f25k50.asm
                   EECON1   0x000fa6       data     extern E:\c18v3.46\pic18-lt\cxx-framework\src\traditional\proc\p18f25k50.asm
               EECON1bits   0x000fa6       data     extern E:\c18v3.46\pic18-lt\cxx-framework\src\traditional\proc\p18f25k50.asm
                   EECON2   0x000fa7       data     extern E:\c18v3.46\pic18-lt\cxx-framework\src\traditional\proc\p18f25k50.asm
                   EEDATA   0x000fa8       data     extern E:\c18v3.46\pic18-lt\cxx-framework\src\traditional\proc\p18f25k50.asm
                     FSR0   0x000fe9       data     extern E:\c18v3.46\pic18-lt\cxx-framework\src\traditional\proc\p18f25k50.asm
                    FSR0H   0x000fea       data     extern E:\c18v3.46\pic18-lt\cxx-framework\src\traditional\proc\p18f25k50.asm
                    FSR0L   0x000fe9       data     extern E:\c18v3.46\pic18-lt\cxx-framework\src\traditional\proc\p18f25k50.asm
                     FSR1   0x000fe1       data     extern E:\c18v3.46\pic18-lt\cxx-framework\src\traditional\proc\p18f25k50.asm
                    FSR1H   0x000fe2       data     extern E:\c18v3.46\pic18-lt\cxx-framework\src\traditional\proc\p18f25k50.asm
                    FSR1L   0x000fe1       data     extern E:\c18v3.46\pic18-lt\cxx-framework\src\traditional\proc\p18f25k50.asm
                     FSR2   0x000fd9       data     extern E:\c18v3.46\pic18-lt\cxx-framework\src\traditional\proc\p18f25k50.asm
                    FSR2H   0x000fda       data     extern E:\c18v3.46\pic18-lt\cxx-framework\src\traditional\proc\p18f25k50.asm
                    FSR2L   0x000fd9       data     extern E:\c18v3.46\pic18-lt\cxx-framework\src\traditional\proc\p18f25k50.asm
                  HLVDCON   0x000f9c       data     extern E:\c18v3.46\pic18-lt\cxx-framework\src\traditional\proc\p18f25k50.asm
              HLVDCONbits   0x000f9c       data     extern E:\c18v3.46\pic18-lt\cxx-framework\src\traditional\proc\p18f25k50.asm
                    INDF0   0x000fef       data     extern E:\c18v3.46\pic18-lt\cxx-framework\src\traditional\proc\p18f25k50.asm
                    INDF1   0x000fe7       data     extern E:\c18v3.46\pic18-lt\cxx-framework\src\traditional\proc\p18f25k50.asm
                    INDF2   0x000fdf       data     extern E:\c18v3.46\pic18-lt\cxx-framework\src\traditional\proc\p18f25k50.asm
                   INTCON   0x000ff2       data     extern E:\c18v3.46\pic18-lt\cxx-framework\src\traditional\proc\p18f25k50.asm
                  INTCON2   0x000ff1       data     extern E:\c18v3.46\pic18-lt\cxx-framework\src\traditional\proc\p18f25k50.asm
              INTCON2bits   0x000ff1       data     extern E:\c18v3.46\pic18-lt\cxx-framework\src\traditional\proc\p18f25k50.asm
                  INTCON3   0x000ff0       data     extern E:\c18v3.46\pic18-lt\cxx-framework\src\traditional\proc\p18f25k50.asm
              INTCON3bits   0x000ff0       data     extern E:\c18v3.46\pic18-lt\cxx-framework\src\traditional\proc\p18f25k50.asm
               INTCONbits   0x000ff2       data     extern E:\c18v3.46\pic18-lt\cxx-framework\src\traditional\proc\p18f25k50.asm
                     IOCB   0x000f86       data     extern E:\c18v3.46\pic18-lt\cxx-framework\src\traditional\proc\p18f25k50.asm
                 IOCBbits   0x000f86       data     extern E:\c18v3.46\pic18-lt\cxx-framework\src\traditional\proc\p18f25k50.asm
                     IOCC   0x000f87       data     extern E:\c18v3.46\pic18-lt\cxx-framework\src\traditional\proc\p18f25k50.asm
                 IOCCbits   0x000f87       data     extern E:\c18v3.46\pic18-lt\cxx-framework\src\traditional\proc\p18f25k50.asm
                     IPR1   0x000f9f       data     extern E:\c18v3.46\pic18-lt\cxx-framework\src\traditional\proc\p18f25k50.asm
                 IPR1bits   0x000f9f       data     extern E:\c18v3.46\pic18-lt\cxx-framework\src\traditional\proc\p18f25k50.asm
                     IPR2   0x000fa2       data     extern E:\c18v3.46\pic18-lt\cxx-framework\src\traditional\proc\p18f25k50.asm
                 IPR2bits   0x000fa2       data     extern E:\c18v3.46\pic18-lt\cxx-framework\src\traditional\proc\p18f25k50.asm
                     IPR3   0x000fa5       data     extern E:\c18v3.46\pic18-lt\cxx-framework\src\traditional\proc\p18f25k50.asm
                 IPR3bits   0x000fa5       data     extern E:\c18v3.46\pic18-lt\cxx-framework\src\traditional\proc\p18f25k50.asm
                     LATA   0x000f89       data     extern E:\c18v3.46\pic18-lt\cxx-framework\src\traditional\proc\p18f25k50.asm
                 LATAbits   0x000f89       data     extern E:\c18v3.46\pic18-lt\cxx-framework\src\traditional\proc\p18f25k50.asm
                     LATB   0x000f8a       data     extern E:\c18v3.46\pic18-lt\cxx-framework\src\traditional\proc\p18f25k50.asm
                 LATBbits   0x000f8a       data     extern E:\c18v3.46\pic18-lt\cxx-framework\src\traditional\proc\p18f25k50.asm
                     LATC   0x000f8b       data     extern E:\c18v3.46\pic18-lt\cxx-framework\src\traditional\proc\p18f25k50.asm
                 LATCbits   0x000f8b       data     extern E:\c18v3.46\pic18-lt\cxx-framework\src\traditional\proc\p18f25k50.asm
                   OSCCON   0x000fd3       data     extern E:\c18v3.46\pic18-lt\cxx-framework\src\traditional\proc\p18f25k50.asm
                  OSCCON2   0x000fd2       data     extern E:\c18v3.46\pic18-lt\cxx-framework\src\traditional\proc\p18f25k50.asm
              OSCCON2bits   0x000fd2       data     extern E:\c18v3.46\pic18-lt\cxx-framework\src\traditional\proc\p18f25k50.asm
               OSCCONbits   0x000fd3       data     extern E:\c18v3.46\pic18-lt\cxx-framework\src\traditional\proc\p18f25k50.asm
                  OSCTUNE   0x000f9b       data     extern E:\c18v3.46\pic18-lt\cxx-framework\src\traditional\proc\p18f25k50.asm
              OSCTUNEbits   0x000f9b       data     extern E:\c18v3.46\pic18-lt\cxx-framework\src\traditional\proc\p18f25k50.asm
                       PC   0x000ff9       data     extern E:\c18v3.46\pic18-lt\cxx-framework\src\traditional\proc\p18f25k50.asm
                      PCL   0x000ff9       data     extern E:\c18v3.46\pic18-lt\cxx-framework\src\traditional\proc\p18f25k50.asm
                   PCLATH   0x000ffa       data     extern E:\c18v3.46\pic18-lt\cxx-framework\src\traditional\proc\p18f25k50.asm
                   PCLATU   0x000ffb       data     extern E:\c18v3.46\pic18-lt\cxx-framework\src\traditional\proc\p18f25k50.asm
                     PIE1   0x000f9d       data     extern E:\c18v3.46\pic18-lt\cxx-framework\src\traditional\proc\p18f25k50.asm
                 PIE1bits   0x000f9d       data     extern E:\c18v3.46\pic18-lt\cxx-framework\src\traditional\proc\p18f25k50.asm
                     PIE2   0x000fa0       data     extern E:\c18v3.46\pic18-lt\cxx-framework\src\traditional\proc\p18f25k50.asm
                 PIE2bits   0x000fa0       data     extern E:\c18v3.46\pic18-lt\cxx-framework\src\traditional\proc\p18f25k50.asm
                     PIE3   0x000fa3       data     extern E:\c18v3.46\pic18-lt\cxx-framework\src\traditional\proc\p18f25k50.asm
                 PIE3bits   0x000fa3       data     extern E:\c18v3.46\pic18-lt\cxx-framework\src\traditional\proc\p18f25k50.asm
                     PIR1   0x000f9e       data     extern E:\c18v3.46\pic18-lt\cxx-framework\src\traditional\proc\p18f25k50.asm
                 PIR1bits   0x000f9e       data     extern E:\c18v3.46\pic18-lt\cxx-framework\src\traditional\proc\p18f25k50.asm
                     PIR2   0x000fa1       data     extern E:\c18v3.46\pic18-lt\cxx-framework\src\traditional\proc\p18f25k50.asm
                 PIR2bits   0x000fa1       data     extern E:\c18v3.46\pic18-lt\cxx-framework\src\traditional\proc\p18f25k50.asm
                     PIR3   0x000fa4       data     extern E:\c18v3.46\pic18-lt\cxx-framework\src\traditional\proc\p18f25k50.asm
                 PIR3bits   0x000fa4       data     extern E:\c18v3.46\pic18-lt\cxx-framework\src\traditional\proc\p18f25k50.asm
                   PLUSW0   0x000feb       data     extern E:\c18v3.46\pic18-lt\cxx-framework\src\traditional\proc\p18f25k50.asm
                   PLUSW1   0x000fe3       data     extern E:\c18v3.46\pic18-lt\cxx-framework\src\traditional\proc\p18f25k50.asm
                   PLUSW2   0x000fdb       data     extern E:\c18v3.46\pic18-lt\cxx-framework\src\traditional\proc\p18f25k50.asm
                     PMD0   0x000f7e       data     extern E:\c18v3.46\pic18-lt\cxx-framework\src\traditional\proc\p18f25k50.asm
                 PMD0bits   0x000f7e       data     extern E:\c18v3.46\pic18-lt\cxx-framework\src\traditional\proc\p18f25k50.asm
                     PMD1   0x000f7f       data     extern E:\c18v3.46\pic18-lt\cxx-framework\src\traditional\proc\p18f25k50.asm
                 PMD1bits   0x000f7f       data     extern E:\c18v3.46\pic18-lt\cxx-framework\src\traditional\proc\p18f25k50.asm
                    PORTA   0x000f80       data     extern E:\c18v3.46\pic18-lt\cxx-framework\src\traditional\proc\p18f25k50.asm
                PORTAbits   0x000f80       data     extern E:\c18v3.46\pic18-lt\cxx-framework\src\traditional\proc\p18f25k50.asm
                    PORTB   0x000f81       data     extern E:\c18v3.46\pic18-lt\cxx-framework\src\traditional\proc\p18f25k50.asm
                PORTBbits   0x000f81       data     extern E:\c18v3.46\pic18-lt\cxx-framework\src\traditional\proc\p18f25k50.asm
                    PORTC   0x000f82       data     extern E:\c18v3.46\pic18-lt\cxx-framework\src\traditional\proc\p18f25k50.asm
                PORTCbits   0x000f82       data     extern E:\c18v3.46\pic18-lt\cxx-framework\src\traditional\proc\p18f25k50.asm
                    PORTE   0x000f84       data     extern E:\c18v3.46\pic18-lt\cxx-framework\src\traditional\proc\p18f25k50.asm
                PORTEbits   0x000f84       data     extern E:\c18v3.46\pic18-lt\cxx-framework\src\traditional\proc\p18f25k50.asm
                 POSTDEC0   0x000fed       data     extern E:\c18v3.46\pic18-lt\cxx-framework\src\traditional\proc\p18f25k50.asm
                 POSTDEC1   0x000fe5       data     extern E:\c18v3.46\pic18-lt\cxx-framework\src\traditional\proc\p18f25k50.asm
                 POSTDEC2   0x000fdd       data     extern E:\c18v3.46\pic18-lt\cxx-framework\src\traditional\proc\p18f25k50.asm
                 POSTINC0   0x000fee       data     extern E:\c18v3.46\pic18-lt\cxx-framework\src\traditional\proc\p18f25k50.asm
                 POSTINC1   0x000fe6       data     extern E:\c18v3.46\pic18-lt\cxx-framework\src\traditional\proc\p18f25k50.asm
                 POSTINC2   0x000fde       data     extern E:\c18v3.46\pic18-lt\cxx-framework\src\traditional\proc\p18f25k50.asm
                      PR2   0x000fbb       data     extern E:\c18v3.46\pic18-lt\cxx-framework\src\traditional\proc\p18f25k50.asm
                  PREINC0   0x000fec       data     extern E:\c18v3.46\pic18-lt\cxx-framework\src\traditional\proc\p18f25k50.asm
                  PREINC1   0x000fe4       data     extern E:\c18v3.46\pic18-lt\cxx-framework\src\traditional\proc\p18f25k50.asm
                  PREINC2   0x000fdc       data     extern E:\c18v3.46\pic18-lt\cxx-framework\src\traditional\proc\p18f25k50.asm
                     PROD   0x000ff3       data     extern E:\c18v3.46\pic18-lt\cxx-framework\src\traditional\proc\p18f25k50.asm
                    PRODH   0x000ff4       data     extern E:\c18v3.46\pic18-lt\cxx-framework\src\traditional\proc\p18f25k50.asm
                    PRODL   0x000ff3       data     extern E:\c18v3.46\pic18-lt\cxx-framework\src\traditional\proc\p18f25k50.asm
                 PSTR1CON   0x000fb9       data     extern E:\c18v3.46\pic18-lt\cxx-framework\src\traditional\proc\p18f25k50.asm
             PSTR1CONbits   0x000fb9       data     extern E:\c18v3.46\pic18-lt\cxx-framework\src\traditional\proc\p18f25k50.asm
                  PWM1CON   0x000fb7       data     extern E:\c18v3.46\pic18-lt\cxx-framework\src\traditional\proc\p18f25k50.asm
              PWM1CONbits   0x000fb7       data     extern E:\c18v3.46\pic18-lt\cxx-framework\src\traditional\proc\p18f25k50.asm
                     RCON   0x000fd0       data     extern E:\c18v3.46\pic18-lt\cxx-framework\src\traditional\proc\p18f25k50.asm
                 RCONbits   0x000fd0       data     extern E:\c18v3.46\pic18-lt\cxx-framework\src\traditional\proc\p18f25k50.asm
                    RCREG   0x000fae       data     extern E:\c18v3.46\pic18-lt\cxx-framework\src\traditional\proc\p18f25k50.asm
                   RCREG1   0x000fae       data     extern E:\c18v3.46\pic18-lt\cxx-framework\src\traditional\proc\p18f25k50.asm
                    RCSTA   0x000fab       data     extern E:\c18v3.46\pic18-lt\cxx-framework\src\traditional\proc\p18f25k50.asm
                   RCSTA1   0x000fab       data     extern E:\c18v3.46\pic18-lt\cxx-framework\src\traditional\proc\p18f25k50.asm
               RCSTA1bits   0x000fab       data     extern E:\c18v3.46\pic18-lt\cxx-framework\src\traditional\proc\p18f25k50.asm
                RCSTAbits   0x000fab       data     extern E:\c18v3.46\pic18-lt\cxx-framework\src\traditional\proc\p18f25k50.asm
             RemoteWakeup   0x0005b5       data     extern D:\JP\5w5s Phase II\microchip_solutions_v2013-06-15\Microchip\USB\usb_device.c
                     SIGN   0x000009       data     extern E:\c18v3.46\pic18-lt\cxx-framework\src\traditional\math\cmath18.asm
                   SLRCON   0x000f7a       data     extern E:\c18v3.46\pic18-lt\cxx-framework\src\traditional\proc\p18f25k50.asm
               SLRCONbits   0x000f7a       data     extern E:\c18v3.46\pic18-lt\cxx-framework\src\traditional\proc\p18f25k50.asm
                    SPBRG   0x000faf       data     extern E:\c18v3.46\pic18-lt\cxx-framework\src\traditional\proc\p18f25k50.asm
                   SPBRG1   0x000faf       data     extern E:\c18v3.46\pic18-lt\cxx-framework\src\traditional\proc\p18f25k50.asm
               SPBRG1bits   0x000faf       data     extern E:\c18v3.46\pic18-lt\cxx-framework\src\traditional\proc\p18f25k50.asm
                   SPBRGH   0x000fb0       data     extern E:\c18v3.46\pic18-lt\cxx-framework\src\traditional\proc\p18f25k50.asm
                  SPBRGH1   0x000fb0       data     extern E:\c18v3.46\pic18-lt\cxx-framework\src\traditional\proc\p18f25k50.asm
              SPBRGH1bits   0x000fb0       data     extern E:\c18v3.46\pic18-lt\cxx-framework\src\traditional\proc\p18f25k50.asm
               SPBRGHbits   0x000fb0       data     extern E:\c18v3.46\pic18-lt\cxx-framework\src\traditional\proc\p18f25k50.asm
                SPBRGbits   0x000faf       data     extern E:\c18v3.46\pic18-lt\cxx-framework\src\traditional\proc\p18f25k50.asm
                   SRCON0   0x000f58       data     extern E:\c18v3.46\pic18-lt\cxx-framework\src\traditional\proc\p18f25k50.asm
               SRCON0bits   0x000f58       data     extern E:\c18v3.46\pic18-lt\cxx-framework\src\traditional\proc\p18f25k50.asm
                   SRCON1   0x000f57       data     extern E:\c18v3.46\pic18-lt\cxx-framework\src\traditional\proc\p18f25k50.asm
               SRCON1bits   0x000f57       data     extern E:\c18v3.46\pic18-lt\cxx-framework\src\traditional\proc\p18f25k50.asm
                  SSP1ADD   0x000fc8       data     extern E:\c18v3.46\pic18-lt\cxx-framework\src\traditional\proc\p18f25k50.asm
              SSP1ADDbits   0x000fc8       data     extern E:\c18v3.46\pic18-lt\cxx-framework\src\traditional\proc\p18f25k50.asm
                  SSP1BUF   0x000fc9       data     extern E:\c18v3.46\pic18-lt\cxx-framework\src\traditional\proc\p18f25k50.asm
                  SSP1CON   0x000fc6       data     extern E:\c18v3.46\pic18-lt\cxx-framework\src\traditional\proc\p18f25k50.asm
                 SSP1CON1   0x000fc6       data     extern E:\c18v3.46\pic18-lt\cxx-framework\src\traditional\proc\p18f25k50.asm
             SSP1CON1bits   0x000fc6       data     extern E:\c18v3.46\pic18-lt\cxx-framework\src\traditional\proc\p18f25k50.asm
                 SSP1CON2   0x000fc5       data     extern E:\c18v3.46\pic18-lt\cxx-framework\src\traditional\proc\p18f25k50.asm
             SSP1CON2bits   0x000fc5       data     extern E:\c18v3.46\pic18-lt\cxx-framework\src\traditional\proc\p18f25k50.asm
                 SSP1CON3   0x000fcb       data     extern E:\c18v3.46\pic18-lt\cxx-framework\src\traditional\proc\p18f25k50.asm
             SSP1CON3bits   0x000fcb       data     extern E:\c18v3.46\pic18-lt\cxx-framework\src\traditional\proc\p18f25k50.asm
              SSP1CONbits   0x000fc6       data     extern E:\c18v3.46\pic18-lt\cxx-framework\src\traditional\proc\p18f25k50.asm
                  SSP1MSK   0x000fca       data     extern E:\c18v3.46\pic18-lt\cxx-framework\src\traditional\proc\p18f25k50.asm
              SSP1MSKbits   0x000fca       data     extern E:\c18v3.46\pic18-lt\cxx-framework\src\traditional\proc\p18f25k50.asm
                 SSP1STAT   0x000fc7       data     extern E:\c18v3.46\pic18-lt\cxx-framework\src\traditional\proc\p18f25k50.asm
             SSP1STATbits   0x000fc7       data     extern E:\c18v3.46\pic18-lt\cxx-framework\src\traditional\proc\p18f25k50.asm
                   SSPADD   0x000fc8       data     extern E:\c18v3.46\pic18-lt\cxx-framework\src\traditional\proc\p18f25k50.asm
               SSPADDbits   0x000fc8       data     extern E:\c18v3.46\pic18-lt\cxx-framework\src\traditional\proc\p18f25k50.asm
                   SSPBUF   0x000fc9       data     extern E:\c18v3.46\pic18-lt\cxx-framework\src\traditional\proc\p18f25k50.asm
                   SSPCON   0x000fc6       data     extern E:\c18v3.46\pic18-lt\cxx-framework\src\traditional\proc\p18f25k50.asm
                  SSPCON2   0x000fc5       data     extern E:\c18v3.46\pic18-lt\cxx-framework\src\traditional\proc\p18f25k50.asm
              SSPCON2bits   0x000fc5       data     extern E:\c18v3.46\pic18-lt\cxx-framework\src\traditional\proc\p18f25k50.asm
                  SSPCON3   0x000fcb       data     extern E:\c18v3.46\pic18-lt\cxx-framework\src\traditional\proc\p18f25k50.asm
              SSPCON3bits   0x000fcb       data     extern E:\c18v3.46\pic18-lt\cxx-framework\src\traditional\proc\p18f25k50.asm
               SSPCONbits   0x000fc6       data     extern E:\c18v3.46\pic18-lt\cxx-framework\src\traditional\proc\p18f25k50.asm
                   SSPMSK   0x000fca       data     extern E:\c18v3.46\pic18-lt\cxx-framework\src\traditional\proc\p18f25k50.asm
               SSPMSKbits   0x000fca       data     extern E:\c18v3.46\pic18-lt\cxx-framework\src\traditional\proc\p18f25k50.asm
                  SSPSTAT   0x000fc7       data     extern E:\c18v3.46\pic18-lt\cxx-framework\src\traditional\proc\p18f25k50.asm
              SSPSTATbits   0x000fc7       data     extern E:\c18v3.46\pic18-lt\cxx-framework\src\traditional\proc\p18f25k50.asm
                   STATUS   0x000fd8       data     extern E:\c18v3.46\pic18-lt\cxx-framework\src\traditional\proc\p18f25k50.asm
               STATUSbits   0x000fd8       data     extern E:\c18v3.46\pic18-lt\cxx-framework\src\traditional\proc\p18f25k50.asm
                    STCON   0x000fb5       data     extern E:\c18v3.46\pic18-lt\cxx-framework\src\traditional\proc\p18f25k50.asm
                STCONbits   0x000fb5       data     extern E:\c18v3.46\pic18-lt\cxx-framework\src\traditional\proc\p18f25k50.asm
                   STKPTR   0x000ffc       data     extern E:\c18v3.46\pic18-lt\cxx-framework\src\traditional\proc\p18f25k50.asm
               STKPTRbits   0x000ffc       data     extern E:\c18v3.46\pic18-lt\cxx-framework\src\traditional\proc\p18f25k50.asm
                 SetupPkt   0x000430       data     extern D:\JP\5w5s Phase II\microchip_solutions_v2013-06-15\Microchip\USB\usb_device.c
                    T0CON   0x000fd5       data     extern E:\c18v3.46\pic18-lt\cxx-framework\src\traditional\proc\p18f25k50.asm
                T0CONbits   0x000fd5       data     extern E:\c18v3.46\pic18-lt\cxx-framework\src\traditional\proc\p18f25k50.asm
                    T1CON   0x000fcd       data     extern E:\c18v3.46\pic18-lt\cxx-framework\src\traditional\proc\p18f25k50.asm
                T1CONbits   0x000fcd       data     extern E:\c18v3.46\pic18-lt\cxx-framework\src\traditional\proc\p18f25k50.asm
                   T1GCON   0x000fcc       data     extern E:\c18v3.46\pic18-lt\cxx-framework\src\traditional\proc\p18f25k50.asm
               T1GCONbits   0x000fcc       data     extern E:\c18v3.46\pic18-lt\cxx-framework\src\traditional\proc\p18f25k50.asm
                    T2CON   0x000fba       data     extern E:\c18v3.46\pic18-lt\cxx-framework\src\traditional\proc\p18f25k50.asm
                T2CONbits   0x000fba       data     extern E:\c18v3.46\pic18-lt\cxx-framework\src\traditional\proc\p18f25k50.asm
                    T3CON   0x000fb1       data     extern E:\c18v3.46\pic18-lt\cxx-framework\src\traditional\proc\p18f25k50.asm
                T3CONbits   0x000fb1       data     extern E:\c18v3.46\pic18-lt\cxx-framework\src\traditional\proc\p18f25k50.asm
                   T3GCON   0x000fb4       data     extern E:\c18v3.46\pic18-lt\cxx-framework\src\traditional\proc\p18f25k50.asm
               T3GCONbits   0x000fb4       data     extern E:\c18v3.46\pic18-lt\cxx-framework\src\traditional\proc\p18f25k50.asm
                   TABLAT   0x000ff5       data     extern E:\c18v3.46\pic18-lt\cxx-framework\src\traditional\proc\p18f25k50.asm
                   TBLPTR   0x000ff6       data     extern E:\c18v3.46\pic18-lt\cxx-framework\src\traditional\proc\p18f25k50.asm
                  TBLPTRH   0x000ff7       data     extern E:\c18v3.46\pic18-lt\cxx-framework\src\traditional\proc\p18f25k50.asm
                  TBLPTRL   0x000ff6       data     extern E:\c18v3.46\pic18-lt\cxx-framework\src\traditional\proc\p18f25k50.asm
                  TBLPTRU   0x000ff8       data     extern E:\c18v3.46\pic18-lt\cxx-framework\src\traditional\proc\p18f25k50.asm
                    TMR0H   0x000fd7       data     extern E:\c18v3.46\pic18-lt\cxx-framework\src\traditional\proc\p18f25k50.asm
                    TMR0L   0x000fd6       data     extern E:\c18v3.46\pic18-lt\cxx-framework\src\traditional\proc\p18f25k50.asm
                    TMR1H   0x000fcf       data     extern E:\c18v3.46\pic18-lt\cxx-framework\src\traditional\proc\p18f25k50.asm
                    TMR1L   0x000fce       data     extern E:\c18v3.46\pic18-lt\cxx-framework\src\traditional\proc\p18f25k50.asm
                     TMR2   0x000fbc       data     extern E:\c18v3.46\pic18-lt\cxx-framework\src\traditional\proc\p18f25k50.asm
                    TMR3H   0x000fb3       data     extern E:\c18v3.46\pic18-lt\cxx-framework\src\traditional\proc\p18f25k50.asm
                    TMR3L   0x000fb2       data     extern E:\c18v3.46\pic18-lt\cxx-framework\src\traditional\proc\p18f25k50.asm
                      TOS   0x000ffd       data     extern E:\c18v3.46\pic18-lt\cxx-framework\src\traditional\proc\p18f25k50.asm
                     TOSH   0x000ffe       data     extern E:\c18v3.46\pic18-lt\cxx-framework\src\traditional\proc\p18f25k50.asm
                     TOSL   0x000ffd       data     extern E:\c18v3.46\pic18-lt\cxx-framework\src\traditional\proc\p18f25k50.asm
                     TOSU   0x000fff       data     extern E:\c18v3.46\pic18-lt\cxx-framework\src\traditional\proc\p18f25k50.asm
                    TRISA   0x000f92       data     extern E:\c18v3.46\pic18-lt\cxx-framework\src\traditional\proc\p18f25k50.asm
                TRISAbits   0x000f92       data     extern E:\c18v3.46\pic18-lt\cxx-framework\src\traditional\proc\p18f25k50.asm
                    TRISB   0x000f93       data     extern E:\c18v3.46\pic18-lt\cxx-framework\src\traditional\proc\p18f25k50.asm
                TRISBbits   0x000f93       data     extern E:\c18v3.46\pic18-lt\cxx-framework\src\traditional\proc\p18f25k50.asm
                    TRISC   0x000f94       data     extern E:\c18v3.46\pic18-lt\cxx-framework\src\traditional\proc\p18f25k50.asm
                TRISCbits   0x000f94       data     extern E:\c18v3.46\pic18-lt\cxx-framework\src\traditional\proc\p18f25k50.asm
                    TXREG   0x000fad       data     extern E:\c18v3.46\pic18-lt\cxx-framework\src\traditional\proc\p18f25k50.asm
                   TXREG1   0x000fad       data     extern E:\c18v3.46\pic18-lt\cxx-framework\src\traditional\proc\p18f25k50.asm
                    TXSTA   0x000fac       data     extern E:\c18v3.46\pic18-lt\cxx-framework\src\traditional\proc\p18f25k50.asm
                   TXSTA1   0x000fac       data     extern E:\c18v3.46\pic18-lt\cxx-framework\src\traditional\proc\p18f25k50.asm
               TXSTA1bits   0x000fac       data     extern E:\c18v3.46\pic18-lt\cxx-framework\src\traditional\proc\p18f25k50.asm
                TXSTAbits   0x000fac       data     extern E:\c18v3.46\pic18-lt\cxx-framework\src\traditional\proc\p18f25k50.asm
                    UADDR   0x000f63       data     extern E:\c18v3.46\pic18-lt\cxx-framework\src\traditional\proc\p18f25k50.asm
                UADDRbits   0x000f63       data     extern E:\c18v3.46\pic18-lt\cxx-framework\src\traditional\proc\p18f25k50.asm
                     UCFG   0x000f62       data     extern E:\c18v3.46\pic18-lt\cxx-framework\src\traditional\proc\p18f25k50.asm
                 UCFGbits   0x000f62       data     extern E:\c18v3.46\pic18-lt\cxx-framework\src\traditional\proc\p18f25k50.asm
                     UCON   0x000f60       data     extern E:\c18v3.46\pic18-lt\cxx-framework\src\traditional\proc\p18f25k50.asm
                 UCONbits   0x000f60       data     extern E:\c18v3.46\pic18-lt\cxx-framework\src\traditional\proc\p18f25k50.asm
                     UEIE   0x000f66       data     extern E:\c18v3.46\pic18-lt\cxx-framework\src\traditional\proc\p18f25k50.asm
                 UEIEbits   0x000f66       data     extern E:\c18v3.46\pic18-lt\cxx-framework\src\traditional\proc\p18f25k50.asm
                     UEIR   0x000f67       data     extern E:\c18v3.46\pic18-lt\cxx-framework\src\traditional\proc\p18f25k50.asm
                 UEIRbits   0x000f67       data     extern E:\c18v3.46\pic18-lt\cxx-framework\src\traditional\proc\p18f25k50.asm
                     UEP0   0x000f6a       data     extern E:\c18v3.46\pic18-lt\cxx-framework\src\traditional\proc\p18f25k50.asm
                 UEP0bits   0x000f6a       data     extern E:\c18v3.46\pic18-lt\cxx-framework\src\traditional\proc\p18f25k50.asm
                     UEP1   0x000f6b       data     extern E:\c18v3.46\pic18-lt\cxx-framework\src\traditional\proc\p18f25k50.asm
                    UEP10   0x000f74       data     extern E:\c18v3.46\pic18-lt\cxx-framework\src\traditional\proc\p18f25k50.asm
                UEP10bits   0x000f74       data     extern E:\c18v3.46\pic18-lt\cxx-framework\src\traditional\proc\p18f25k50.asm
                    UEP11   0x000f75       data     extern E:\c18v3.46\pic18-lt\cxx-framework\src\traditional\proc\p18f25k50.asm
                UEP11bits   0x000f75       data     extern E:\c18v3.46\pic18-lt\cxx-framework\src\traditional\proc\p18f25k50.asm
                    UEP12   0x000f76       data     extern E:\c18v3.46\pic18-lt\cxx-framework\src\traditional\proc\p18f25k50.asm
                UEP12bits   0x000f76       data     extern E:\c18v3.46\pic18-lt\cxx-framework\src\traditional\proc\p18f25k50.asm
                    UEP13   0x000f77       data     extern E:\c18v3.46\pic18-lt\cxx-framework\src\traditional\proc\p18f25k50.asm
                UEP13bits   0x000f77       data     extern E:\c18v3.46\pic18-lt\cxx-framework\src\traditional\proc\p18f25k50.asm
                    UEP14   0x000f78       data     extern E:\c18v3.46\pic18-lt\cxx-framework\src\traditional\proc\p18f25k50.asm
                UEP14bits   0x000f78       data     extern E:\c18v3.46\pic18-lt\cxx-framework\src\traditional\proc\p18f25k50.asm
                    UEP15   0x000f79       data     extern E:\c18v3.46\pic18-lt\cxx-framework\src\traditional\proc\p18f25k50.asm
                UEP15bits   0x000f79       data     extern E:\c18v3.46\pic18-lt\cxx-framework\src\traditional\proc\p18f25k50.asm
                 UEP1bits   0x000f6b       data     extern E:\c18v3.46\pic18-lt\cxx-framework\src\traditional\proc\p18f25k50.asm
                     UEP2   0x000f6c       data     extern E:\c18v3.46\pic18-lt\cxx-framework\src\traditional\proc\p18f25k50.asm
                 UEP2bits   0x000f6c       data     extern E:\c18v3.46\pic18-lt\cxx-framework\src\traditional\proc\p18f25k50.asm
                     UEP3   0x000f6d       data     extern E:\c18v3.46\pic18-lt\cxx-framework\src\traditional\proc\p18f25k50.asm
                 UEP3bits   0x000f6d       data     extern E:\c18v3.46\pic18-lt\cxx-framework\src\traditional\proc\p18f25k50.asm
                     UEP4   0x000f6e       data     extern E:\c18v3.46\pic18-lt\cxx-framework\src\traditional\proc\p18f25k50.asm
                 UEP4bits   0x000f6e       data     extern E:\c18v3.46\pic18-lt\cxx-framework\src\traditional\proc\p18f25k50.asm
                     UEP5   0x000f6f       data     extern E:\c18v3.46\pic18-lt\cxx-framework\src\traditional\proc\p18f25k50.asm
                 UEP5bits   0x000f6f       data     extern E:\c18v3.46\pic18-lt\cxx-framework\src\traditional\proc\p18f25k50.asm
                     UEP6   0x000f70       data     extern E:\c18v3.46\pic18-lt\cxx-framework\src\traditional\proc\p18f25k50.asm
                 UEP6bits   0x000f70       data     extern E:\c18v3.46\pic18-lt\cxx-framework\src\traditional\proc\p18f25k50.asm
                     UEP7   0x000f71       data     extern E:\c18v3.46\pic18-lt\cxx-framework\src\traditional\proc\p18f25k50.asm
                 UEP7bits   0x000f71       data     extern E:\c18v3.46\pic18-lt\cxx-framework\src\traditional\proc\p18f25k50.asm
                     UEP8   0x000f72       data     extern E:\c18v3.46\pic18-lt\cxx-framework\src\traditional\proc\p18f25k50.asm
                 UEP8bits   0x000f72       data     extern E:\c18v3.46\pic18-lt\cxx-framework\src\traditional\proc\p18f25k50.asm
                     UEP9   0x000f73       data     extern E:\c18v3.46\pic18-lt\cxx-framework\src\traditional\proc\p18f25k50.asm
                 UEP9bits   0x000f73       data     extern E:\c18v3.46\pic18-lt\cxx-framework\src\traditional\proc\p18f25k50.asm
                     UFRM   0x000f68       data     extern E:\c18v3.46\pic18-lt\cxx-framework\src\traditional\proc\p18f25k50.asm
                    UFRMH   0x000f69       data     extern E:\c18v3.46\pic18-lt\cxx-framework\src\traditional\proc\p18f25k50.asm
                UFRMHbits   0x000f69       data     extern E:\c18v3.46\pic18-lt\cxx-framework\src\traditional\proc\p18f25k50.asm
                    UFRML   0x000f68       data     extern E:\c18v3.46\pic18-lt\cxx-framework\src\traditional\proc\p18f25k50.asm
                UFRMLbits   0x000f68       data     extern E:\c18v3.46\pic18-lt\cxx-framework\src\traditional\proc\p18f25k50.asm
                      UIE   0x000f64       data     extern E:\c18v3.46\pic18-lt\cxx-framework\src\traditional\proc\p18f25k50.asm
                  UIEbits   0x000f64       data     extern E:\c18v3.46\pic18-lt\cxx-framework\src\traditional\proc\p18f25k50.asm
                      UIR   0x000f65       data     extern E:\c18v3.46\pic18-lt\cxx-framework\src\traditional\proc\p18f25k50.asm
                  UIRbits   0x000f65       data     extern E:\c18v3.46\pic18-lt\cxx-framework\src\traditional\proc\p18f25k50.asm
   USBActiveConfiguration   0x000592       data     extern D:\JP\5w5s Phase II\microchip_solutions_v2013-06-15\Microchip\USB\usb_device.c
    USBAlternateInterface   0x000593       data     extern D:\JP\5w5s Phase II\microchip_solutions_v2013-06-15\Microchip\USB\usb_device.c
        USBBusIsSuspended   0x0005b6       data     extern D:\JP\5w5s Phase II\microchip_solutions_v2013-06-15\Microchip\USB\usb_device.c
USBDeferINDataStagePackets   0x0005c4       data     extern D:\JP\5w5s Phase II\microchip_solutions_v2013-06-15\Microchip\USB\usb_device.c
USBDeferOUTDataStagePackets   0x0005c5       data     extern D:\JP\5w5s Phase II\microchip_solutions_v2013-06-15\Microchip\USB\usb_device.c
USBDeferStatusStagePacket   0x0005c1       data     extern D:\JP\5w5s Phase II\microchip_solutions_v2013-06-15\Microchip\USB\usb_device.c
           USBDeviceState   0x000591       data     extern D:\JP\5w5s Phase II\microchip_solutions_v2013-06-15\Microchip\USB\usb_device.c
USBStatusStageEnabledFlag1   0x0005c2       data     extern D:\JP\5w5s Phase II\microchip_solutions_v2013-06-15\Microchip\USB\usb_device.c
USBStatusStageEnabledFlag2   0x0005c3       data     extern D:\JP\5w5s Phase II\microchip_solutions_v2013-06-15\Microchip\USB\usb_device.c
USBStatusStageTimeoutCounter   0x0005c0       data     extern D:\JP\5w5s Phase II\microchip_solutions_v2013-06-15\Microchip\USB\usb_device.c
            USB_In_Buffer   0x000060       data     extern D:\JP\5w5s Phase II\microchip_solutions_v2013-06-15\USB\Device - CDC - Basic Demo\Firmware\main.c
           USB_Out_Buffer   0x0000a0       data     extern D:\JP\5w5s Phase II\microchip_solutions_v2013-06-15\USB\Device - CDC - Basic Demo\Firmware\main.c
                    USTAT   0x000f61       data     extern E:\c18v3.46\pic18-lt\cxx-framework\src\traditional\proc\p18f25k50.asm
                USTATbits   0x000f61       data     extern E:\c18v3.46\pic18-lt\cxx-framework\src\traditional\proc\p18f25k50.asm
                USTATcopy   0x0005b7       data     extern D:\JP\5w5s Phase II\microchip_solutions_v2013-06-15\Microchip\USB\usb_device.c
                 VREFCON0   0x000f7d       data     extern E:\c18v3.46\pic18-lt\cxx-framework\src\traditional\proc\p18f25k50.asm
             VREFCON0bits   0x000f7d       data     extern E:\c18v3.46\pic18-lt\cxx-framework\src\traditional\proc\p18f25k50.asm
                 VREFCON1   0x000f7c       data     extern E:\c18v3.46\pic18-lt\cxx-framework\src\traditional\proc\p18f25k50.asm
             VREFCON1bits   0x000f7c       data     extern E:\c18v3.46\pic18-lt\cxx-framework\src\traditional\proc\p18f25k50.asm
                 VREFCON2   0x000f7b       data     extern E:\c18v3.46\pic18-lt\cxx-framework\src\traditional\proc\p18f25k50.asm
             VREFCON2bits   0x000f7b       data     extern E:\c18v3.46\pic18-lt\cxx-framework\src\traditional\proc\p18f25k50.asm
                  VREGCON   0x000f5a       data     extern E:\c18v3.46\pic18-lt\cxx-framework\src\traditional\proc\p18f25k50.asm
              VREGCONbits   0x000f5a       data     extern E:\c18v3.46\pic18-lt\cxx-framework\src\traditional\proc\p18f25k50.asm
                   WDTCON   0x000fd1       data     extern E:\c18v3.46\pic18-lt\cxx-framework\src\traditional\proc\p18f25k50.asm
               WDTCONbits   0x000fd1       data     extern E:\c18v3.46\pic18-lt\cxx-framework\src\traditional\proc\p18f25k50.asm
                     WPUB   0x000f85       data     extern E:\c18v3.46\pic18-lt\cxx-framework\src\traditional\proc\p18f25k50.asm
                 WPUBbits   0x000f85       data     extern E:\c18v3.46\pic18-lt\cxx-framework\src\traditional\proc\p18f25k50.asm
                     WREG   0x000fe8       data     extern E:\c18v3.46\pic18-lt\cxx-framework\src\traditional\proc\p18f25k50.asm
                 __AARGB0   0x000007       data     extern E:\c18v3.46\pic18-lt\cxx-framework\src\traditional\math\aarg.asm
                 __AARGB1   0x000006       data     extern E:\c18v3.46\pic18-lt\cxx-framework\src\traditional\math\aarg.asm
                 __AARGB2   0x000005       data     extern E:\c18v3.46\pic18-lt\cxx-framework\src\traditional\math\aarg.asm
                 __AARGB3   0x000004       data     extern E:\c18v3.46\pic18-lt\cxx-framework\src\traditional\math\aarg.asm
                 __AARGB4   0x000003       data     extern E:\c18v3.46\pic18-lt\cxx-framework\src\traditional\math\aarg.asm
                 __AARGB5   0x000002       data     extern E:\c18v3.46\pic18-lt\cxx-framework\src\traditional\math\aarg.asm
                 __AARGB6   0x000001       data     extern E:\c18v3.46\pic18-lt\cxx-framework\src\traditional\math\aarg.asm
                 __AARGB7   0x000000       data     extern E:\c18v3.46\pic18-lt\cxx-framework\src\traditional\math\aarg.asm
                   __AEXP   0x000008       data     extern E:\c18v3.46\pic18-lt\cxx-framework\src\traditional\math\aarg.asm
                __FPFLAGS   0x00000a       data     extern E:\c18v3.46\pic18-lt\cxx-framework\src\traditional\math\cmath18.asm
            __FPFLAGSbits   0x00000a       data     extern E:\c18v3.46\pic18-lt\cxx-framework\src\traditional\math\cmath18.asm
                  __REMB0   0x000003       data     extern E:\c18v3.46\pic18-lt\cxx-framework\src\traditional\math\aarg.asm
                  __REMB1   0x000002       data     extern E:\c18v3.46\pic18-lt\cxx-framework\src\traditional\math\aarg.asm
                  __REMB2   0x000001       data     extern E:\c18v3.46\pic18-lt\cxx-framework\src\traditional\math\aarg.asm
                  __REMB3   0x000000       data     extern E:\c18v3.46\pic18-lt\cxx-framework\src\traditional\math\aarg.asm
                  __tmp_0   0x00000b       data     static D:\JP\5w5s Phase II\microchip_solutions_v2013-06-15\Microchip\USB\usb_device.c
                  __tmp_0   0x00000b       data     static D:\JP\5w5s Phase II\microchip_solutions_v2013-06-15\Microchip\USB\CDC Device Driver\usb_function_cdc.c
              buttonCount   0x0000e2       data     extern D:\JP\5w5s Phase II\microchip_solutions_v2013-06-15\USB\Device - CDC - Basic Demo\Firmware\main.c
            buttonPressed   0x0000e1       data     extern D:\JP\5w5s Phase II\microchip_solutions_v2013-06-15\USB\Device - CDC - Basic Demo\Firmware\main.c
              cdc_data_rx   0x000540       data     extern D:\JP\5w5s Phase II\microchip_solutions_v2013-06-15\Microchip\USB\CDC Device Driver\usb_function_cdc.c
              cdc_data_tx   0x000500       data     extern D:\JP\5w5s Phase II\microchip_solutions_v2013-06-15\Microchip\USB\CDC Device Driver\usb_function_cdc.c
             cdc_mem_type   0x0000ec       data     extern D:\JP\5w5s Phase II\microchip_solutions_v2013-06-15\Microchip\USB\CDC Device Driver\usb_function_cdc.c
               cdc_notice   0x000587       data     extern D:\JP\5w5s Phase II\microchip_solutions_v2013-06-15\Microchip\USB\CDC Device Driver\usb_function_cdc.c
               cdc_rx_len   0x0000e5       data     extern D:\JP\5w5s Phase II\microchip_solutions_v2013-06-15\Microchip\USB\CDC Device Driver\usb_function_cdc.c
            cdc_trf_state   0x0000e6       data     extern D:\JP\5w5s Phase II\microchip_solutions_v2013-06-15\Microchip\USB\CDC Device Driver\usb_function_cdc.c
               cdc_tx_len   0x0000eb       data     extern D:\JP\5w5s Phase II\microchip_solutions_v2013-06-15\Microchip\USB\CDC Device Driver\usb_function_cdc.c
     controlTransferState   0x0005a6       data     extern D:\JP\5w5s Phase II\microchip_solutions_v2013-06-15\Microchip\USB\usb_device.c
    control_signal_bitmap   0x0000f1       data     extern D:\JP\5w5s Phase II\microchip_solutions_v2013-06-15\Microchip\USB\CDC Device Driver\usb_function_cdc.c
                curr_byte   0x0005c9       data     static E:\c18v3.46\pic18-lt\cxx-framework\src\traditional\startup\c018i.c
               curr_entry   0x0005cb       data     static E:\c18v3.46\pic18-lt\cxx-framework\src\traditional\startup\c018i.c
                 data_ptr   0x0005cd       data     static E:\c18v3.46\pic18-lt\cxx-framework\src\traditional\startup\c018i.c
              delay_count   0x0000e3       data     static D:\JP\5w5s Phase II\microchip_solutions_v2013-06-15\USB\Device - CDC - Basic Demo\Firmware\main.c
dummy_encapsulated_cmd_response   0x0000f6       data     extern D:\JP\5w5s Phase II\microchip_solutions_v2013-06-15\Microchip\USB\CDC Device Driver\usb_function_cdc.c
          endpoint_number   0x0005b8       data     extern D:\JP\5w5s Phase II\microchip_solutions_v2013-06-15\Microchip\USB\usb_device.c
               ep_data_in   0x0005ba       data     extern D:\JP\5w5s Phase II\microchip_solutions_v2013-06-15\Microchip\USB\usb_device.c
              ep_data_out   0x0005bd       data     extern D:\JP\5w5s Phase II\microchip_solutions_v2013-06-15\Microchip\USB\usb_device.c
                  inPipes   0x0005a7       data     extern D:\JP\5w5s Phase II\microchip_solutions_v2013-06-15\Microchip\USB\usb_device.c
                led_count   0x0000fe       data     static D:\JP\5w5s Phase II\microchip_solutions_v2013-06-15\USB\Device - CDC - Basic Demo\Firmware\main.c
              line_coding   0x000580       data     extern D:\JP\5w5s Phase II\microchip_solutions_v2013-06-15\Microchip\USB\CDC Device Driver\usb_function_cdc.c
                 outPipes   0x0005ac       data     extern D:\JP\5w5s Phase II\microchip_solutions_v2013-06-15\Microchip\USB\usb_device.c
   pBDTEntryEP0OutCurrent   0x000595       data     extern D:\JP\5w5s Phase II\microchip_solutions_v2013-06-15\Microchip\USB\usb_device.c
      pBDTEntryEP0OutNext   0x000597       data     extern D:\JP\5w5s Phase II\microchip_solutions_v2013-06-15\Microchip\USB\usb_device.c
              pBDTEntryIn   0x00059f       data     extern D:\JP\5w5s Phase II\microchip_solutions_v2013-06-15\Microchip\USB\usb_device.c
             pBDTEntryOut   0x000599       data     extern D:\JP\5w5s Phase II\microchip_solutions_v2013-06-15\Microchip\USB\usb_device.c
                  pCDCDst   0x0000e9       data     extern D:\JP\5w5s Phase II\microchip_solutions_v2013-06-15\Microchip\USB\CDC Device Driver\usb_function_cdc.c
                  pCDCSrc   0x0000e7       data     extern D:\JP\5w5s Phase II\microchip_solutions_v2013-06-15\Microchip\USB\CDC Device Driver\usb_function_cdc.c
                     pDst   0x0005b3       data     extern D:\JP\5w5s Phase II\microchip_solutions_v2013-06-15\Microchip\USB\usb_device.c
                     prom   0x0005c6       data     static E:\c18v3.46\pic18-lt\cxx-framework\src\traditional\startup\c018i.c
        shortPacketStatus   0x0005a5       data     extern D:\JP\5w5s Phase II\microchip_solutions_v2013-06-15\Microchip\USB\usb_device.c
            stringPrinted   0x0000e0       data     extern D:\JP\5w5s Phase II\microchip_solutions_v2013-06-15\USB\Device - CDC - Basic Demo\Firmware\main.c



                              Symbols - Sorted by Address
                     Name    Address   Location    Storage File                     
                ---------  ---------  ---------  --------- ---------                
                   _entry   0x000000    program     extern E:\c18v3.46\pic18-lt\cxx-framework\src\traditional\startup\c018i.c
       ___return_lbl00000   0x000004    program     static                          
                   __init   0x000006    program     extern E:\c18v3.46\pic18-lt\cxx-framework\src\traditional\stdclib\__init.c
                 High_ISR   0x000008    program     extern D:\JP\5w5s Phase II\microchip_solutions_v2013-06-15\USB\Device - CDC - Basic Demo\Firmware\main.c
       ___return_lbl00000   0x00000c    program     static                          
                  Low_ISR   0x000018    program     extern D:\JP\5w5s Phase II\microchip_solutions_v2013-06-15\USB\Device - CDC - Basic Demo\Firmware\main.c
       ___return_lbl00001   0x00001c    program     static                          
       USBCheckCDCRequest   0x00002c    program     extern D:\JP\5w5s Phase II\microchip_solutions_v2013-06-15\Microchip\USB\CDC Device Driver\usb_function_cdc.c
                CDCInitEP   0x0000ce    program     extern D:\JP\5w5s Phase II\microchip_solutions_v2013-06-15\Microchip\USB\CDC Device Driver\usb_function_cdc.c
       USBCDCEventHandler   0x000136    program     extern D:\JP\5w5s Phase II\microchip_solutions_v2013-06-15\Microchip\USB\CDC Device Driver\usb_function_cdc.c
             getsUSBUSART   0x0001c2    program     extern D:\JP\5w5s Phase II\microchip_solutions_v2013-06-15\Microchip\USB\CDC Device Driver\usb_function_cdc.c
              putUSBUSART   0x000284    program     extern D:\JP\5w5s Phase II\microchip_solutions_v2013-06-15\Microchip\USB\CDC Device Driver\usb_function_cdc.c
             putsUSBUSART   0x0002b6    program     extern D:\JP\5w5s Phase II\microchip_solutions_v2013-06-15\Microchip\USB\CDC Device Driver\usb_function_cdc.c
            putrsUSBUSART   0x000340    program     extern D:\JP\5w5s Phase II\microchip_solutions_v2013-06-15\Microchip\USB\CDC Device Driver\usb_function_cdc.c
             CDCTxService   0x0003cc    program     extern D:\JP\5w5s Phase II\microchip_solutions_v2013-06-15\Microchip\USB\CDC Device Driver\usb_function_cdc.c
  YourHighPriorityISRCode   0x000520    program     extern D:\JP\5w5s Phase II\microchip_solutions_v2013-06-15\USB\Device - CDC - Basic Demo\Firmware\main.c
   YourLowPriorityISRCode   0x0005b6    program     extern D:\JP\5w5s Phase II\microchip_solutions_v2013-06-15\USB\Device - CDC - Basic Demo\Firmware\main.c
                     main   0x0005dc    program     extern D:\JP\5w5s Phase II\microchip_solutions_v2013-06-15\USB\Device - CDC - Basic Demo\Firmware\main.c
         InitializeSystem   0x0005ee    program     static D:\JP\5w5s Phase II\microchip_solutions_v2013-06-15\USB\Device - CDC - Basic Demo\Firmware\main.c
                 UserInit   0x00061e    program     extern D:\JP\5w5s Phase II\microchip_solutions_v2013-06-15\USB\Device - CDC - Basic Demo\Firmware\main.c
                ProcessIO   0x000634    program     extern D:\JP\5w5s Phase II\microchip_solutions_v2013-06-15\USB\Device - CDC - Basic Demo\Firmware\main.c
           BlinkUSBStatus   0x00075c    program     extern D:\JP\5w5s Phase II\microchip_solutions_v2013-06-15\USB\Device - CDC - Basic Demo\Firmware\main.c
             USBCBSuspend   0x0007e8    program     extern D:\JP\5w5s Phase II\microchip_solutions_v2013-06-15\USB\Device - CDC - Basic Demo\Firmware\main.c
     USBCBWakeFromSuspend   0x0007ea    program     extern D:\JP\5w5s Phase II\microchip_solutions_v2013-06-15\USB\Device - CDC - Basic Demo\Firmware\main.c
        USBCB_SOF_Handler   0x0007ec    program     extern D:\JP\5w5s Phase II\microchip_solutions_v2013-06-15\USB\Device - CDC - Basic Demo\Firmware\main.c
        USBCBErrorHandler   0x00081c    program     extern D:\JP\5w5s Phase II\microchip_solutions_v2013-06-15\USB\Device - CDC - Basic Demo\Firmware\main.c
       USBCBCheckOtherReq   0x00081e    program     extern D:\JP\5w5s Phase II\microchip_solutions_v2013-06-15\USB\Device - CDC - Basic Demo\Firmware\main.c
    USBCBStdSetDscHandler   0x000822    program     extern D:\JP\5w5s Phase II\microchip_solutions_v2013-06-15\USB\Device - CDC - Basic Demo\Firmware\main.c
              USBCBInitEP   0x000824    program     extern D:\JP\5w5s Phase II\microchip_solutions_v2013-06-15\USB\Device - CDC - Basic Demo\Firmware\main.c
          USBCBSendResume   0x000828    program     extern D:\JP\5w5s Phase II\microchip_solutions_v2013-06-15\USB\Device - CDC - Basic Demo\Firmware\main.c
USER_USB_CALLBACK_EVENT_HANDLER   0x000870    program     extern D:\JP\5w5s Phase II\microchip_solutions_v2013-06-15\USB\Device - CDC - Basic Demo\Firmware\main.c
               device_dsc   0x00090e    program     extern D:\JP\5w5s Phase II\microchip_solutions_v2013-06-15\USB\Device - CDC - Basic Demo\Firmware\usb_descriptors.c
        configDescriptor1   0x000920    program     extern D:\JP\5w5s Phase II\microchip_solutions_v2013-06-15\USB\Device - CDC - Basic Demo\Firmware\usb_descriptors.c
                    sd000   0x000963    program     extern D:\JP\5w5s Phase II\microchip_solutions_v2013-06-15\USB\Device - CDC - Basic Demo\Firmware\usb_descriptors.c
                    sd001   0x000967    program     extern D:\JP\5w5s Phase II\microchip_solutions_v2013-06-15\USB\Device - CDC - Basic Demo\Firmware\usb_descriptors.c
                    sd002   0x00099b    program     extern D:\JP\5w5s Phase II\microchip_solutions_v2013-06-15\USB\Device - CDC - Basic Demo\Firmware\usb_descriptors.c
               USB_CD_Ptr   0x0009cf    program     extern D:\JP\5w5s Phase II\microchip_solutions_v2013-06-15\USB\Device - CDC - Basic Demo\Firmware\usb_descriptors.c
               USB_SD_Ptr   0x0009d1    program     extern D:\JP\5w5s Phase II\microchip_solutions_v2013-06-15\USB\Device - CDC - Basic Demo\Firmware\usb_descriptors.c
                _do_cinit   0x0009d8    program     extern E:\c18v3.46\pic18-lt\cxx-framework\src\traditional\startup\c018i.c
                     test   0x0009f2    program     static                          
                copy_loop   0x000a4a    program     static                          
            copy_one_byte   0x000a50    program     static                          
             done_copying   0x000a5e    program     static                          
       ___return_lbl00002   0x000a74    program     static                          
                     done   0x000a74    program     static                          
                   memset   0x000a76    program     extern E:\c18v3.46\pic18-lt\cxx-framework\src\traditional\stdclib\memset.asm
                    jLoop   0x000a8a    program     static E:\c18v3.46\pic18-lt\cxx-framework\src\traditional\stdclib\memset.asm
              _2jContinue   0x000a96    program     static E:\c18v3.46\pic18-lt\cxx-framework\src\traditional\stdclib\memset.asm
                   _3jEnd   0x000aa0    program     static E:\c18v3.46\pic18-lt\cxx-framework\src\traditional\stdclib\memset.asm
                     jEnd   0x000aa8    program     static E:\c18v3.46\pic18-lt\cxx-framework\src\traditional\stdclib\memset.asm
            __zero_memory   0x000aaa    program     extern E:\c18v3.46\pic18-lt\cxx-framework\src\traditional\proc\p18f25k50.asm
                   loop_h   0x000ab8    program     static E:\c18v3.46\pic18-lt\cxx-framework\src\traditional\proc\p18f25k50.asm
               zero_block   0x000ab8    program     static E:\c18v3.46\pic18-lt\cxx-framework\src\traditional\proc\p18f25k50.asm
                compare_l   0x000ac0    program     static E:\c18v3.46\pic18-lt\cxx-framework\src\traditional\proc\p18f25k50.asm
                   loop_l   0x000ac2    program     static E:\c18v3.46\pic18-lt\cxx-framework\src\traditional\proc\p18f25k50.asm
                 _startup   0x000aca    program     extern E:\c18v3.46\pic18-lt\cxx-framework\src\traditional\startup\c018i.c
                     loop   0x000ada    program     static                          
       ___return_lbl00001   0x000ae4    program     static                          
               __string_0   0x000ae6    program     static D:\JP\5w5s Phase II\microchip_solutions_v2013-06-15\USB\Device - CDC - Basic Demo\Firmware\main.c
                   _reset   0x001000    program     extern D:\JP\5w5s Phase II\microchip_solutions_v2013-06-15\USB\Device - CDC - Basic Demo\Firmware\main.c
       ___return_lbl00002   0x001004    program     static                          
     SignaturePlaceholder   0x001006    program     extern D:\JP\5w5s Phase II\microchip_solutions_v2013-06-15\USB\Device - CDC - Basic Demo\Firmware\main.c
        Remapped_High_ISR   0x001008    program     extern D:\JP\5w5s Phase II\microchip_solutions_v2013-06-15\USB\Device - CDC - Basic Demo\Firmware\main.c
       ___return_lbl00003   0x00100c    program     static                          
               AppVersion   0x001016    program     extern D:\JP\5w5s Phase II\microchip_solutions_v2013-06-15\USB\Device - CDC - Basic Demo\Firmware\main.c
         Remapped_Low_ISR   0x001018    program     extern D:\JP\5w5s Phase II\microchip_solutions_v2013-06-15\USB\Device - CDC - Basic Demo\Firmware\main.c
       ___return_lbl00004   0x00101c    program     static                          
            USBDeviceInit   0x00101e    program     extern D:\JP\5w5s Phase II\microchip_solutions_v2013-06-15\Microchip\USB\usb_device.c
[...]
                TXSTAbits   0x000fac       data     extern E:\c18v3.46\pic18-lt\cxx-framework\src\traditional\proc\p18f25k50.asm
               TXSTA1bits   0x000fac       data     extern E:\c18v3.46\pic18-lt\cxx-framework\src\traditional\proc\p18f25k50.asm
                   TXSTA1   0x000fac       data     extern E:\c18v3.46\pic18-lt\cxx-framework\src\traditional\proc\p18f25k50.asm
                    TXSTA   0x000fac       data     extern E:\c18v3.46\pic18-lt\cxx-framework\src\traditional\proc\p18f25k50.asm
                    TXREG   0x000fad       data     extern E:\c18v3.46\pic18-lt\cxx-framework\src\traditional\proc\p18f25k50.asm
                   TXREG1   0x000fad       data     extern E:\c18v3.46\pic18-lt\cxx-framework\src\traditional\proc\p18f25k50.asm
                    RCREG   0x000fae       data     extern E:\c18v3.46\pic18-lt\cxx-framework\src\traditional\proc\p18f25k50.asm
                   RCREG1   0x000fae       data     extern E:\c18v3.46\pic18-lt\cxx-framework\src\traditional\proc\p18f25k50.asm
                    SPBRG   0x000faf       data     extern E:\c18v3.46\pic18-lt\cxx-framework\src\traditional\proc\p18f25k50.asm
                   SPBRG1   0x000faf       data     extern E:\c18v3.46\pic18-lt\cxx-framework\src\traditional\proc\p18f25k50.asm
               SPBRG1bits   0x000faf       data     extern E:\c18v3.46\pic18-lt\cxx-framework\src\traditional\proc\p18f25k50.asm
                SPBRGbits   0x000faf       data     extern E:\c18v3.46\pic18-lt\cxx-framework\src\traditional\proc\p18f25k50.asm
                   SPBRGH   0x000fb0       data     extern E:\c18v3.46\pic18-lt\cxx-framework\src\traditional\proc\p18f25k50.asm
                  SPBRGH1   0x000fb0       data     extern E:\c18v3.46\pic18-lt\cxx-framework\src\traditional\proc\p18f25k50.asm
              SPBRGH1bits   0x000fb0       data     extern E:\c18v3.46\pic18-lt\cxx-framework\src\traditional\proc\p18f25k50.asm
               SPBRGHbits   0x000fb0       data     extern E:\c18v3.46\pic18-lt\cxx-framework\src\traditional\proc\p18f25k50.asm
                T3CONbits   0x000fb1       data     extern E:\c18v3.46\pic18-lt\cxx-framework\src\traditional\proc\p18f25k50.asm
                    T3CON   0x000fb1       data     extern E:\c18v3.46\pic18-lt\cxx-framework\src\traditional\proc\p18f25k50.asm
                    TMR3L   0x000fb2       data     extern E:\c18v3.46\pic18-lt\cxx-framework\src\traditional\proc\p18f25k50.asm
                    TMR3H   0x000fb3       data     extern E:\c18v3.46\pic18-lt\cxx-framework\src\traditional\proc\p18f25k50.asm
               T3GCONbits   0x000fb4       data     extern E:\c18v3.46\pic18-lt\cxx-framework\src\traditional\proc\p18f25k50.asm
                   T3GCON   0x000fb4       data     extern E:\c18v3.46\pic18-lt\cxx-framework\src\traditional\proc\p18f25k50.asm
                   ACTCON   0x000fb5       data     extern E:\c18v3.46\pic18-lt\cxx-framework\src\traditional\proc\p18f25k50.asm
               ACTCONbits   0x000fb5       data     extern E:\c18v3.46\pic18-lt\cxx-framework\src\traditional\proc\p18f25k50.asm
                STCONbits   0x000fb5       data     extern E:\c18v3.46\pic18-lt\cxx-framework\src\traditional\proc\p18f25k50.asm
                    STCON   0x000fb5       data     extern E:\c18v3.46\pic18-lt\cxx-framework\src\traditional\proc\p18f25k50.asm
                  ECCP1AS   0x000fb6       data     extern E:\c18v3.46\pic18-lt\cxx-framework\src\traditional\proc\p18f25k50.asm
              ECCP1ASbits   0x000fb6       data     extern E:\c18v3.46\pic18-lt\cxx-framework\src\traditional\proc\p18f25k50.asm
              PWM1CONbits   0x000fb7       data     extern E:\c18v3.46\pic18-lt\cxx-framework\src\traditional\proc\p18f25k50.asm
                  PWM1CON   0x000fb7       data     extern E:\c18v3.46\pic18-lt\cxx-framework\src\traditional\proc\p18f25k50.asm
             ECCP1DELbits   0x000fb7       data     extern E:\c18v3.46\pic18-lt\cxx-framework\src\traditional\proc\p18f25k50.asm
                 ECCP1DEL   0x000fb7       data     extern E:\c18v3.46\pic18-lt\cxx-framework\src\traditional\proc\p18f25k50.asm
                  BAUDCON   0x000fb8       data     extern E:\c18v3.46\pic18-lt\cxx-framework\src\traditional\proc\p18f25k50.asm
              BAUDCONbits   0x000fb8       data     extern E:\c18v3.46\pic18-lt\cxx-framework\src\traditional\proc\p18f25k50.asm
             BAUDCON1bits   0x000fb8       data     extern E:\c18v3.46\pic18-lt\cxx-framework\src\traditional\proc\p18f25k50.asm
                 BAUDCON1   0x000fb8       data     extern E:\c18v3.46\pic18-lt\cxx-framework\src\traditional\proc\p18f25k50.asm
                 PSTR1CON   0x000fb9       data     extern E:\c18v3.46\pic18-lt\cxx-framework\src\traditional\proc\p18f25k50.asm
             PSTR1CONbits   0x000fb9       data     extern E:\c18v3.46\pic18-lt\cxx-framework\src\traditional\proc\p18f25k50.asm
                T2CONbits   0x000fba       data     extern E:\c18v3.46\pic18-lt\cxx-framework\src\traditional\proc\p18f25k50.asm
                    T2CON   0x000fba       data     extern E:\c18v3.46\pic18-lt\cxx-framework\src\traditional\proc\p18f25k50.asm
                      PR2   0x000fbb       data     extern E:\c18v3.46\pic18-lt\cxx-framework\src\traditional\proc\p18f25k50.asm
                     TMR2   0x000fbc       data     extern E:\c18v3.46\pic18-lt\cxx-framework\src\traditional\proc\p18f25k50.asm
                  CCP1CON   0x000fbd       data     extern E:\c18v3.46\pic18-lt\cxx-framework\src\traditional\proc\p18f25k50.asm
                 ECCP1CON   0x000fbd       data     extern E:\c18v3.46\pic18-lt\cxx-framework\src\traditional\proc\p18f25k50.asm
              CCP1CONbits   0x000fbd       data     extern E:\c18v3.46\pic18-lt\cxx-framework\src\traditional\proc\p18f25k50.asm
             ECCP1CONbits   0x000fbd       data     extern E:\c18v3.46\pic18-lt\cxx-framework\src\traditional\proc\p18f25k50.asm
                    CCPR1   0x000fbe       data     extern E:\c18v3.46\pic18-lt\cxx-framework\src\traditional\proc\p18f25k50.asm
                   CCPR1L   0x000fbe       data     extern E:\c18v3.46\pic18-lt\cxx-framework\src\traditional\proc\p18f25k50.asm
                   CCPR1H   0x000fbf       data     extern E:\c18v3.46\pic18-lt\cxx-framework\src\traditional\proc\p18f25k50.asm
               ADCON2bits   0x000fc0       data     extern E:\c18v3.46\pic18-lt\cxx-framework\src\traditional\proc\p18f25k50.asm
                   ADCON2   0x000fc0       data     extern E:\c18v3.46\pic18-lt\cxx-framework\src\traditional\proc\p18f25k50.asm
               ADCON1bits   0x000fc1       data     extern E:\c18v3.46\pic18-lt\cxx-framework\src\traditional\proc\p18f25k50.asm
                   ADCON1   0x000fc1       data     extern E:\c18v3.46\pic18-lt\cxx-framework\src\traditional\proc\p18f25k50.asm
               ADCON0bits   0x000fc2       data     extern E:\c18v3.46\pic18-lt\cxx-framework\src\traditional\proc\p18f25k50.asm
                   ADCON0   0x000fc2       data     extern E:\c18v3.46\pic18-lt\cxx-framework\src\traditional\proc\p18f25k50.asm
                   ADRESL   0x000fc3       data     extern E:\c18v3.46\pic18-lt\cxx-framework\src\traditional\proc\p18f25k50.asm
                   ADRESH   0x000fc4       data     extern E:\c18v3.46\pic18-lt\cxx-framework\src\traditional\proc\p18f25k50.asm
                 SSP1CON2   0x000fc5       data     extern E:\c18v3.46\pic18-lt\cxx-framework\src\traditional\proc\p18f25k50.asm
             SSP1CON2bits   0x000fc5       data     extern E:\c18v3.46\pic18-lt\cxx-framework\src\traditional\proc\p18f25k50.asm
              SSPCON2bits   0x000fc5       data     extern E:\c18v3.46\pic18-lt\cxx-framework\src\traditional\proc\p18f25k50.asm
                  SSPCON2   0x000fc5       data     extern E:\c18v3.46\pic18-lt\cxx-framework\src\traditional\proc\p18f25k50.asm
                   SSPCON   0x000fc6       data     extern E:\c18v3.46\pic18-lt\cxx-framework\src\traditional\proc\p18f25k50.asm
               SSPCONbits   0x000fc6       data     extern E:\c18v3.46\pic18-lt\cxx-framework\src\traditional\proc\p18f25k50.asm
                  SSP1CON   0x000fc6       data     extern E:\c18v3.46\pic18-lt\cxx-framework\src\traditional\proc\p18f25k50.asm
                 SSP1CON1   0x000fc6       data     extern E:\c18v3.46\pic18-lt\cxx-framework\src\traditional\proc\p18f25k50.asm
             SSP1CON1bits   0x000fc6       data     extern E:\c18v3.46\pic18-lt\cxx-framework\src\traditional\proc\p18f25k50.asm
              SSP1CONbits   0x000fc6       data     extern E:\c18v3.46\pic18-lt\cxx-framework\src\traditional\proc\p18f25k50.asm
              SSPSTATbits   0x000fc7       data     extern E:\c18v3.46\pic18-lt\cxx-framework\src\traditional\proc\p18f25k50.asm
                  SSPSTAT   0x000fc7       data     extern E:\c18v3.46\pic18-lt\cxx-framework\src\traditional\proc\p18f25k50.asm
                 SSP1STAT   0x000fc7       data     extern E:\c18v3.46\pic18-lt\cxx-framework\src\traditional\proc\p18f25k50.asm
             SSP1STATbits   0x000fc7       data     extern E:\c18v3.46\pic18-lt\cxx-framework\src\traditional\proc\p18f25k50.asm
               SSPADDbits   0x000fc8       data     extern E:\c18v3.46\pic18-lt\cxx-framework\src\traditional\proc\p18f25k50.asm
              SSP1ADDbits   0x000fc8       data     extern E:\c18v3.46\pic18-lt\cxx-framework\src\traditional\proc\p18f25k50.asm
                  SSP1ADD   0x000fc8       data     extern E:\c18v3.46\pic18-lt\cxx-framework\src\traditional\proc\p18f25k50.asm
                   SSPADD   0x000fc8       data     extern E:\c18v3.46\pic18-lt\cxx-framework\src\traditional\proc\p18f25k50.asm
                   SSPBUF   0x000fc9       data     extern E:\c18v3.46\pic18-lt\cxx-framework\src\traditional\proc\p18f25k50.asm
                  SSP1BUF   0x000fc9       data     extern E:\c18v3.46\pic18-lt\cxx-framework\src\traditional\proc\p18f25k50.asm
                  SSP1MSK   0x000fca       data     extern E:\c18v3.46\pic18-lt\cxx-framework\src\traditional\proc\p18f25k50.asm
              SSP1MSKbits   0x000fca       data     extern E:\c18v3.46\pic18-lt\cxx-framework\src\traditional\proc\p18f25k50.asm
               SSPMSKbits   0x000fca       data     extern E:\c18v3.46\pic18-lt\cxx-framework\src\traditional\proc\p18f25k50.asm
                   SSPMSK   0x000fca       data     extern E:\c18v3.46\pic18-lt\cxx-framework\src\traditional\proc\p18f25k50.asm
              SSPCON3bits   0x000fcb       data     extern E:\c18v3.46\pic18-lt\cxx-framework\src\traditional\proc\p18f25k50.asm
                  SSPCON3   0x000fcb       data     extern E:\c18v3.46\pic18-lt\cxx-framework\src\traditional\proc\p18f25k50.asm
             SSP1CON3bits   0x000fcb       data     extern E:\c18v3.46\pic18-lt\cxx-framework\src\traditional\proc\p18f25k50.asm
                 SSP1CON3   0x000fcb       data     extern E:\c18v3.46\pic18-lt\cxx-framework\src\traditional\proc\p18f25k50.asm
               T1GCONbits   0x000fcc       data     extern E:\c18v3.46\pic18-lt\cxx-framework\src\traditional\proc\p18f25k50.asm
                   T1GCON   0x000fcc       data     extern E:\c18v3.46\pic18-lt\cxx-framework\src\traditional\proc\p18f25k50.asm
                T1CONbits   0x000fcd       data     extern E:\c18v3.46\pic18-lt\cxx-framework\src\traditional\proc\p18f25k50.asm
                    T1CON   0x000fcd       data     extern E:\c18v3.46\pic18-lt\cxx-framework\src\traditional\proc\p18f25k50.asm
                    TMR1L   0x000fce       data     extern E:\c18v3.46\pic18-lt\cxx-framework\src\traditional\proc\p18f25k50.asm
                    TMR1H   0x000fcf       data     extern E:\c18v3.46\pic18-lt\cxx-framework\src\traditional\proc\p18f25k50.asm
                     RCON   0x000fd0       data     extern E:\c18v3.46\pic18-lt\cxx-framework\src\traditional\proc\p18f25k50.asm
                 RCONbits   0x000fd0       data     extern E:\c18v3.46\pic18-lt\cxx-framework\src\traditional\proc\p18f25k50.asm
                   WDTCON   0x000fd1       data     extern E:\c18v3.46\pic18-lt\cxx-framework\src\traditional\proc\p18f25k50.asm
               WDTCONbits   0x000fd1       data     extern E:\c18v3.46\pic18-lt\cxx-framework\src\traditional\proc\p18f25k50.asm
                  OSCCON2   0x000fd2       data     extern E:\c18v3.46\pic18-lt\cxx-framework\src\traditional\proc\p18f25k50.asm
              OSCCON2bits   0x000fd2       data     extern E:\c18v3.46\pic18-lt\cxx-framework\src\traditional\proc\p18f25k50.asm
               OSCCONbits   0x000fd3       data     extern E:\c18v3.46\pic18-lt\cxx-framework\src\traditional\proc\p18f25k50.asm
                   OSCCON   0x000fd3       data     extern E:\c18v3.46\pic18-lt\cxx-framework\src\traditional\proc\p18f25k50.asm
                    T0CON   0x000fd5       data     extern E:\c18v3.46\pic18-lt\cxx-framework\src\traditional\proc\p18f25k50.asm
                T0CONbits   0x000fd5       data     extern E:\c18v3.46\pic18-lt\cxx-framework\src\traditional\proc\p18f25k50.asm
                    TMR0L   0x000fd6       data     extern E:\c18v3.46\pic18-lt\cxx-framework\src\traditional\proc\p18f25k50.asm
                    TMR0H   0x000fd7       data     extern E:\c18v3.46\pic18-lt\cxx-framework\src\traditional\proc\p18f25k50.asm
               STATUSbits   0x000fd8       data     extern E:\c18v3.46\pic18-lt\cxx-framework\src\traditional\proc\p18f25k50.asm
                   STATUS   0x000fd8       data     extern E:\c18v3.46\pic18-lt\cxx-framework\src\traditional\proc\p18f25k50.asm
                     FSR2   0x000fd9       data     extern E:\c18v3.46\pic18-lt\cxx-framework\src\traditional\proc\p18f25k50.asm
                    FSR2L   0x000fd9       data     extern E:\c18v3.46\pic18-lt\cxx-framework\src\traditional\proc\p18f25k50.asm
                    FSR2H   0x000fda       data     extern E:\c18v3.46\pic18-lt\cxx-framework\src\traditional\proc\p18f25k50.asm
                   PLUSW2   0x000fdb       data     extern E:\c18v3.46\pic18-lt\cxx-framework\src\traditional\proc\p18f25k50.asm
                  PREINC2   0x000fdc       data     extern E:\c18v3.46\pic18-lt\cxx-framework\src\traditional\proc\p18f25k50.asm
                 POSTDEC2   0x000fdd       data     extern E:\c18v3.46\pic18-lt\cxx-framework\src\traditional\proc\p18f25k50.asm
                 POSTINC2   0x000fde       data     extern E:\c18v3.46\pic18-lt\cxx-framework\src\traditional\proc\p18f25k50.asm
                    INDF2   0x000fdf       data     extern E:\c18v3.46\pic18-lt\cxx-framework\src\traditional\proc\p18f25k50.asm
                      BSR   0x000fe0       data     extern E:\c18v3.46\pic18-lt\cxx-framework\src\traditional\proc\p18f25k50.asm
                    FSR1L   0x000fe1       data     extern E:\c18v3.46\pic18-lt\cxx-framework\src\traditional\proc\p18f25k50.asm
                     FSR1   0x000fe1       data     extern E:\c18v3.46\pic18-lt\cxx-framework\src\traditional\proc\p18f25k50.asm
                    FSR1H   0x000fe2       data     extern E:\c18v3.46\pic18-lt\cxx-framework\src\traditional\proc\p18f25k50.asm
                   PLUSW1   0x000fe3       data     extern E:\c18v3.46\pic18-lt\cxx-framework\src\traditional\proc\p18f25k50.asm
                  PREINC1   0x000fe4       data     extern E:\c18v3.46\pic18-lt\cxx-framework\src\traditional\proc\p18f25k50.asm
                 POSTDEC1   0x000fe5       data     extern E:\c18v3.46\pic18-lt\cxx-framework\src\traditional\proc\p18f25k50.asm
                 POSTINC1   0x000fe6       data     extern E:\c18v3.46\pic18-lt\cxx-framework\src\traditional\proc\p18f25k50.asm
                    INDF1   0x000fe7       data     extern E:\c18v3.46\pic18-lt\cxx-framework\src\traditional\proc\p18f25k50.asm
                     WREG   0x000fe8       data     extern E:\c18v3.46\pic18-lt\cxx-framework\src\traditional\proc\p18f25k50.asm
                    FSR0L   0x000fe9       data     extern E:\c18v3.46\pic18-lt\cxx-framework\src\traditional\proc\p18f25k50.asm
                     FSR0   0x000fe9       data     extern E:\c18v3.46\pic18-lt\cxx-framework\src\traditional\proc\p18f25k50.asm
                    FSR0H   0x000fea       data     extern E:\c18v3.46\pic18-lt\cxx-framework\src\traditional\proc\p18f25k50.asm
                   PLUSW0   0x000feb       data     extern E:\c18v3.46\pic18-lt\cxx-framework\src\traditional\proc\p18f25k50.asm
                  PREINC0   0x000fec       data     extern E:\c18v3.46\pic18-lt\cxx-framework\src\traditional\proc\p18f25k50.asm
                 POSTDEC0   0x000fed       data     extern E:\c18v3.46\pic18-lt\cxx-framework\src\traditional\proc\p18f25k50.asm
                 POSTINC0   0x000fee       data     extern E:\c18v3.46\pic18-lt\cxx-framework\src\traditional\proc\p18f25k50.asm
                    INDF0   0x000fef       data     extern E:\c18v3.46\pic18-lt\cxx-framework\src\traditional\proc\p18f25k50.asm
                  INTCON3   0x000ff0       data     extern E:\c18v3.46\pic18-lt\cxx-framework\src\traditional\proc\p18f25k50.asm
              INTCON3bits   0x000ff0       data     extern E:\c18v3.46\pic18-lt\cxx-framework\src\traditional\proc\p18f25k50.asm
              INTCON2bits   0x000ff1       data     extern E:\c18v3.46\pic18-lt\cxx-framework\src\traditional\proc\p18f25k50.asm
                  INTCON2   0x000ff1       data     extern E:\c18v3.46\pic18-lt\cxx-framework\src\traditional\proc\p18f25k50.asm
                   INTCON   0x000ff2       data     extern E:\c18v3.46\pic18-lt\cxx-framework\src\traditional\proc\p18f25k50.asm
               INTCONbits   0x000ff2       data     extern E:\c18v3.46\pic18-lt\cxx-framework\src\traditional\proc\p18f25k50.asm
                     PROD   0x000ff3       data     extern E:\c18v3.46\pic18-lt\cxx-framework\src\traditional\proc\p18f25k50.asm
                    PRODL   0x000ff3       data     extern E:\c18v3.46\pic18-lt\cxx-framework\src\traditional\proc\p18f25k50.asm
                    PRODH   0x000ff4       data     extern E:\c18v3.46\pic18-lt\cxx-framework\src\traditional\proc\p18f25k50.asm
                   TABLAT   0x000ff5       data     extern E:\c18v3.46\pic18-lt\cxx-framework\src\traditional\proc\p18f25k50.asm
                  TBLPTRL   0x000ff6       data     extern E:\c18v3.46\pic18-lt\cxx-framework\src\traditional\proc\p18f25k50.asm
                   TBLPTR   0x000ff6       data     extern E:\c18v3.46\pic18-lt\cxx-framework\src\traditional\proc\p18f25k50.asm
                  TBLPTRH   0x000ff7       data     extern E:\c18v3.46\pic18-lt\cxx-framework\src\traditional\proc\p18f25k50.asm
                  TBLPTRU   0x000ff8       data     extern E:\c18v3.46\pic18-lt\cxx-framework\src\traditional\proc\p18f25k50.asm
                      PCL   0x000ff9       data     extern E:\c18v3.46\pic18-lt\cxx-framework\src\traditional\proc\p18f25k50.asm
                       PC   0x000ff9       data     extern E:\c18v3.46\pic18-lt\cxx-framework\src\traditional\proc\p18f25k50.asm
                   PCLATH   0x000ffa       data     extern E:\c18v3.46\pic18-lt\cxx-framework\src\traditional\proc\p18f25k50.asm
                   PCLATU   0x000ffb       data     extern E:\c18v3.46\pic18-lt\cxx-framework\src\traditional\proc\p18f25k50.asm
               STKPTRbits   0x000ffc       data     extern E:\c18v3.46\pic18-lt\cxx-framework\src\traditional\proc\p18f25k50.asm
                   STKPTR   0x000ffc       data     extern E:\c18v3.46\pic18-lt\cxx-framework\src\traditional\proc\p18f25k50.asm
                      TOS   0x000ffd       data     extern E:\c18v3.46\pic18-lt\cxx-framework\src\traditional\proc\p18f25k50.asm
                     TOSL   0x000ffd       data     extern E:\c18v3.46\pic18-lt\cxx-framework\src\traditional\proc\p18f25k50.asm
                     TOSH   0x000ffe       data     extern E:\c18v3.46\pic18-lt\cxx-framework\src\traditional\proc\p18f25k50.asm
                     TOSU   0x000fff       data     extern E:\c18v3.46\pic18-lt\cxx-framework\src\traditional\proc\p18f25k50.asm


