MPLINK 4.48, Linker
Linker Map File - Created Thu Apr 10 14:53:27 2014

                                 Section Info
                  Section       Type    Address   Location Size(Bytes)
                ---------  ---------  ---------  ---------  ---------
               _entry_scn       code   0x000000    program   0x000006
           .code___init.o       code   0x000006    program   0x000002
    HIGH_INTERRUPT_VECTOR       code   0x000008    program   0x000006
     LOW_INTERRUPT_VECTOR       code   0x000018    program   0x000006
                   .cinit    romdata   0x00001e    program   0x00000e
  .code_irRemoteControl.o       code   0x00002c    program   0x000520
 .code_usb_function_cdc.o       code   0x00054c    program   0x0004f4
             .code_main.o       code   0x000a40    program   0x0004dc
.romdata_usb_descriptors.o    romdata   0x000f1c    program   0x0000c9
             .stringtable    romdata   0x000fe5    program   0x000015
   .romdata_buttonInput.o    romdata   0x000ffa    program   0x000000
      .romdata_cnModule.o    romdata   0x000ffa    program   0x000000
     .romdata_adcModule.o    romdata   0x000ffa    program   0x000000
       .romdata_ioPorts.o    romdata   0x000ffa    program   0x000000
    .romdata_usb_device.o    romdata   0x000ffa    program   0x000000
    .idata_usb_device.o_i    romdata   0x000ffa    program   0x000000
         .romdata_c018i.o    romdata   0x000ffa    program   0x000000
.romdata_usb_function_cdc.o    romdata   0x000ffa    program   0x000000
.idata_usb_function_cdc.o_i    romdata   0x000ffa    program   0x000000
.romdata_irRemoteControl.o    romdata   0x000ffa    program   0x000000
        .romdata___init.o    romdata   0x000ffa    program   0x000000
   .romdata_lightSensor.o    romdata   0x000ffa    program   0x000000
.idata_microphoneSensor.o_i    romdata   0x000ffa    program   0x000000
.romdata_microphoneSensor.o    romdata   0x000ffa    program   0x000000
  .idata_motionSensor.o_i    romdata   0x000ffa    program   0x000000
  .romdata_motionSensor.o    romdata   0x000ffa    program   0x000000
      .idata_myTimers.o_i    romdata   0x000ffa    program   0x000000
.idata_usb_descriptors.o_i    romdata   0x000ffa    program   0x000000
        .romdata_t1read.o    romdata   0x000ffa    program   0x000000
      .romdata_myTimers.o    romdata   0x000ffa    program   0x000000
        .idata_t1read.o_i    romdata   0x000ffa    program   0x000000
          .idata_main.o_i    romdata   0x000ffa    program   0x000002
          .romdata_main.o    romdata   0x000ffa    program   0x000000
   .idata_lightSensor.o_i    romdata   0x000ffc    program   0x000000
        .idata___init.o_i    romdata   0x000ffc    program   0x000000
.idata_irRemoteControl.o_i    romdata   0x000ffc    program   0x000000
       .idata_ioPorts.o_i    romdata   0x000ffc    program   0x000000
      .idata_cnModule.o_i    romdata   0x000ffc    program   0x000000
         .idata_c018i.o_i    romdata   0x000ffc    program   0x000000
   .idata_buttonInput.o_i    romdata   0x000ffc    program   0x000000
            .code_c018i.o       code   0x000ffc    program   0x000000
  .code_usb_descriptors.o       code   0x000ffc    program   0x000000
     .idata_adcModule.o_i    romdata   0x000ffc    program   0x000000
    REMAPPED_RESET_VECTOR       code   0x001000    program   0x000006
      AppSignatureSection    romdata   0x001006    program   0x000002
REMAPPED_HIGH_INTERRUPT_VECTOR       code   0x001008    program   0x000006
AppVersionAndSignatureSection    romdata   0x001016    program   0x000002
REMAPPED_LOW_INTERRUPT_VECTOR       code   0x001018    program   0x000006
       .code_usb_device.o       code   0x00101e    program   0x0012ec
         .code_myTimers.o       code   0x00230a    program   0x0002c8
        .code_adcModule.o       code   0x0025d2    program   0x000156
         .code_cnModule.o       code   0x002728    program   0x00011e
 .code_microphoneSensor.o       code   0x002846    program   0x0000ea
      .code_lightSensor.o       code   0x002930    program   0x0000e6
               _cinit_scn       code   0x002a16    program   0x00009e
     .code_motionSensor.o       code   0x002ab4    program   0x000054
          .code_ioPorts.o       code   0x002b08    program   0x00004c
           .code_t1read.o       code   0x002b54    program   0x00003e
                     PROG       code   0x002b92    program   0x00003c
                   STRING       code   0x002bce    program   0x000034
             D10KTCYXCODE       code   0x002c02    program   0x00002e
      .code_buttonInput.o       code   0x002c30    program   0x000022
                    .code       code   0x002c52    program   0x000020
             _startup_scn       code   0x002c72    program   0x00001c
             D100TCYXCODE       code   0x002c8e    program   0x00001c
    .config_300000_main.o    romdata   0x300000    program   0x000001
    .config_300001_main.o    romdata   0x300001    program   0x000001
    .config_300002_main.o    romdata   0x300002    program   0x000001
    .config_300003_main.o    romdata   0x300003    program   0x000001
    .config_300005_main.o    romdata   0x300005    program   0x000001
    .config_300006_main.o    romdata   0x300006    program   0x000001
                MATH_DATA      udata   0x000000       data   0x000014
                 .tmpdata      udata   0x000014       data   0x00000c
                DELAYDAT2      udata   0x000020       data   0x000001
                DELAYDAT1      udata   0x000021       data   0x000001
            .udata_main.o      udata   0x000060       data   0x000085
        .udata_myTimers.o      udata   0x0000e5       data   0x00001a
    .udata_motionSensor.o      udata   0x0000ff       data   0x000001
                   .stack      udata   0x000300       data   0x000100
                  USB_BDT      udata   0x000400       data   0x000040
.udata_usb_function_cdc.o      udata   0x000440       data   0x000019
.udata_microphoneSensor.o      udata   0x000459       data   0x00000e
        .udata_cnModule.o      udata   0x000467       data   0x000004
            .idata_main.o      idata   0x00046b       data   0x000002
          .idata_t1read.o      idata   0x00046d       data   0x000000
          .udata_t1read.o      udata   0x00046d       data   0x000000
           .idata_c018i.o      idata   0x00046d       data   0x000000
 .udata_usb_descriptors.o      udata   0x00046d       data   0x000000
          .udata___init.o      udata   0x00046d       data   0x000000
          .idata___init.o      idata   0x00046d       data   0x000000
        .idata_myTimers.o      idata   0x00046d       data   0x000000
 .idata_usb_descriptors.o      idata   0x00046d       data   0x000000
    .idata_motionSensor.o      idata   0x00046d       data   0x000000
.idata_microphoneSensor.o      idata   0x00046d       data   0x000000
     .idata_lightSensor.o      idata   0x00046d       data   0x000000
 .idata_irRemoteControl.o      idata   0x00046d       data   0x000000
         .idata_ioPorts.o      idata   0x00046d       data   0x000000
         .udata_ioPorts.o      udata   0x00046d       data   0x000000
        .idata_cnModule.o      idata   0x00046d       data   0x000000
     .idata_buttonInput.o      idata   0x00046d       data   0x000000
     .udata_buttonInput.o      udata   0x00046d       data   0x000000
       .idata_adcModule.o      idata   0x00046d       data   0x000000
       .udata_adcModule.o      udata   0x00046d       data   0x000000
      .idata_usb_device.o      idata   0x00046d       data   0x000000
.idata_usb_function_cdc.o      idata   0x00046d       data   0x000000
            USB_VARIABLES      udata   0x000500       data   0x000091
      .udata_usb_device.o      udata   0x000591       data   0x000035
 .udata_irRemoteControl.o      udata   0x0005c6       data   0x00002d
           .udata_c018i.o      udata   0x0005f3       data   0x00000a
     .udata_lightSensor.o      udata   0x0005fd       data   0x000003
              SFR_BANKED0      udata   0x000f57       data   0x000007
            SFR_UNBANKED0      udata   0x000f60       data   0x0000a0



                              Program Memory Usage 
                               Start         End      
                           ---------   ---------      
                            0x000000    0x00000d      
                            0x000018    0x000ffb      
                            0x001000    0x00100d      
                            0x001016    0x002ca9      
                            0x300000    0x300003      
                            0x300005    0x300006      
            11418 out of 33048 program addresses used, program memory utilization is 34%



                              Symbols - Sorted by Name
                     Name    Address   Location    Storage File                     
                ---------  ---------  ---------  --------- ---------                
         ADCStartSampling   0x002644    program     extern D:\JP\5w5s Phase II\Sensor Kit Firmware\USB\Device - CDC - Sensor Kit\SensorKit\adcModule.c
ADConversionCompleted_isr   0x00264a    program     extern D:\JP\5w5s Phase II\Sensor Kit Firmware\USB\Device - CDC - Sensor Kit\SensorKit\adcModule.c
               AppVersion   0x001016    program     extern D:\JP\5w5s Phase II\Sensor Kit Firmware\USB\Device - CDC - Sensor Kit\SensorKit\main.c
           BlinkUSBStatus   0x000d60    program     extern D:\JP\5w5s Phase II\Sensor Kit Firmware\USB\Device - CDC - Sensor Kit\SensorKit\main.c
                CDCInitEP   0x0005ee    program     extern D:\JP\5w5s Phase II\Sensor Kit Firmware\Microchip\USB\CDC Device Driver\usb_function_cdc.c
             CDCTxService   0x0008ec    program     extern D:\JP\5w5s Phase II\Sensor Kit Firmware\Microchip\USB\CDC Device Driver\usb_function_cdc.c
                   D100_1   0x002c9c    program     static E:\c18v3.46\pic18-lt\cxx-framework\src\traditional\delays\d100tcyx.asm
                    D100x   0x002c9a    program     static E:\c18v3.46\pic18-lt\cxx-framework\src\traditional\delays\d100tcyx.asm
                   D10K_1   0x002c0e    program     static E:\c18v3.46\pic18-lt\cxx-framework\src\traditional\delays\d10ktcyx.asm
                    D10Kl   0x002c1a    program     static E:\c18v3.46\pic18-lt\cxx-framework\src\traditional\delays\d10ktcyx.asm
                    D10Kx   0x002c0c    program     static E:\c18v3.46\pic18-lt\cxx-framework\src\traditional\delays\d10ktcyx.asm
             Delay100TCYx   0x002c8e    program     extern E:\c18v3.46\pic18-lt\cxx-framework\src\traditional\delays\d100tcyx.asm
             Delay10KTCYx   0x002c02    program     extern E:\c18v3.46\pic18-lt\cxx-framework\src\traditional\delays\d10ktcyx.asm
                 FXM1616U   0x002b92    program     extern E:\c18v3.46\pic18-lt\cxx-framework\src\traditional\math\fxm1616u.asm
                 High_ISR   0x000008    program     extern D:\JP\5w5s Phase II\Sensor Kit Firmware\USB\Device - CDC - Sensor Kit\SensorKit\main.c
         InitializeSystem   0x000bfa    program     static D:\JP\5w5s Phase II\Sensor Kit Firmware\USB\Device - CDC - Sensor Kit\SensorKit\main.c
                  Low_ISR   0x000018    program     extern D:\JP\5w5s Phase II\Sensor Kit Firmware\USB\Device - CDC - Sensor Kit\SensorKit\main.c
                ProcessIO   0x000c3a    program     extern D:\JP\5w5s Phase II\Sensor Kit Firmware\USB\Device - CDC - Sensor Kit\SensorKit\main.c
               ReadTimer1   0x002b54    program     extern E:\c18v3.46\pic18-lt\cxx-framework\src\pmc_common\Timers\t1read.c
        Remapped_High_ISR   0x001008    program     extern D:\JP\5w5s Phase II\Sensor Kit Firmware\USB\Device - CDC - Sensor Kit\SensorKit\main.c
         Remapped_Low_ISR   0x001018    program     extern D:\JP\5w5s Phase II\Sensor Kit Firmware\USB\Device - CDC - Sensor Kit\SensorKit\main.c
     SignaturePlaceholder   0x001006    program     extern D:\JP\5w5s Phase II\Sensor Kit Firmware\USB\Device - CDC - Sensor Kit\SensorKit\main.c
             TimeGetTicks   0x002440    program     extern D:\JP\5w5s Phase II\Sensor Kit Firmware\USB\Device - CDC - Sensor Kit\SensorKit\myTimers.c
       USBCBCheckOtherReq   0x000df4    program     extern D:\JP\5w5s Phase II\Sensor Kit Firmware\USB\Device - CDC - Sensor Kit\SensorKit\main.c
        USBCBErrorHandler   0x000df2    program     extern D:\JP\5w5s Phase II\Sensor Kit Firmware\USB\Device - CDC - Sensor Kit\SensorKit\main.c
              USBCBInitEP   0x000dfa    program     extern D:\JP\5w5s Phase II\Sensor Kit Firmware\USB\Device - CDC - Sensor Kit\SensorKit\main.c
          USBCBSendResume   0x000dfe    program     extern D:\JP\5w5s Phase II\Sensor Kit Firmware\USB\Device - CDC - Sensor Kit\SensorKit\main.c
    USBCBStdSetDscHandler   0x000df8    program     extern D:\JP\5w5s Phase II\Sensor Kit Firmware\USB\Device - CDC - Sensor Kit\SensorKit\main.c
             USBCBSuspend   0x000dec    program     extern D:\JP\5w5s Phase II\Sensor Kit Firmware\USB\Device - CDC - Sensor Kit\SensorKit\main.c
     USBCBWakeFromSuspend   0x000dee    program     extern D:\JP\5w5s Phase II\Sensor Kit Firmware\USB\Device - CDC - Sensor Kit\SensorKit\main.c
        USBCB_SOF_Handler   0x000df0    program     extern D:\JP\5w5s Phase II\Sensor Kit Firmware\USB\Device - CDC - Sensor Kit\SensorKit\main.c
       USBCDCEventHandler   0x000656    program     extern D:\JP\5w5s Phase II\Sensor Kit Firmware\Microchip\USB\CDC Device Driver\usb_function_cdc.c
              USBCancelIO   0x0014fa    program     extern D:\JP\5w5s Phase II\Sensor Kit Firmware\Microchip\USB\usb_device.c
       USBCheckCDCRequest   0x00054c    program     extern D:\JP\5w5s Phase II\Sensor Kit Firmware\Microchip\USB\CDC Device Driver\usb_function_cdc.c
       USBCheckStdRequest   0x001fb4    program     static D:\JP\5w5s Phase II\Sensor Kit Firmware\Microchip\USB\usb_device.c
     USBConfigureEndpoint   0x001706    program     static D:\JP\5w5s Phase II\Sensor Kit Firmware\Microchip\USB\usb_device.c
  USBCtrlEPAllowDataStage   0x001686    program     extern D:\JP\5w5s Phase II\Sensor Kit Firmware\Microchip\USB\usb_device.c
USBCtrlEPAllowStatusStage   0x0015e4    program     extern D:\JP\5w5s Phase II\Sensor Kit Firmware\Microchip\USB\usb_device.c
         USBCtrlEPService   0x001d88    program     static D:\JP\5w5s Phase II\Sensor Kit Firmware\Microchip\USB\usb_device.c
 USBCtrlEPServiceComplete   0x0017c0    program     static D:\JP\5w5s Phase II\Sensor Kit Firmware\Microchip\USB\usb_device.c
      USBCtrlTrfInHandler   0x001f00    program     static D:\JP\5w5s Phase II\Sensor Kit Firmware\Microchip\USB\usb_device.c
     USBCtrlTrfOutHandler   0x001eb6    program     static D:\JP\5w5s Phase II\Sensor Kit Firmware\Microchip\USB\usb_device.c
      USBCtrlTrfRxService   0x001946    program     static D:\JP\5w5s Phase II\Sensor Kit Firmware\Microchip\USB\usb_device.c
   USBCtrlTrfSetupHandler   0x001e58    program     static D:\JP\5w5s Phase II\Sensor Kit Firmware\Microchip\USB\usb_device.c
      USBCtrlTrfTxService   0x001882    program     static D:\JP\5w5s Phase II\Sensor Kit Firmware\Microchip\USB\usb_device.c
          USBDeviceAttach   0x0015b6    program     extern D:\JP\5w5s Phase II\Sensor Kit Firmware\Microchip\USB\usb_device.c
          USBDeviceDetach   0x0015aa    program     extern D:\JP\5w5s Phase II\Sensor Kit Firmware\Microchip\USB\usb_device.c
            USBDeviceInit   0x00101e    program     extern D:\JP\5w5s Phase II\Sensor Kit Firmware\Microchip\USB\usb_device.c
           USBDeviceTasks   0x001136    program     extern D:\JP\5w5s Phase II\Sensor Kit Firmware\Microchip\USB\usb_device.c
        USBEnableEndpoint   0x0012a6    program     extern D:\JP\5w5s Phase II\Sensor Kit Firmware\Microchip\USB\usb_device.c
         USBStallEndpoint   0x00141a    program     extern D:\JP\5w5s Phase II\Sensor Kit Firmware\Microchip\USB\usb_device.c
          USBStallHandler   0x001cfe    program     static D:\JP\5w5s Phase II\Sensor Kit Firmware\Microchip\USB\usb_device.c
  USBStdFeatureReqHandler   0x00207c    program     static D:\JP\5w5s Phase II\Sensor Kit Firmware\Microchip\USB\usb_device.c
      USBStdGetDscHandler   0x001b6c    program     static D:\JP\5w5s Phase II\Sensor Kit Firmware\Microchip\USB\usb_device.c
   USBStdGetStatusHandler   0x001c2c    program     static D:\JP\5w5s Phase II\Sensor Kit Firmware\Microchip\USB\usb_device.c
      USBStdSetCfgHandler   0x001a86    program     static D:\JP\5w5s Phase II\Sensor Kit Firmware\Microchip\USB\usb_device.c
               USBSuspend   0x001d30    program     static D:\JP\5w5s Phase II\Sensor Kit Firmware\Microchip\USB\usb_device.c
     USBTransferOnePacket   0x001314    program     extern D:\JP\5w5s Phase II\Sensor Kit Firmware\Microchip\USB\usb_device.c
       USBWakeFromSuspend   0x001d5a    program     static D:\JP\5w5s Phase II\Sensor Kit Firmware\Microchip\USB\usb_device.c
               USB_CD_Ptr   0x000fdd    program     extern D:\JP\5w5s Phase II\Sensor Kit Firmware\USB\Device - CDC - Sensor Kit\SensorKit\usb_descriptors.c
               USB_SD_Ptr   0x000fdf    program     extern D:\JP\5w5s Phase II\Sensor Kit Firmware\USB\Device - CDC - Sensor Kit\SensorKit\usb_descriptors.c
USER_USB_CALLBACK_EVENT_HANDLER   0x000e46    program     extern D:\JP\5w5s Phase II\Sensor Kit Firmware\USB\Device - CDC - Sensor Kit\SensorKit\main.c
                 UserInit   0x000c2a    program     extern D:\JP\5w5s Phase II\Sensor Kit Firmware\USB\Device - CDC - Sensor Kit\SensorKit\main.c
              _2jContinue   0x002bee    program     static E:\c18v3.46\pic18-lt\cxx-framework\src\traditional\stdclib\memset.asm
                   _3jEnd   0x002bf8    program     static E:\c18v3.46\pic18-lt\cxx-framework\src\traditional\stdclib\memset.asm
       _D100TCYXCODE_0008   0x002c96    program     static E:\c18v3.46\pic18-lt\cxx-framework\src\traditional\delays\d100tcyx.asm
       _D100TCYXCODE_0012   0x002ca0    program     static E:\c18v3.46\pic18-lt\cxx-framework\src\traditional\delays\d100tcyx.asm
       _D100TCYXCODE_0018   0x002ca6    program     static E:\c18v3.46\pic18-lt\cxx-framework\src\traditional\delays\d100tcyx.asm
       _D10KTCYXCODE_0010   0x002c12    program     static E:\c18v3.46\pic18-lt\cxx-framework\src\traditional\delays\d10ktcyx.asm
       _D10KTCYXCODE_001C   0x002c1e    program     static E:\c18v3.46\pic18-lt\cxx-framework\src\traditional\delays\d10ktcyx.asm
       ___return_lbl00000   0x00000c    program     static                          
       ___return_lbl00000   0x000004    program     static                          
       ___return_lbl00001   0x00001c    program     static                          
       ___return_lbl00001   0x002c8c    program     static                          
       ___return_lbl00002   0x001004    program     static                          
       ___return_lbl00002   0x002ab2    program     static                          
       ___return_lbl00003   0x00100c    program     static                          
       ___return_lbl00004   0x00101c    program     static                          
               __config_0   0x300000    program     static D:\JP\5w5s Phase II\Sensor Kit Firmware\USB\Device - CDC - Sensor Kit\SensorKit\main.c
               __config_1   0x300001    program     static D:\JP\5w5s Phase II\Sensor Kit Firmware\USB\Device - CDC - Sensor Kit\SensorKit\main.c
               __config_2   0x300002    program     static D:\JP\5w5s Phase II\Sensor Kit Firmware\USB\Device - CDC - Sensor Kit\SensorKit\main.c
               __config_3   0x300003    program     static D:\JP\5w5s Phase II\Sensor Kit Firmware\USB\Device - CDC - Sensor Kit\SensorKit\main.c
               __config_4   0x300005    program     static D:\JP\5w5s Phase II\Sensor Kit Firmware\USB\Device - CDC - Sensor Kit\SensorKit\main.c
               __config_5   0x300006    program     static D:\JP\5w5s Phase II\Sensor Kit Firmware\USB\Device - CDC - Sensor Kit\SensorKit\main.c
                   __init   0x000006    program     extern E:\c18v3.46\pic18-lt\cxx-framework\src\traditional\stdclib\__init.c
               __string_0   0x000fe5    program     static D:\JP\5w5s Phase II\Sensor Kit Firmware\USB\Device - CDC - Sensor Kit\SensorKit\main.c
            __zero_memory   0x002c52    program     extern E:\c18v3.46\pic18-lt\cxx-framework\src\traditional\proc\p18f25k50.asm
                _do_cinit   0x002a16    program     extern E:\c18v3.46\pic18-lt\cxx-framework\src\traditional\startup\c018i.c
                   _entry   0x000000    program     extern E:\c18v3.46\pic18-lt\cxx-framework\src\traditional\startup\c018i.c
                   _reset   0x001000    program     extern D:\JP\5w5s Phase II\Sensor Kit Firmware\USB\Device - CDC - Sensor Kit\SensorKit\main.c
                 _startup   0x002c72    program     extern E:\c18v3.46\pic18-lt\cxx-framework\src\traditional\startup\c018i.c
         adcModuleADCInit   0x00261e    program     extern D:\JP\5w5s Phase II\Sensor Kit Firmware\USB\Device - CDC - Sensor Kit\SensorKit\adcModule.c
         adcModulePinInit   0x002616    program     extern D:\JP\5w5s Phase II\Sensor Kit Firmware\USB\Device - CDC - Sensor Kit\SensorKit\adcModule.c
       buttonInputExtInit   0x002c38    program     extern D:\JP\5w5s Phase II\Sensor Kit Firmware\USB\Device - CDC - Sensor Kit\SensorKit\buttonInput.c
       buttonInputPinInit   0x002c30    program     extern D:\JP\5w5s Phase II\Sensor Kit Firmware\USB\Device - CDC - Sensor Kit\SensorKit\buttonInput.c
buttonInput_isButtonPressed   0x002c42    program     extern D:\JP\5w5s Phase II\Sensor Kit Firmware\USB\Device - CDC - Sensor Kit\SensorKit\buttonInput.c
               button_isr   0x002c3e    program     extern D:\JP\5w5s Phase II\Sensor Kit Firmware\USB\Device - CDC - Sensor Kit\SensorKit\buttonInput.c
         changeNotice_isr   0x002790    program     extern D:\JP\5w5s Phase II\Sensor Kit Firmware\USB\Device - CDC - Sensor Kit\SensorKit\cnModule.c
           cnModuleCNInit   0x002754    program     extern D:\JP\5w5s Phase II\Sensor Kit Firmware\USB\Device - CDC - Sensor Kit\SensorKit\cnModule.c
          cnModulePinInit   0x002728    program     extern D:\JP\5w5s Phase II\Sensor Kit Firmware\USB\Device - CDC - Sensor Kit\SensorKit\cnModule.c
                compare_l   0x002c68    program     static E:\c18v3.46\pic18-lt\cxx-framework\src\traditional\proc\p18f25k50.asm
        configDescriptor1   0x000f2e    program     extern D:\JP\5w5s Phase II\Sensor Kit Firmware\USB\Device - CDC - Sensor Kit\SensorKit\usb_descriptors.c
                copy_loop   0x002a88    program     static                          
            copy_one_byte   0x002a8e    program     static                          
               device_dsc   0x000f1c    program     extern D:\JP\5w5s Phase II\Sensor Kit Firmware\USB\Device - CDC - Sensor Kit\SensorKit\usb_descriptors.c
            discardRxData   0x000064    program     extern D:\JP\5w5s Phase II\Sensor Kit Firmware\USB\Device - CDC - Sensor Kit\SensorKit\irRemoteControl.c
                     done   0x002ab2    program     static                          
             done_copying   0x002a9c    program     static                          
getAdcDataProcessingTimerFlag   0x002538    program     extern D:\JP\5w5s Phase II\Sensor Kit Firmware\USB\Device - CDC - Sensor Kit\SensorKit\myTimers.c
  getAdcSamplingTimerFlag   0x00251a    program     extern D:\JP\5w5s Phase II\Sensor Kit Firmware\USB\Device - CDC - Sensor Kit\SensorKit\myTimers.c
getButtonInputDebounceTimerFlag   0x002556    program     extern D:\JP\5w5s Phase II\Sensor Kit Firmware\USB\Device - CDC - Sensor Kit\SensorKit\myTimers.c
  getGeneralPurpTimerFlag   0x0025ca    program     extern D:\JP\5w5s Phase II\Sensor Kit Firmware\USB\Device - CDC - Sensor Kit\SensorKit\myTimers.c
getIrDataPulseTimeoutTimerFlag   0x002574    program     extern D:\JP\5w5s Phase II\Sensor Kit Firmware\USB\Device - CDC - Sensor Kit\SensorKit\myTimers.c
getIrDataSpaceTimeoutTimerFlag   0x002592    program     extern D:\JP\5w5s Phase II\Sensor Kit Firmware\USB\Device - CDC - Sensor Kit\SensorKit\myTimers.c
       getMotionStateFlag   0x002b00    program     extern D:\JP\5w5s Phase II\Sensor Kit Firmware\USB\Device - CDC - Sensor Kit\SensorKit\motionSensor.c
             getsUSBUSART   0x0006e2    program     extern D:\JP\5w5s Phase II\Sensor Kit Firmware\Microchip\USB\CDC Device Driver\usb_function_cdc.c
         highPriority_isr   0x000a40    program     extern D:\JP\5w5s Phase II\Sensor Kit Firmware\USB\Device - CDC - Sensor Kit\SensorKit\main.c
               initRxData   0x00002c    program     extern D:\JP\5w5s Phase II\Sensor Kit Firmware\USB\Device - CDC - Sensor Kit\SensorKit\irRemoteControl.c
             ioPorts_init   0x002b08    program     extern D:\JP\5w5s Phase II\Sensor Kit Firmware\USB\Device - CDC - Sensor Kit\SensorKit\ioPorts.c
irDataPulseTimeoutProcessing   0x000532    program     extern D:\JP\5w5s Phase II\Sensor Kit Firmware\USB\Device - CDC - Sensor Kit\SensorKit\irRemoteControl.c
irDataSpaceTimeoutProcessing   0x000536    program     extern D:\JP\5w5s Phase II\Sensor Kit Firmware\USB\Device - CDC - Sensor Kit\SensorKit\irRemoteControl.c
      irRemoteControlInit   0x0002be    program     extern D:\JP\5w5s Phase II\Sensor Kit Firmware\USB\Device - CDC - Sensor Kit\SensorKit\irRemoteControl.c
irRemoteControl_irPinChanged   0x0002c6    program     extern D:\JP\5w5s Phase II\Sensor Kit Firmware\USB\Device - CDC - Sensor Kit\SensorKit\irRemoteControl.c
        isCurChannelLight   0x0025fe    program     extern D:\JP\5w5s Phase II\Sensor Kit Firmware\USB\Device - CDC - Sensor Kit\SensorKit\adcModule.c
          isCurChannelMic   0x0025dc    program     extern D:\JP\5w5s Phase II\Sensor Kit Firmware\USB\Device - CDC - Sensor Kit\SensorKit\adcModule.c
                     jEnd   0x002c00    program     static E:\c18v3.46\pic18-lt\cxx-framework\src\traditional\stdclib\memset.asm
                    jLoop   0x002be2    program     static E:\c18v3.46\pic18-lt\cxx-framework\src\traditional\stdclib\memset.asm
lightSensorDataProcessing   0x002974    program     extern D:\JP\5w5s Phase II\Sensor Kit Firmware\USB\Device - CDC - Sensor Kit\SensorKit\lightSensor.c
          lightSensorInit   0x002930    program     extern D:\JP\5w5s Phase II\Sensor Kit Firmware\USB\Device - CDC - Sensor Kit\SensorKit\lightSensor.c
 lightSensorUpdateReading   0x002940    program     extern D:\JP\5w5s Phase II\Sensor Kit Firmware\USB\Device - CDC - Sensor Kit\SensorKit\lightSensor.c
                     loop   0x002c82    program     static                          
                   loop_h   0x002c60    program     static E:\c18v3.46\pic18-lt\cxx-framework\src\traditional\proc\p18f25k50.asm
                   loop_l   0x002c6a    program     static E:\c18v3.46\pic18-lt\cxx-framework\src\traditional\proc\p18f25k50.asm
          lowPriority_isr   0x000af2    program     extern D:\JP\5w5s Phase II\Sensor Kit Firmware\USB\Device - CDC - Sensor Kit\SensorKit\main.c
                mSecDelay   0x002454    program     extern D:\JP\5w5s Phase II\Sensor Kit Firmware\USB\Device - CDC - Sensor Kit\SensorKit\myTimers.c
                     main   0x000bae    program     extern D:\JP\5w5s Phase II\Sensor Kit Firmware\USB\Device - CDC - Sensor Kit\SensorKit\main.c
                   memset   0x002bce    program     extern E:\c18v3.46\pic18-lt\cxx-framework\src\traditional\stdclib\memset.asm
        mic_isInPartyMode   0x002928    program     extern D:\JP\5w5s Phase II\Sensor Kit Firmware\USB\Device - CDC - Sensor Kit\SensorKit\microphoneSensor.c
microphoneSensorDataProcessing   0x0028ac    program     extern D:\JP\5w5s Phase II\Sensor Kit Firmware\USB\Device - CDC - Sensor Kit\SensorKit\microphoneSensor.c
     microphoneSensorInit   0x002846    program     extern D:\JP\5w5s Phase II\Sensor Kit Firmware\USB\Device - CDC - Sensor Kit\SensorKit\microphoneSensor.c
microphoneSensorUpdateReading   0x002870    program     extern D:\JP\5w5s Phase II\Sensor Kit Firmware\USB\Device - CDC - Sensor Kit\SensorKit\microphoneSensor.c
         motionSensorInit   0x002ab4    program     extern D:\JP\5w5s Phase II\Sensor Kit Firmware\USB\Device - CDC - Sensor Kit\SensorKit\motionSensor.c
motionSensorMotionChanged   0x002aba    program     extern D:\JP\5w5s Phase II\Sensor Kit Firmware\USB\Device - CDC - Sensor Kit\SensorKit\motionSensor.c
     processingRxedIrData   0x00006c    program     extern D:\JP\5w5s Phase II\Sensor Kit Firmware\USB\Device - CDC - Sensor Kit\SensorKit\irRemoteControl.c
              putUSBUSART   0x0007a4    program     extern D:\JP\5w5s Phase II\Sensor Kit Firmware\Microchip\USB\CDC Device Driver\usb_function_cdc.c
            putrsUSBUSART   0x000860    program     extern D:\JP\5w5s Phase II\Sensor Kit Firmware\Microchip\USB\CDC Device Driver\usb_function_cdc.c
             putsUSBUSART   0x0007d6    program     extern D:\JP\5w5s Phase II\Sensor Kit Firmware\Microchip\USB\CDC Device Driver\usb_function_cdc.c
                    sd000   0x000f71    program     extern D:\JP\5w5s Phase II\Sensor Kit Firmware\USB\Device - CDC - Sensor Kit\SensorKit\usb_descriptors.c
                    sd001   0x000f75    program     extern D:\JP\5w5s Phase II\Sensor Kit Firmware\USB\Device - CDC - Sensor Kit\SensorKit\usb_descriptors.c
                    sd002   0x000fa9    program     extern D:\JP\5w5s Phase II\Sensor Kit Firmware\USB\Device - CDC - Sensor Kit\SensorKit\usb_descriptors.c
               sendUSBMsg   0x000ee4    program     extern D:\JP\5w5s Phase II\Sensor Kit Firmware\USB\Device - CDC - Sensor Kit\SensorKit\main.c
         sensorKitSysInit   0x000bc0    program     extern D:\JP\5w5s Phase II\Sensor Kit Firmware\USB\Device - CDC - Sensor Kit\SensorKit\main.c
     setLightInputChannel   0x0025f4    program     extern D:\JP\5w5s Phase II\Sensor Kit Firmware\USB\Device - CDC - Sensor Kit\SensorKit\adcModule.c
       setMicInputChannel   0x0025d2    program     extern D:\JP\5w5s Phase II\Sensor Kit Firmware\USB\Device - CDC - Sensor Kit\SensorKit\adcModule.c
startAdcDataProcessingTimer   0x002522    program     extern D:\JP\5w5s Phase II\Sensor Kit Firmware\USB\Device - CDC - Sensor Kit\SensorKit\myTimers.c
    startAdcSamplingTimer   0x002504    program     extern D:\JP\5w5s Phase II\Sensor Kit Firmware\USB\Device - CDC - Sensor Kit\SensorKit\myTimers.c
startButtonInputDebounceTimer   0x002540    program     extern D:\JP\5w5s Phase II\Sensor Kit Firmware\USB\Device - CDC - Sensor Kit\SensorKit\myTimers.c
    startGeneralPurpTimer   0x00259a    program     extern D:\JP\5w5s Phase II\Sensor Kit Firmware\USB\Device - CDC - Sensor Kit\SensorKit\myTimers.c
startIrDataPulseTimeoutTimer   0x00255e    program     extern D:\JP\5w5s Phase II\Sensor Kit Firmware\USB\Device - CDC - Sensor Kit\SensorKit\myTimers.c
startIrDataSpaceTimeoutTimer   0x00257c    program     extern D:\JP\5w5s Phase II\Sensor Kit Firmware\USB\Device - CDC - Sensor Kit\SensorKit\myTimers.c
stopAdcDataProcessingTimer   0x00252e    program     extern D:\JP\5w5s Phase II\Sensor Kit Firmware\USB\Device - CDC - Sensor Kit\SensorKit\myTimers.c
     stopAdcSamplingTimer   0x002510    program     extern D:\JP\5w5s Phase II\Sensor Kit Firmware\USB\Device - CDC - Sensor Kit\SensorKit\myTimers.c
stopButtonInputDebounceTimer   0x00254c    program     extern D:\JP\5w5s Phase II\Sensor Kit Firmware\USB\Device - CDC - Sensor Kit\SensorKit\myTimers.c
     stopGeneralPurpTimer   0x0025c0    program     extern D:\JP\5w5s Phase II\Sensor Kit Firmware\USB\Device - CDC - Sensor Kit\SensorKit\myTimers.c
stopIrDataPulseTimeoutTimer   0x00256a    program     extern D:\JP\5w5s Phase II\Sensor Kit Firmware\USB\Device - CDC - Sensor Kit\SensorKit\myTimers.c
stopIrDataSpaceTimeoutTimer   0x002588    program     extern D:\JP\5w5s Phase II\Sensor Kit Firmware\USB\Device - CDC - Sensor Kit\SensorKit\myTimers.c
                     test   0x002a30    program     static                          
               timer2_isr   0x00235c    program     extern D:\JP\5w5s Phase II\Sensor Kit Firmware\USB\Device - CDC - Sensor Kit\SensorKit\myTimers.c
               timersInit   0x00230a    program     extern D:\JP\5w5s Phase II\Sensor Kit Firmware\USB\Device - CDC - Sensor Kit\SensorKit\myTimers.c
               zero_block   0x002c60    program     static E:\c18v3.46\pic18-lt\cxx-framework\src\traditional\proc\p18f25k50.asm
                   ACTCON   0x000fb5       data     extern E:\c18v3.46\pic18-lt\cxx-framework\src\traditional\proc\p18f25k50.asm
               ACTCONbits   0x000fb5       data     extern E:\c18v3.46\pic18-lt\cxx-framework\src\traditional\proc\p18f25k50.asm
                   ADCON0   0x000fc2       data     extern E:\c18v3.46\pic18-lt\cxx-framework\src\traditional\proc\p18f25k50.asm
               ADCON0bits   0x000fc2       data     extern E:\c18v3.46\pic18-lt\cxx-framework\src\traditional\proc\p18f25k50.asm
                   ADCON1   0x000fc1       data     extern E:\c18v3.46\pic18-lt\cxx-framework\src\traditional\proc\p18f25k50.asm
               ADCON1bits   0x000fc1       data     extern E:\c18v3.46\pic18-lt\cxx-framework\src\traditional\proc\p18f25k50.asm
                   ADCON2   0x000fc0       data     extern E:\c18v3.46\pic18-lt\cxx-framework\src\traditional\proc\p18f25k50.asm
               ADCON2bits   0x000fc0       data     extern E:\c18v3.46\pic18-lt\cxx-framework\src\traditional\proc\p18f25k50.asm
                   ADRESH   0x000fc4       data     extern E:\c18v3.46\pic18-lt\cxx-framework\src\traditional\proc\p18f25k50.asm
                   ADRESL   0x000fc3       data     extern E:\c18v3.46\pic18-lt\cxx-framework\src\traditional\proc\p18f25k50.asm
                   ANSELA   0x000f5b       data     extern E:\c18v3.46\pic18-lt\cxx-framework\src\traditional\proc\p18f25k50.asm
               ANSELAbits   0x000f5b       data     extern E:\c18v3.46\pic18-lt\cxx-framework\src\traditional\proc\p18f25k50.asm
                   ANSELB   0x000f5c       data     extern E:\c18v3.46\pic18-lt\cxx-framework\src\traditional\proc\p18f25k50.asm
               ANSELBbits   0x000f5c       data     extern E:\c18v3.46\pic18-lt\cxx-framework\src\traditional\proc\p18f25k50.asm
                   ANSELC   0x000f5d       data     extern E:\c18v3.46\pic18-lt\cxx-framework\src\traditional\proc\p18f25k50.asm
               ANSELCbits   0x000f5d       data     extern E:\c18v3.46\pic18-lt\cxx-framework\src\traditional\proc\p18f25k50.asm
                  BAUDCON   0x000fb8       data     extern E:\c18v3.46\pic18-lt\cxx-framework\src\traditional\proc\p18f25k50.asm
                 BAUDCON1   0x000fb8       data     extern E:\c18v3.46\pic18-lt\cxx-framework\src\traditional\proc\p18f25k50.asm
             BAUDCON1bits   0x000fb8       data     extern E:\c18v3.46\pic18-lt\cxx-framework\src\traditional\proc\p18f25k50.asm
              BAUDCONbits   0x000fb8       data     extern E:\c18v3.46\pic18-lt\cxx-framework\src\traditional\proc\p18f25k50.asm
                      BDT   0x000400       data     extern D:\JP\5w5s Phase II\Sensor Kit Firmware\Microchip\USB\usb_device.c
                      BSR   0x000fe0       data     extern E:\c18v3.46\pic18-lt\cxx-framework\src\traditional\proc\p18f25k50.asm
              BaudRateGen   0x00044d       data     extern D:\JP\5w5s Phase II\Sensor Kit Firmware\Microchip\USB\CDC Device Driver\usb_function_cdc.c
       BothEP0OutUOWNsSet   0x0005b9       data     extern D:\JP\5w5s Phase II\Sensor Kit Firmware\Microchip\USB\usb_device.c
                  CCP1CON   0x000fbd       data     extern E:\c18v3.46\pic18-lt\cxx-framework\src\traditional\proc\p18f25k50.asm
              CCP1CONbits   0x000fbd       data     extern E:\c18v3.46\pic18-lt\cxx-framework\src\traditional\proc\p18f25k50.asm
                  CCP2CON   0x000f97       data     extern E:\c18v3.46\pic18-lt\cxx-framework\src\traditional\proc\p18f25k50.asm
              CCP2CONbits   0x000f97       data     extern E:\c18v3.46\pic18-lt\cxx-framework\src\traditional\proc\p18f25k50.asm
                    CCPR1   0x000fbe       data     extern E:\c18v3.46\pic18-lt\cxx-framework\src\traditional\proc\p18f25k50.asm
                   CCPR1H   0x000fbf       data     extern E:\c18v3.46\pic18-lt\cxx-framework\src\traditional\proc\p18f25k50.asm
                   CCPR1L   0x000fbe       data     extern E:\c18v3.46\pic18-lt\cxx-framework\src\traditional\proc\p18f25k50.asm
                    CCPR2   0x000f90       data     extern E:\c18v3.46\pic18-lt\cxx-framework\src\traditional\proc\p18f25k50.asm
                   CCPR2H   0x000f91       data     extern E:\c18v3.46\pic18-lt\cxx-framework\src\traditional\proc\p18f25k50.asm
                   CCPR2L   0x000f90       data     extern E:\c18v3.46\pic18-lt\cxx-framework\src\traditional\proc\p18f25k50.asm
                  CCPTMRS   0x000f59       data     extern E:\c18v3.46\pic18-lt\cxx-framework\src\traditional\proc\p18f25k50.asm
              CCPTMRSbits   0x000f59       data     extern E:\c18v3.46\pic18-lt\cxx-framework\src\traditional\proc\p18f25k50.asm
          CDCDataInHandle   0x00044a       data     extern D:\JP\5w5s Phase II\Sensor Kit Firmware\Microchip\USB\CDC Device Driver\usb_function_cdc.c
         CDCDataOutHandle   0x000448       data     extern D:\JP\5w5s Phase II\Sensor Kit Firmware\Microchip\USB\CDC Device Driver\usb_function_cdc.c
                  CM1CON0   0x000f98       data     extern E:\c18v3.46\pic18-lt\cxx-framework\src\traditional\proc\p18f25k50.asm
              CM1CON0bits   0x000f98       data     extern E:\c18v3.46\pic18-lt\cxx-framework\src\traditional\proc\p18f25k50.asm
                  CM2CON0   0x000f99       data     extern E:\c18v3.46\pic18-lt\cxx-framework\src\traditional\proc\p18f25k50.asm
              CM2CON0bits   0x000f99       data     extern E:\c18v3.46\pic18-lt\cxx-framework\src\traditional\proc\p18f25k50.asm
                  CM2CON1   0x000f9a       data     extern E:\c18v3.46\pic18-lt\cxx-framework\src\traditional\proc\p18f25k50.asm
              CM2CON1bits   0x000f9a       data     extern E:\c18v3.46\pic18-lt\cxx-framework\src\traditional\proc\p18f25k50.asm
                 CTMUCON0   0x000f8f       data     extern E:\c18v3.46\pic18-lt\cxx-framework\src\traditional\proc\p18f25k50.asm
             CTMUCON0bits   0x000f8f       data     extern E:\c18v3.46\pic18-lt\cxx-framework\src\traditional\proc\p18f25k50.asm
                 CTMUCON1   0x000f8e       data     extern E:\c18v3.46\pic18-lt\cxx-framework\src\traditional\proc\p18f25k50.asm
             CTMUCON1bits   0x000f8e       data     extern E:\c18v3.46\pic18-lt\cxx-framework\src\traditional\proc\p18f25k50.asm
                 CTMUCONH   0x000f8f       data     extern E:\c18v3.46\pic18-lt\cxx-framework\src\traditional\proc\p18f25k50.asm
             CTMUCONHbits   0x000f8f       data     extern E:\c18v3.46\pic18-lt\cxx-framework\src\traditional\proc\p18f25k50.asm
                 CTMUCONL   0x000f8e       data     extern E:\c18v3.46\pic18-lt\cxx-framework\src\traditional\proc\p18f25k50.asm
             CTMUCONLbits   0x000f8e       data     extern E:\c18v3.46\pic18-lt\cxx-framework\src\traditional\proc\p18f25k50.asm
                 CTMUICON   0x000f88       data     extern E:\c18v3.46\pic18-lt\cxx-framework\src\traditional\proc\p18f25k50.asm
             CTMUICONbits   0x000f88       data     extern E:\c18v3.46\pic18-lt\cxx-framework\src\traditional\proc\p18f25k50.asm
              CtrlTrfData   0x000438       data     extern D:\JP\5w5s Phase II\Sensor Kit Firmware\Microchip\USB\usb_device.c
                     DDRA   0x000f92       data     extern E:\c18v3.46\pic18-lt\cxx-framework\src\traditional\proc\p18f25k50.asm
                 DDRAbits   0x000f92       data     extern E:\c18v3.46\pic18-lt\cxx-framework\src\traditional\proc\p18f25k50.asm
                     DDRB   0x000f93       data     extern E:\c18v3.46\pic18-lt\cxx-framework\src\traditional\proc\p18f25k50.asm
                 DDRBbits   0x000f93       data     extern E:\c18v3.46\pic18-lt\cxx-framework\src\traditional\proc\p18f25k50.asm
                     DDRC   0x000f94       data     extern E:\c18v3.46\pic18-lt\cxx-framework\src\traditional\proc\p18f25k50.asm
                 DDRCbits   0x000f94       data     extern E:\c18v3.46\pic18-lt\cxx-framework\src\traditional\proc\p18f25k50.asm
            DelayCounter1   0x000021       data     extern E:\c18v3.46\pic18-lt\cxx-framework\src\traditional\delays\delayd1.asm
            DelayCounter2   0x000020       data     extern E:\c18v3.46\pic18-lt\cxx-framework\src\traditional\delays\delayd2.asm
                  ECCP1AS   0x000fb6       data     extern E:\c18v3.46\pic18-lt\cxx-framework\src\traditional\proc\p18f25k50.asm
              ECCP1ASbits   0x000fb6       data     extern E:\c18v3.46\pic18-lt\cxx-framework\src\traditional\proc\p18f25k50.asm
                 ECCP1CON   0x000fbd       data     extern E:\c18v3.46\pic18-lt\cxx-framework\src\traditional\proc\p18f25k50.asm
             ECCP1CONbits   0x000fbd       data     extern E:\c18v3.46\pic18-lt\cxx-framework\src\traditional\proc\p18f25k50.asm
                 ECCP1DEL   0x000fb7       data     extern E:\c18v3.46\pic18-lt\cxx-framework\src\traditional\proc\p18f25k50.asm
             ECCP1DELbits   0x000fb7       data     extern E:\c18v3.46\pic18-lt\cxx-framework\src\traditional\proc\p18f25k50.asm
                 ECCP2CON   0x000f97       data     extern E:\c18v3.46\pic18-lt\cxx-framework\src\traditional\proc\p18f25k50.asm
             ECCP2CONbits   0x000f97       data     extern E:\c18v3.46\pic18-lt\cxx-framework\src\traditional\proc\p18f25k50.asm
                    EEADR   0x000fa9       data     extern E:\c18v3.46\pic18-lt\cxx-framework\src\traditional\proc\p18f25k50.asm
                   EECON1   0x000fa6       data     extern E:\c18v3.46\pic18-lt\cxx-framework\src\traditional\proc\p18f25k50.asm
               EECON1bits   0x000fa6       data     extern E:\c18v3.46\pic18-lt\cxx-framework\src\traditional\proc\p18f25k50.asm
                   EECON2   0x000fa7       data     extern E:\c18v3.46\pic18-lt\cxx-framework\src\traditional\proc\p18f25k50.asm
                   EEDATA   0x000fa8       data     extern E:\c18v3.46\pic18-lt\cxx-framework\src\traditional\proc\p18f25k50.asm
                     FSR0   0x000fe9       data     extern E:\c18v3.46\pic18-lt\cxx-framework\src\traditional\proc\p18f25k50.asm
                    FSR0H   0x000fea       data     extern E:\c18v3.46\pic18-lt\cxx-framework\src\traditional\proc\p18f25k50.asm
                    FSR0L   0x000fe9       data     extern E:\c18v3.46\pic18-lt\cxx-framework\src\traditional\proc\p18f25k50.asm
                     FSR1   0x000fe1       data     extern E:\c18v3.46\pic18-lt\cxx-framework\src\traditional\proc\p18f25k50.asm
                    FSR1H   0x000fe2       data     extern E:\c18v3.46\pic18-lt\cxx-framework\src\traditional\proc\p18f25k50.asm
                    FSR1L   0x000fe1       data     extern E:\c18v3.46\pic18-lt\cxx-framework\src\traditional\proc\p18f25k50.asm
                     FSR2   0x000fd9       data     extern E:\c18v3.46\pic18-lt\cxx-framework\src\traditional\proc\p18f25k50.asm
                    FSR2H   0x000fda       data     extern E:\c18v3.46\pic18-lt\cxx-framework\src\traditional\proc\p18f25k50.asm
                    FSR2L   0x000fd9       data     extern E:\c18v3.46\pic18-lt\cxx-framework\src\traditional\proc\p18f25k50.asm
  GENERAL_PURP_TIMER_TICK   0x0000fd       data     static D:\JP\5w5s Phase II\Sensor Kit Firmware\USB\Device - CDC - Sensor Kit\SensorKit\myTimers.c
                  HLVDCON   0x000f9c       data     extern E:\c18v3.46\pic18-lt\cxx-framework\src\traditional\proc\p18f25k50.asm
              HLVDCONbits   0x000f9c       data     extern E:\c18v3.46\pic18-lt\cxx-framework\src\traditional\proc\p18f25k50.asm
                    INDF0   0x000fef       data     extern E:\c18v3.46\pic18-lt\cxx-framework\src\traditional\proc\p18f25k50.asm
                    INDF1   0x000fe7       data     extern E:\c18v3.46\pic18-lt\cxx-framework\src\traditional\proc\p18f25k50.asm
                    INDF2   0x000fdf       data     extern E:\c18v3.46\pic18-lt\cxx-framework\src\traditional\proc\p18f25k50.asm
                   INTCON   0x000ff2       data     extern E:\c18v3.46\pic18-lt\cxx-framework\src\traditional\proc\p18f25k50.asm
                  INTCON2   0x000ff1       data     extern E:\c18v3.46\pic18-lt\cxx-framework\src\traditional\proc\p18f25k50.asm
              INTCON2bits   0x000ff1       data     extern E:\c18v3.46\pic18-lt\cxx-framework\src\traditional\proc\p18f25k50.asm
                  INTCON3   0x000ff0       data     extern E:\c18v3.46\pic18-lt\cxx-framework\src\traditional\proc\p18f25k50.asm
              INTCON3bits   0x000ff0       data     extern E:\c18v3.46\pic18-lt\cxx-framework\src\traditional\proc\p18f25k50.asm
               INTCONbits   0x000ff2       data     extern E:\c18v3.46\pic18-lt\cxx-framework\src\traditional\proc\p18f25k50.asm
                     IOCB   0x000f86       data     extern E:\c18v3.46\pic18-lt\cxx-framework\src\traditional\proc\p18f25k50.asm
                 IOCBbits   0x000f86       data     extern E:\c18v3.46\pic18-lt\cxx-framework\src\traditional\proc\p18f25k50.asm
                     IOCC   0x000f87       data     extern E:\c18v3.46\pic18-lt\cxx-framework\src\traditional\proc\p18f25k50.asm
                 IOCCbits   0x000f87       data     extern E:\c18v3.46\pic18-lt\cxx-framework\src\traditional\proc\p18f25k50.asm
                     IPR1   0x000f9f       data     extern E:\c18v3.46\pic18-lt\cxx-framework\src\traditional\proc\p18f25k50.asm
                 IPR1bits   0x000f9f       data     extern E:\c18v3.46\pic18-lt\cxx-framework\src\traditional\proc\p18f25k50.asm
                     IPR2   0x000fa2       data     extern E:\c18v3.46\pic18-lt\cxx-framework\src\traditional\proc\p18f25k50.asm
                 IPR2bits   0x000fa2       data     extern E:\c18v3.46\pic18-lt\cxx-framework\src\traditional\proc\p18f25k50.asm
                     IPR3   0x000fa5       data     extern E:\c18v3.46\pic18-lt\cxx-framework\src\traditional\proc\p18f25k50.asm
                 IPR3bits   0x000fa5       data     extern E:\c18v3.46\pic18-lt\cxx-framework\src\traditional\proc\p18f25k50.asm
                     LATA   0x000f89       data     extern E:\c18v3.46\pic18-lt\cxx-framework\src\traditional\proc\p18f25k50.asm
                 LATAbits   0x000f89       data     extern E:\c18v3.46\pic18-lt\cxx-framework\src\traditional\proc\p18f25k50.asm
                     LATB   0x000f8a       data     extern E:\c18v3.46\pic18-lt\cxx-framework\src\traditional\proc\p18f25k50.asm
                 LATBbits   0x000f8a       data     extern E:\c18v3.46\pic18-lt\cxx-framework\src\traditional\proc\p18f25k50.asm
                     LATC   0x000f8b       data     extern E:\c18v3.46\pic18-lt\cxx-framework\src\traditional\proc\p18f25k50.asm
                 LATCbits   0x000f8b       data     extern E:\c18v3.46\pic18-lt\cxx-framework\src\traditional\proc\p18f25k50.asm
                   OSCCON   0x000fd3       data     extern E:\c18v3.46\pic18-lt\cxx-framework\src\traditional\proc\p18f25k50.asm
                  OSCCON2   0x000fd2       data     extern E:\c18v3.46\pic18-lt\cxx-framework\src\traditional\proc\p18f25k50.asm
              OSCCON2bits   0x000fd2       data     extern E:\c18v3.46\pic18-lt\cxx-framework\src\traditional\proc\p18f25k50.asm
               OSCCONbits   0x000fd3       data     extern E:\c18v3.46\pic18-lt\cxx-framework\src\traditional\proc\p18f25k50.asm
                  OSCTUNE   0x000f9b       data     extern E:\c18v3.46\pic18-lt\cxx-framework\src\traditional\proc\p18f25k50.asm
              OSCTUNEbits   0x000f9b       data     extern E:\c18v3.46\pic18-lt\cxx-framework\src\traditional\proc\p18f25k50.asm
                       PC   0x000ff9       data     extern E:\c18v3.46\pic18-lt\cxx-framework\src\traditional\proc\p18f25k50.asm
                      PCL   0x000ff9       data     extern E:\c18v3.46\pic18-lt\cxx-framework\src\traditional\proc\p18f25k50.asm
                   PCLATH   0x000ffa       data     extern E:\c18v3.46\pic18-lt\cxx-framework\src\traditional\proc\p18f25k50.asm
                   PCLATU   0x000ffb       data     extern E:\c18v3.46\pic18-lt\cxx-framework\src\traditional\proc\p18f25k50.asm
                     PIE1   0x000f9d       data     extern E:\c18v3.46\pic18-lt\cxx-framework\src\traditional\proc\p18f25k50.asm
                 PIE1bits   0x000f9d       data     extern E:\c18v3.46\pic18-lt\cxx-framework\src\traditional\proc\p18f25k50.asm
                     PIE2   0x000fa0       data     extern E:\c18v3.46\pic18-lt\cxx-framework\src\traditional\proc\p18f25k50.asm
                 PIE2bits   0x000fa0       data     extern E:\c18v3.46\pic18-lt\cxx-framework\src\traditional\proc\p18f25k50.asm
                     PIE3   0x000fa3       data     extern E:\c18v3.46\pic18-lt\cxx-framework\src\traditional\proc\p18f25k50.asm
                 PIE3bits   0x000fa3       data     extern E:\c18v3.46\pic18-lt\cxx-framework\src\traditional\proc\p18f25k50.asm
                     PIR1   0x000f9e       data     extern E:\c18v3.46\pic18-lt\cxx-framework\src\traditional\proc\p18f25k50.asm
                 PIR1bits   0x000f9e       data     extern E:\c18v3.46\pic18-lt\cxx-framework\src\traditional\proc\p18f25k50.asm
                     PIR2   0x000fa1       data     extern E:\c18v3.46\pic18-lt\cxx-framework\src\traditional\proc\p18f25k50.asm
                 PIR2bits   0x000fa1       data     extern E:\c18v3.46\pic18-lt\cxx-framework\src\traditional\proc\p18f25k50.asm
                     PIR3   0x000fa4       data     extern E:\c18v3.46\pic18-lt\cxx-framework\src\traditional\proc\p18f25k50.asm
                 PIR3bits   0x000fa4       data     extern E:\c18v3.46\pic18-lt\cxx-framework\src\traditional\proc\p18f25k50.asm
                   PLUSW0   0x000feb       data     extern E:\c18v3.46\pic18-lt\cxx-framework\src\traditional\proc\p18f25k50.asm
                   PLUSW1   0x000fe3       data     extern E:\c18v3.46\pic18-lt\cxx-framework\src\traditional\proc\p18f25k50.asm
                   PLUSW2   0x000fdb       data     extern E:\c18v3.46\pic18-lt\cxx-framework\src\traditional\proc\p18f25k50.asm
                     PMD0   0x000f7e       data     extern E:\c18v3.46\pic18-lt\cxx-framework\src\traditional\proc\p18f25k50.asm
                 PMD0bits   0x000f7e       data     extern E:\c18v3.46\pic18-lt\cxx-framework\src\traditional\proc\p18f25k50.asm
                     PMD1   0x000f7f       data     extern E:\c18v3.46\pic18-lt\cxx-framework\src\traditional\proc\p18f25k50.asm
                 PMD1bits   0x000f7f       data     extern E:\c18v3.46\pic18-lt\cxx-framework\src\traditional\proc\p18f25k50.asm
                    PORTA   0x000f80       data     extern E:\c18v3.46\pic18-lt\cxx-framework\src\traditional\proc\p18f25k50.asm
                PORTAbits   0x000f80       data     extern E:\c18v3.46\pic18-lt\cxx-framework\src\traditional\proc\p18f25k50.asm
                    PORTB   0x000f81       data     extern E:\c18v3.46\pic18-lt\cxx-framework\src\traditional\proc\p18f25k50.asm
                PORTBbits   0x000f81       data     extern E:\c18v3.46\pic18-lt\cxx-framework\src\traditional\proc\p18f25k50.asm
                    PORTC   0x000f82       data     extern E:\c18v3.46\pic18-lt\cxx-framework\src\traditional\proc\p18f25k50.asm
                PORTCbits   0x000f82       data     extern E:\c18v3.46\pic18-lt\cxx-framework\src\traditional\proc\p18f25k50.asm
                    PORTE   0x000f84       data     extern E:\c18v3.46\pic18-lt\cxx-framework\src\traditional\proc\p18f25k50.asm
                PORTEbits   0x000f84       data     extern E:\c18v3.46\pic18-lt\cxx-framework\src\traditional\proc\p18f25k50.asm
                 POSTDEC0   0x000fed       data     extern E:\c18v3.46\pic18-lt\cxx-framework\src\traditional\proc\p18f25k50.asm
                 POSTDEC1   0x000fe5       data     extern E:\c18v3.46\pic18-lt\cxx-framework\src\traditional\proc\p18f25k50.asm
                 POSTDEC2   0x000fdd       data     extern E:\c18v3.46\pic18-lt\cxx-framework\src\traditional\proc\p18f25k50.asm
                 POSTINC0   0x000fee       data     extern E:\c18v3.46\pic18-lt\cxx-framework\src\traditional\proc\p18f25k50.asm
                 POSTINC1   0x000fe6       data     extern E:\c18v3.46\pic18-lt\cxx-framework\src\traditional\proc\p18f25k50.asm
                 POSTINC2   0x000fde       data     extern E:\c18v3.46\pic18-lt\cxx-framework\src\traditional\proc\p18f25k50.asm
                      PR2   0x000fbb       data     extern E:\c18v3.46\pic18-lt\cxx-framework\src\traditional\proc\p18f25k50.asm
                  PREINC0   0x000fec       data     extern E:\c18v3.46\pic18-lt\cxx-framework\src\traditional\proc\p18f25k50.asm
                  PREINC1   0x000fe4       data     extern E:\c18v3.46\pic18-lt\cxx-framework\src\traditional\proc\p18f25k50.asm
                  PREINC2   0x000fdc       data     extern E:\c18v3.46\pic18-lt\cxx-framework\src\traditional\proc\p18f25k50.asm
                     PROD   0x000ff3       data     extern E:\c18v3.46\pic18-lt\cxx-framework\src\traditional\proc\p18f25k50.asm
                    PRODH   0x000ff4       data     extern E:\c18v3.46\pic18-lt\cxx-framework\src\traditional\proc\p18f25k50.asm
                    PRODL   0x000ff3       data     extern E:\c18v3.46\pic18-lt\cxx-framework\src\traditional\proc\p18f25k50.asm
                 PSTR1CON   0x000fb9       data     extern E:\c18v3.46\pic18-lt\cxx-framework\src\traditional\proc\p18f25k50.asm
             PSTR1CONbits   0x000fb9       data     extern E:\c18v3.46\pic18-lt\cxx-framework\src\traditional\proc\p18f25k50.asm
                  PWM1CON   0x000fb7       data     extern E:\c18v3.46\pic18-lt\cxx-framework\src\traditional\proc\p18f25k50.asm
              PWM1CONbits   0x000fb7       data     extern E:\c18v3.46\pic18-lt\cxx-framework\src\traditional\proc\p18f25k50.asm
                     RCON   0x000fd0       data     extern E:\c18v3.46\pic18-lt\cxx-framework\src\traditional\proc\p18f25k50.asm
                 RCONbits   0x000fd0       data     extern E:\c18v3.46\pic18-lt\cxx-framework\src\traditional\proc\p18f25k50.asm
                    RCREG   0x000fae       data     extern E:\c18v3.46\pic18-lt\cxx-framework\src\traditional\proc\p18f25k50.asm
                   RCREG1   0x000fae       data     extern E:\c18v3.46\pic18-lt\cxx-framework\src\traditional\proc\p18f25k50.asm
                    RCSTA   0x000fab       data     extern E:\c18v3.46\pic18-lt\cxx-framework\src\traditional\proc\p18f25k50.asm
                   RCSTA1   0x000fab       data     extern E:\c18v3.46\pic18-lt\cxx-framework\src\traditional\proc\p18f25k50.asm
               RCSTA1bits   0x000fab       data     extern E:\c18v3.46\pic18-lt\cxx-framework\src\traditional\proc\p18f25k50.asm
                RCSTAbits   0x000fab       data     extern E:\c18v3.46\pic18-lt\cxx-framework\src\traditional\proc\p18f25k50.asm
             RemoteWakeup   0x0005b5       data     extern D:\JP\5w5s Phase II\Sensor Kit Firmware\Microchip\USB\usb_device.c
                     SIGN   0x000000       data     extern E:\c18v3.46\pic18-lt\cxx-framework\src\traditional\math\cmath18.asm
                   SLRCON   0x000f7a       data     extern E:\c18v3.46\pic18-lt\cxx-framework\src\traditional\proc\p18f25k50.asm
               SLRCONbits   0x000f7a       data     extern E:\c18v3.46\pic18-lt\cxx-framework\src\traditional\proc\p18f25k50.asm
                    SPBRG   0x000faf       data     extern E:\c18v3.46\pic18-lt\cxx-framework\src\traditional\proc\p18f25k50.asm
                   SPBRG1   0x000faf       data     extern E:\c18v3.46\pic18-lt\cxx-framework\src\traditional\proc\p18f25k50.asm
               SPBRG1bits   0x000faf       data     extern E:\c18v3.46\pic18-lt\cxx-framework\src\traditional\proc\p18f25k50.asm
                   SPBRGH   0x000fb0       data     extern E:\c18v3.46\pic18-lt\cxx-framework\src\traditional\proc\p18f25k50.asm
                  SPBRGH1   0x000fb0       data     extern E:\c18v3.46\pic18-lt\cxx-framework\src\traditional\proc\p18f25k50.asm
              SPBRGH1bits   0x000fb0       data     extern E:\c18v3.46\pic18-lt\cxx-framework\src\traditional\proc\p18f25k50.asm
               SPBRGHbits   0x000fb0       data     extern E:\c18v3.46\pic18-lt\cxx-framework\src\traditional\proc\p18f25k50.asm
                SPBRGbits   0x000faf       data     extern E:\c18v3.46\pic18-lt\cxx-framework\src\traditional\proc\p18f25k50.asm
                   SRCON0   0x000f58       data     extern E:\c18v3.46\pic18-lt\cxx-framework\src\traditional\proc\p18f25k50.asm
               SRCON0bits   0x000f58       data     extern E:\c18v3.46\pic18-lt\cxx-framework\src\traditional\proc\p18f25k50.asm
                   SRCON1   0x000f57       data     extern E:\c18v3.46\pic18-lt\cxx-framework\src\traditional\proc\p18f25k50.asm
               SRCON1bits   0x000f57       data     extern E:\c18v3.46\pic18-lt\cxx-framework\src\traditional\proc\p18f25k50.asm
                  SSP1ADD   0x000fc8       data     extern E:\c18v3.46\pic18-lt\cxx-framework\src\traditional\proc\p18f25k50.asm
              SSP1ADDbits   0x000fc8       data     extern E:\c18v3.46\pic18-lt\cxx-framework\src\traditional\proc\p18f25k50.asm
                  SSP1BUF   0x000fc9       data     extern E:\c18v3.46\pic18-lt\cxx-framework\src\traditional\proc\p18f25k50.asm
                  SSP1CON   0x000fc6       data     extern E:\c18v3.46\pic18-lt\cxx-framework\src\traditional\proc\p18f25k50.asm
                 SSP1CON1   0x000fc6       data     extern E:\c18v3.46\pic18-lt\cxx-framework\src\traditional\proc\p18f25k50.asm
             SSP1CON1bits   0x000fc6       data     extern E:\c18v3.46\pic18-lt\cxx-framework\src\traditional\proc\p18f25k50.asm
                 SSP1CON2   0x000fc5       data     extern E:\c18v3.46\pic18-lt\cxx-framework\src\traditional\proc\p18f25k50.asm
             SSP1CON2bits   0x000fc5       data     extern E:\c18v3.46\pic18-lt\cxx-framework\src\traditional\proc\p18f25k50.asm
                 SSP1CON3   0x000fcb       data     extern E:\c18v3.46\pic18-lt\cxx-framework\src\traditional\proc\p18f25k50.asm
             SSP1CON3bits   0x000fcb       data     extern E:\c18v3.46\pic18-lt\cxx-framework\src\traditional\proc\p18f25k50.asm
              SSP1CONbits   0x000fc6       data     extern E:\c18v3.46\pic18-lt\cxx-framework\src\traditional\proc\p18f25k50.asm
                  SSP1MSK   0x000fca       data     extern E:\c18v3.46\pic18-lt\cxx-framework\src\traditional\proc\p18f25k50.asm
              SSP1MSKbits   0x000fca       data     extern E:\c18v3.46\pic18-lt\cxx-framework\src\traditional\proc\p18f25k50.asm
                 SSP1STAT   0x000fc7       data     extern E:\c18v3.46\pic18-lt\cxx-framework\src\traditional\proc\p18f25k50.asm
             SSP1STATbits   0x000fc7       data     extern E:\c18v3.46\pic18-lt\cxx-framework\src\traditional\proc\p18f25k50.asm
                   SSPADD   0x000fc8       data     extern E:\c18v3.46\pic18-lt\cxx-framework\src\traditional\proc\p18f25k50.asm
               SSPADDbits   0x000fc8       data     extern E:\c18v3.46\pic18-lt\cxx-framework\src\traditional\proc\p18f25k50.asm
                   SSPBUF   0x000fc9       data     extern E:\c18v3.46\pic18-lt\cxx-framework\src\traditional\proc\p18f25k50.asm
                   SSPCON   0x000fc6       data     extern E:\c18v3.46\pic18-lt\cxx-framework\src\traditional\proc\p18f25k50.asm
                  SSPCON2   0x000fc5       data     extern E:\c18v3.46\pic18-lt\cxx-framework\src\traditional\proc\p18f25k50.asm
              SSPCON2bits   0x000fc5       data     extern E:\c18v3.46\pic18-lt\cxx-framework\src\traditional\proc\p18f25k50.asm
                  SSPCON3   0x000fcb       data     extern E:\c18v3.46\pic18-lt\cxx-framework\src\traditional\proc\p18f25k50.asm
              SSPCON3bits   0x000fcb       data     extern E:\c18v3.46\pic18-lt\cxx-framework\src\traditional\proc\p18f25k50.asm
               SSPCONbits   0x000fc6       data     extern E:\c18v3.46\pic18-lt\cxx-framework\src\traditional\proc\p18f25k50.asm
                   SSPMSK   0x000fca       data     extern E:\c18v3.46\pic18-lt\cxx-framework\src\traditional\proc\p18f25k50.asm
               SSPMSKbits   0x000fca       data     extern E:\c18v3.46\pic18-lt\cxx-framework\src\traditional\proc\p18f25k50.asm
                  SSPSTAT   0x000fc7       data     extern E:\c18v3.46\pic18-lt\cxx-framework\src\traditional\proc\p18f25k50.asm
              SSPSTATbits   0x000fc7       data     extern E:\c18v3.46\pic18-lt\cxx-framework\src\traditional\proc\p18f25k50.asm
                   STATUS   0x000fd8       data     extern E:\c18v3.46\pic18-lt\cxx-framework\src\traditional\proc\p18f25k50.asm
               STATUSbits   0x000fd8       data     extern E:\c18v3.46\pic18-lt\cxx-framework\src\traditional\proc\p18f25k50.asm
                    STCON   0x000fb5       data     extern E:\c18v3.46\pic18-lt\cxx-framework\src\traditional\proc\p18f25k50.asm
                STCONbits   0x000fb5       data     extern E:\c18v3.46\pic18-lt\cxx-framework\src\traditional\proc\p18f25k50.asm
                   STKPTR   0x000ffc       data     extern E:\c18v3.46\pic18-lt\cxx-framework\src\traditional\proc\p18f25k50.asm
               STKPTRbits   0x000ffc       data     extern E:\c18v3.46\pic18-lt\cxx-framework\src\traditional\proc\p18f25k50.asm
                 SetupPkt   0x000430       data     extern D:\JP\5w5s Phase II\Sensor Kit Firmware\Microchip\USB\usb_device.c
                    T0CON   0x000fd5       data     extern E:\c18v3.46\pic18-lt\cxx-framework\src\traditional\proc\p18f25k50.asm
                T0CONbits   0x000fd5       data     extern E:\c18v3.46\pic18-lt\cxx-framework\src\traditional\proc\p18f25k50.asm
                    T1CON   0x000fcd       data     extern E:\c18v3.46\pic18-lt\cxx-framework\src\traditional\proc\p18f25k50.asm
                T1CONbits   0x000fcd       data     extern E:\c18v3.46\pic18-lt\cxx-framework\src\traditional\proc\p18f25k50.asm
                   T1GCON   0x000fcc       data     extern E:\c18v3.46\pic18-lt\cxx-framework\src\traditional\proc\p18f25k50.asm
               T1GCONbits   0x000fcc       data     extern E:\c18v3.46\pic18-lt\cxx-framework\src\traditional\proc\p18f25k50.asm
                    T2CON   0x000fba       data     extern E:\c18v3.46\pic18-lt\cxx-framework\src\traditional\proc\p18f25k50.asm
                T2CONbits   0x000fba       data     extern E:\c18v3.46\pic18-lt\cxx-framework\src\traditional\proc\p18f25k50.asm
                    T3CON   0x000fb1       data     extern E:\c18v3.46\pic18-lt\cxx-framework\src\traditional\proc\p18f25k50.asm
                T3CONbits   0x000fb1       data     extern E:\c18v3.46\pic18-lt\cxx-framework\src\traditional\proc\p18f25k50.asm
                   T3GCON   0x000fb4       data     extern E:\c18v3.46\pic18-lt\cxx-framework\src\traditional\proc\p18f25k50.asm
               T3GCONbits   0x000fb4       data     extern E:\c18v3.46\pic18-lt\cxx-framework\src\traditional\proc\p18f25k50.asm
                   TABLAT   0x000ff5       data     extern E:\c18v3.46\pic18-lt\cxx-framework\src\traditional\proc\p18f25k50.asm
                   TBLPTR   0x000ff6       data     extern E:\c18v3.46\pic18-lt\cxx-framework\src\traditional\proc\p18f25k50.asm
                  TBLPTRH   0x000ff7       data     extern E:\c18v3.46\pic18-lt\cxx-framework\src\traditional\proc\p18f25k50.asm
                  TBLPTRL   0x000ff6       data     extern E:\c18v3.46\pic18-lt\cxx-framework\src\traditional\proc\p18f25k50.asm
                  TBLPTRU   0x000ff8       data     extern E:\c18v3.46\pic18-lt\cxx-framework\src\traditional\proc\p18f25k50.asm
                    TMR0H   0x000fd7       data     extern E:\c18v3.46\pic18-lt\cxx-framework\src\traditional\proc\p18f25k50.asm
                    TMR0L   0x000fd6       data     extern E:\c18v3.46\pic18-lt\cxx-framework\src\traditional\proc\p18f25k50.asm
                    TMR1H   0x000fcf       data     extern E:\c18v3.46\pic18-lt\cxx-framework\src\traditional\proc\p18f25k50.asm
                    TMR1L   0x000fce       data     extern E:\c18v3.46\pic18-lt\cxx-framework\src\traditional\proc\p18f25k50.asm
                     TMR2   0x000fbc       data     extern E:\c18v3.46\pic18-lt\cxx-framework\src\traditional\proc\p18f25k50.asm
                    TMR3H   0x000fb3       data     extern E:\c18v3.46\pic18-lt\cxx-framework\src\traditional\proc\p18f25k50.asm
                    TMR3L   0x000fb2       data     extern E:\c18v3.46\pic18-lt\cxx-framework\src\traditional\proc\p18f25k50.asm
                      TOS   0x000ffd       data     extern E:\c18v3.46\pic18-lt\cxx-framework\src\traditional\proc\p18f25k50.asm
                     TOSH   0x000ffe       data     extern E:\c18v3.46\pic18-lt\cxx-framework\src\traditional\proc\p18f25k50.asm
                     TOSL   0x000ffd       data     extern E:\c18v3.46\pic18-lt\cxx-framework\src\traditional\proc\p18f25k50.asm
                     TOSU   0x000fff       data     extern E:\c18v3.46\pic18-lt\cxx-framework\src\traditional\proc\p18f25k50.asm
                    TRISA   0x000f92       data     extern E:\c18v3.46\pic18-lt\cxx-framework\src\traditional\proc\p18f25k50.asm
                TRISAbits   0x000f92       data     extern E:\c18v3.46\pic18-lt\cxx-framework\src\traditional\proc\p18f25k50.asm
                    TRISB   0x000f93       data     extern E:\c18v3.46\pic18-lt\cxx-framework\src\traditional\proc\p18f25k50.asm
                TRISBbits   0x000f93       data     extern E:\c18v3.46\pic18-lt\cxx-framework\src\traditional\proc\p18f25k50.asm
                    TRISC   0x000f94       data     extern E:\c18v3.46\pic18-lt\cxx-framework\src\traditional\proc\p18f25k50.asm
                TRISCbits   0x000f94       data     extern E:\c18v3.46\pic18-lt\cxx-framework\src\traditional\proc\p18f25k50.asm
                    TXREG   0x000fad       data     extern E:\c18v3.46\pic18-lt\cxx-framework\src\traditional\proc\p18f25k50.asm
                   TXREG1   0x000fad       data     extern E:\c18v3.46\pic18-lt\cxx-framework\src\traditional\proc\p18f25k50.asm
                    TXSTA   0x000fac       data     extern E:\c18v3.46\pic18-lt\cxx-framework\src\traditional\proc\p18f25k50.asm
                   TXSTA1   0x000fac       data     extern E:\c18v3.46\pic18-lt\cxx-framework\src\traditional\proc\p18f25k50.asm
               TXSTA1bits   0x000fac       data     extern E:\c18v3.46\pic18-lt\cxx-framework\src\traditional\proc\p18f25k50.asm
                TXSTAbits   0x000fac       data     extern E:\c18v3.46\pic18-lt\cxx-framework\src\traditional\proc\p18f25k50.asm
                    UADDR   0x000f63       data     extern E:\c18v3.46\pic18-lt\cxx-framework\src\traditional\proc\p18f25k50.asm
                UADDRbits   0x000f63       data     extern E:\c18v3.46\pic18-lt\cxx-framework\src\traditional\proc\p18f25k50.asm
                     UCFG   0x000f62       data     extern E:\c18v3.46\pic18-lt\cxx-framework\src\traditional\proc\p18f25k50.asm
                 UCFGbits   0x000f62       data     extern E:\c18v3.46\pic18-lt\cxx-framework\src\traditional\proc\p18f25k50.asm
                     UCON   0x000f60       data     extern E:\c18v3.46\pic18-lt\cxx-framework\src\traditional\proc\p18f25k50.asm
                 UCONbits   0x000f60       data     extern E:\c18v3.46\pic18-lt\cxx-framework\src\traditional\proc\p18f25k50.asm
                     UEIE   0x000f66       data     extern E:\c18v3.46\pic18-lt\cxx-framework\src\traditional\proc\p18f25k50.asm
                 UEIEbits   0x000f66       data     extern E:\c18v3.46\pic18-lt\cxx-framework\src\traditional\proc\p18f25k50.asm
                     UEIR   0x000f67       data     extern E:\c18v3.46\pic18-lt\cxx-framework\src\traditional\proc\p18f25k50.asm
                 UEIRbits   0x000f67       data     extern E:\c18v3.46\pic18-lt\cxx-framework\src\traditional\proc\p18f25k50.asm
                     UEP0   0x000f6a       data     extern E:\c18v3.46\pic18-lt\cxx-framework\src\traditional\proc\p18f25k50.asm
                 UEP0bits   0x000f6a       data     extern E:\c18v3.46\pic18-lt\cxx-framework\src\traditional\proc\p18f25k50.asm
                     UEP1   0x000f6b       data     extern E:\c18v3.46\pic18-lt\cxx-framework\src\traditional\proc\p18f25k50.asm
                    UEP10   0x000f74       data     extern E:\c18v3.46\pic18-lt\cxx-framework\src\traditional\proc\p18f25k50.asm
                UEP10bits   0x000f74       data     extern E:\c18v3.46\pic18-lt\cxx-framework\src\traditional\proc\p18f25k50.asm
                    UEP11   0x000f75       data     extern E:\c18v3.46\pic18-lt\cxx-framework\src\traditional\proc\p18f25k50.asm
                UEP11bits   0x000f75       data     extern E:\c18v3.46\pic18-lt\cxx-framework\src\traditional\proc\p18f25k50.asm
                    UEP12   0x000f76       data     extern E:\c18v3.46\pic18-lt\cxx-framework\src\traditional\proc\p18f25k50.asm
                UEP12bits   0x000f76       data     extern E:\c18v3.46\pic18-lt\cxx-framework\src\traditional\proc\p18f25k50.asm
                    UEP13   0x000f77       data     extern E:\c18v3.46\pic18-lt\cxx-framework\src\traditional\proc\p18f25k50.asm
                UEP13bits   0x000f77       data     extern E:\c18v3.46\pic18-lt\cxx-framework\src\traditional\proc\p18f25k50.asm
                    UEP14   0x000f78       data     extern E:\c18v3.46\pic18-lt\cxx-framework\src\traditional\proc\p18f25k50.asm
                UEP14bits   0x000f78       data     extern E:\c18v3.46\pic18-lt\cxx-framework\src\traditional\proc\p18f25k50.asm
                    UEP15   0x000f79       data     extern E:\c18v3.46\pic18-lt\cxx-framework\src\traditional\proc\p18f25k50.asm
                UEP15bits   0x000f79       data     extern E:\c18v3.46\pic18-lt\cxx-framework\src\traditional\proc\p18f25k50.asm
                 UEP1bits   0x000f6b       data     extern E:\c18v3.46\pic18-lt\cxx-framework\src\traditional\proc\p18f25k50.asm
                     UEP2   0x000f6c       data     extern E:\c18v3.46\pic18-lt\cxx-framework\src\traditional\proc\p18f25k50.asm
                 UEP2bits   0x000f6c       data     extern E:\c18v3.46\pic18-lt\cxx-framework\src\traditional\proc\p18f25k50.asm
                     UEP3   0x000f6d       data     extern E:\c18v3.46\pic18-lt\cxx-framework\src\traditional\proc\p18f25k50.asm
                 UEP3bits   0x000f6d       data     extern E:\c18v3.46\pic18-lt\cxx-framework\src\traditional\proc\p18f25k50.asm
                     UEP4   0x000f6e       data     extern E:\c18v3.46\pic18-lt\cxx-framework\src\traditional\proc\p18f25k50.asm
                 UEP4bits   0x000f6e       data     extern E:\c18v3.46\pic18-lt\cxx-framework\src\traditional\proc\p18f25k50.asm
                     UEP5   0x000f6f       data     extern E:\c18v3.46\pic18-lt\cxx-framework\src\traditional\proc\p18f25k50.asm
                 UEP5bits   0x000f6f       data     extern E:\c18v3.46\pic18-lt\cxx-framework\src\traditional\proc\p18f25k50.asm
                     UEP6   0x000f70       data     extern E:\c18v3.46\pic18-lt\cxx-framework\src\traditional\proc\p18f25k50.asm
                 UEP6bits   0x000f70       data     extern E:\c18v3.46\pic18-lt\cxx-framework\src\traditional\proc\p18f25k50.asm
                     UEP7   0x000f71       data     extern E:\c18v3.46\pic18-lt\cxx-framework\src\traditional\proc\p18f25k50.asm
                 UEP7bits   0x000f71       data     extern E:\c18v3.46\pic18-lt\cxx-framework\src\traditional\proc\p18f25k50.asm
                     UEP8   0x000f72       data     extern E:\c18v3.46\pic18-lt\cxx-framework\src\traditional\proc\p18f25k50.asm
                 UEP8bits   0x000f72       data     extern E:\c18v3.46\pic18-lt\cxx-framework\src\traditional\proc\p18f25k50.asm
                     UEP9   0x000f73       data     extern E:\c18v3.46\pic18-lt\cxx-framework\src\traditional\proc\p18f25k50.asm
                 UEP9bits   0x000f73       data     extern E:\c18v3.46\pic18-lt\cxx-framework\src\traditional\proc\p18f25k50.asm
                     UFRM   0x000f68       data     extern E:\c18v3.46\pic18-lt\cxx-framework\src\traditional\proc\p18f25k50.asm
                    UFRMH   0x000f69       data     extern E:\c18v3.46\pic18-lt\cxx-framework\src\traditional\proc\p18f25k50.asm
                UFRMHbits   0x000f69       data     extern E:\c18v3.46\pic18-lt\cxx-framework\src\traditional\proc\p18f25k50.asm
                    UFRML   0x000f68       data     extern E:\c18v3.46\pic18-lt\cxx-framework\src\traditional\proc\p18f25k50.asm
                UFRMLbits   0x000f68       data     extern E:\c18v3.46\pic18-lt\cxx-framework\src\traditional\proc\p18f25k50.asm
                      UIE   0x000f64       data     extern E:\c18v3.46\pic18-lt\cxx-framework\src\traditional\proc\p18f25k50.asm
                  UIEbits   0x000f64       data     extern E:\c18v3.46\pic18-lt\cxx-framework\src\traditional\proc\p18f25k50.asm
                      UIR   0x000f65       data     extern E:\c18v3.46\pic18-lt\cxx-framework\src\traditional\proc\p18f25k50.asm
                  UIRbits   0x000f65       data     extern E:\c18v3.46\pic18-lt\cxx-framework\src\traditional\proc\p18f25k50.asm
   USBActiveConfiguration   0x000592       data     extern D:\JP\5w5s Phase II\Sensor Kit Firmware\Microchip\USB\usb_device.c
    USBAlternateInterface   0x000593       data     extern D:\JP\5w5s Phase II\Sensor Kit Firmware\Microchip\USB\usb_device.c
        USBBusIsSuspended   0x0005b6       data     extern D:\JP\5w5s Phase II\Sensor Kit Firmware\Microchip\USB\usb_device.c
USBDeferINDataStagePackets   0x0005c4       data     extern D:\JP\5w5s Phase II\Sensor Kit Firmware\Microchip\USB\usb_device.c
USBDeferOUTDataStagePackets   0x0005c5       data     extern D:\JP\5w5s Phase II\Sensor Kit Firmware\Microchip\USB\usb_device.c
USBDeferStatusStagePacket   0x0005c1       data     extern D:\JP\5w5s Phase II\Sensor Kit Firmware\Microchip\USB\usb_device.c
           USBDeviceState   0x000591       data     extern D:\JP\5w5s Phase II\Sensor Kit Firmware\Microchip\USB\usb_device.c
USBStatusStageEnabledFlag1   0x0005c2       data     extern D:\JP\5w5s Phase II\Sensor Kit Firmware\Microchip\USB\usb_device.c
USBStatusStageEnabledFlag2   0x0005c3       data     extern D:\JP\5w5s Phase II\Sensor Kit Firmware\Microchip\USB\usb_device.c
USBStatusStageTimeoutCounter   0x0005c0       data     extern D:\JP\5w5s Phase II\Sensor Kit Firmware\Microchip\USB\usb_device.c
            USB_In_Buffer   0x000060       data     extern D:\JP\5w5s Phase II\Sensor Kit Firmware\USB\Device - CDC - Sensor Kit\SensorKit\main.c
           USB_Out_Buffer   0x0000a0       data     extern D:\JP\5w5s Phase II\Sensor Kit Firmware\USB\Device - CDC - Sensor Kit\SensorKit\main.c
                    USTAT   0x000f61       data     extern E:\c18v3.46\pic18-lt\cxx-framework\src\traditional\proc\p18f25k50.asm
                USTATbits   0x000f61       data     extern E:\c18v3.46\pic18-lt\cxx-framework\src\traditional\proc\p18f25k50.asm
                USTATcopy   0x0005b7       data     extern D:\JP\5w5s Phase II\Sensor Kit Firmware\Microchip\USB\usb_device.c
                 VREFCON0   0x000f7d       data     extern E:\c18v3.46\pic18-lt\cxx-framework\src\traditional\proc\p18f25k50.asm
             VREFCON0bits   0x000f7d       data     extern E:\c18v3.46\pic18-lt\cxx-framework\src\traditional\proc\p18f25k50.asm
                 VREFCON1   0x000f7c       data     extern E:\c18v3.46\pic18-lt\cxx-framework\src\traditional\proc\p18f25k50.asm
             VREFCON1bits   0x000f7c       data     extern E:\c18v3.46\pic18-lt\cxx-framework\src\traditional\proc\p18f25k50.asm
                 VREFCON2   0x000f7b       data     extern E:\c18v3.46\pic18-lt\cxx-framework\src\traditional\proc\p18f25k50.asm
             VREFCON2bits   0x000f7b       data     extern E:\c18v3.46\pic18-lt\cxx-framework\src\traditional\proc\p18f25k50.asm
                  VREGCON   0x000f5a       data     extern E:\c18v3.46\pic18-lt\cxx-framework\src\traditional\proc\p18f25k50.asm
              VREGCONbits   0x000f5a       data     extern E:\c18v3.46\pic18-lt\cxx-framework\src\traditional\proc\p18f25k50.asm
                   WDTCON   0x000fd1       data     extern E:\c18v3.46\pic18-lt\cxx-framework\src\traditional\proc\p18f25k50.asm
               WDTCONbits   0x000fd1       data     extern E:\c18v3.46\pic18-lt\cxx-framework\src\traditional\proc\p18f25k50.asm
                     WPUB   0x000f85       data     extern E:\c18v3.46\pic18-lt\cxx-framework\src\traditional\proc\p18f25k50.asm
                 WPUBbits   0x000f85       data     extern E:\c18v3.46\pic18-lt\cxx-framework\src\traditional\proc\p18f25k50.asm
                     WREG   0x000fe8       data     extern E:\c18v3.46\pic18-lt\cxx-framework\src\traditional\proc\p18f25k50.asm
                 __AARGB0   0x000009       data     extern E:\c18v3.46\pic18-lt\cxx-framework\src\traditional\math\aarg.asm
                 __AARGB1   0x000008       data     extern E:\c18v3.46\pic18-lt\cxx-framework\src\traditional\math\aarg.asm
                 __AARGB2   0x000007       data     extern E:\c18v3.46\pic18-lt\cxx-framework\src\traditional\math\aarg.asm
                 __AARGB3   0x000006       data     extern E:\c18v3.46\pic18-lt\cxx-framework\src\traditional\math\aarg.asm
                 __AARGB4   0x000005       data     extern E:\c18v3.46\pic18-lt\cxx-framework\src\traditional\math\aarg.asm
                 __AARGB5   0x000004       data     extern E:\c18v3.46\pic18-lt\cxx-framework\src\traditional\math\aarg.asm
                 __AARGB6   0x000003       data     extern E:\c18v3.46\pic18-lt\cxx-framework\src\traditional\math\aarg.asm
                 __AARGB7   0x000002       data     extern E:\c18v3.46\pic18-lt\cxx-framework\src\traditional\math\aarg.asm
                   __AEXP   0x00000a       data     extern E:\c18v3.46\pic18-lt\cxx-framework\src\traditional\math\aarg.asm
                 __BARGB0   0x00000e       data     extern E:\c18v3.46\pic18-lt\cxx-framework\src\traditional\math\barg.asm
                 __BARGB1   0x00000d       data     extern E:\c18v3.46\pic18-lt\cxx-framework\src\traditional\math\barg.asm
                 __BARGB2   0x00000c       data     extern E:\c18v3.46\pic18-lt\cxx-framework\src\traditional\math\barg.asm
                 __BARGB3   0x00000b       data     extern E:\c18v3.46\pic18-lt\cxx-framework\src\traditional\math\barg.asm
                   __BEXP   0x00000f       data     extern E:\c18v3.46\pic18-lt\cxx-framework\src\traditional\math\barg.asm
                __FPFLAGS   0x000001       data     extern E:\c18v3.46\pic18-lt\cxx-framework\src\traditional\math\cmath18.asm
            __FPFLAGSbits   0x000001       data     extern E:\c18v3.46\pic18-lt\cxx-framework\src\traditional\math\cmath18.asm
                  __REMB0   0x000005       data     extern E:\c18v3.46\pic18-lt\cxx-framework\src\traditional\math\aarg.asm
                  __REMB1   0x000004       data     extern E:\c18v3.46\pic18-lt\cxx-framework\src\traditional\math\aarg.asm
                  __REMB2   0x000003       data     extern E:\c18v3.46\pic18-lt\cxx-framework\src\traditional\math\aarg.asm
                  __REMB3   0x000002       data     extern E:\c18v3.46\pic18-lt\cxx-framework\src\traditional\math\aarg.asm
                   __TEMP   0x000013       data     extern E:\c18v3.46\pic18-lt\cxx-framework\src\traditional\math\temparg.asm
                 __TEMPB0   0x000013       data     extern E:\c18v3.46\pic18-lt\cxx-framework\src\traditional\math\temparg.asm
                 __TEMPB1   0x000012       data     extern E:\c18v3.46\pic18-lt\cxx-framework\src\traditional\math\temparg.asm
                 __TEMPB2   0x000011       data     extern E:\c18v3.46\pic18-lt\cxx-framework\src\traditional\math\temparg.asm
[...]
                    TXSTA   0x000fac       data     extern E:\c18v3.46\pic18-lt\cxx-framework\src\traditional\proc\p18f25k50.asm
                   TXSTA1   0x000fac       data     extern E:\c18v3.46\pic18-lt\cxx-framework\src\traditional\proc\p18f25k50.asm
               TXSTA1bits   0x000fac       data     extern E:\c18v3.46\pic18-lt\cxx-framework\src\traditional\proc\p18f25k50.asm
                TXSTAbits   0x000fac       data     extern E:\c18v3.46\pic18-lt\cxx-framework\src\traditional\proc\p18f25k50.asm
                   TXREG1   0x000fad       data     extern E:\c18v3.46\pic18-lt\cxx-framework\src\traditional\proc\p18f25k50.asm
                    TXREG   0x000fad       data     extern E:\c18v3.46\pic18-lt\cxx-framework\src\traditional\proc\p18f25k50.asm
                   RCREG1   0x000fae       data     extern E:\c18v3.46\pic18-lt\cxx-framework\src\traditional\proc\p18f25k50.asm
                    RCREG   0x000fae       data     extern E:\c18v3.46\pic18-lt\cxx-framework\src\traditional\proc\p18f25k50.asm
                   SPBRG1   0x000faf       data     extern E:\c18v3.46\pic18-lt\cxx-framework\src\traditional\proc\p18f25k50.asm
               SPBRG1bits   0x000faf       data     extern E:\c18v3.46\pic18-lt\cxx-framework\src\traditional\proc\p18f25k50.asm
                    SPBRG   0x000faf       data     extern E:\c18v3.46\pic18-lt\cxx-framework\src\traditional\proc\p18f25k50.asm
                SPBRGbits   0x000faf       data     extern E:\c18v3.46\pic18-lt\cxx-framework\src\traditional\proc\p18f25k50.asm
               SPBRGHbits   0x000fb0       data     extern E:\c18v3.46\pic18-lt\cxx-framework\src\traditional\proc\p18f25k50.asm
                   SPBRGH   0x000fb0       data     extern E:\c18v3.46\pic18-lt\cxx-framework\src\traditional\proc\p18f25k50.asm
                  SPBRGH1   0x000fb0       data     extern E:\c18v3.46\pic18-lt\cxx-framework\src\traditional\proc\p18f25k50.asm
              SPBRGH1bits   0x000fb0       data     extern E:\c18v3.46\pic18-lt\cxx-framework\src\traditional\proc\p18f25k50.asm
                    T3CON   0x000fb1       data     extern E:\c18v3.46\pic18-lt\cxx-framework\src\traditional\proc\p18f25k50.asm
                T3CONbits   0x000fb1       data     extern E:\c18v3.46\pic18-lt\cxx-framework\src\traditional\proc\p18f25k50.asm
                    TMR3L   0x000fb2       data     extern E:\c18v3.46\pic18-lt\cxx-framework\src\traditional\proc\p18f25k50.asm
                    TMR3H   0x000fb3       data     extern E:\c18v3.46\pic18-lt\cxx-framework\src\traditional\proc\p18f25k50.asm
                   T3GCON   0x000fb4       data     extern E:\c18v3.46\pic18-lt\cxx-framework\src\traditional\proc\p18f25k50.asm
               T3GCONbits   0x000fb4       data     extern E:\c18v3.46\pic18-lt\cxx-framework\src\traditional\proc\p18f25k50.asm
                   ACTCON   0x000fb5       data     extern E:\c18v3.46\pic18-lt\cxx-framework\src\traditional\proc\p18f25k50.asm
               ACTCONbits   0x000fb5       data     extern E:\c18v3.46\pic18-lt\cxx-framework\src\traditional\proc\p18f25k50.asm
                STCONbits   0x000fb5       data     extern E:\c18v3.46\pic18-lt\cxx-framework\src\traditional\proc\p18f25k50.asm
                    STCON   0x000fb5       data     extern E:\c18v3.46\pic18-lt\cxx-framework\src\traditional\proc\p18f25k50.asm
                  ECCP1AS   0x000fb6       data     extern E:\c18v3.46\pic18-lt\cxx-framework\src\traditional\proc\p18f25k50.asm
              ECCP1ASbits   0x000fb6       data     extern E:\c18v3.46\pic18-lt\cxx-framework\src\traditional\proc\p18f25k50.asm
              PWM1CONbits   0x000fb7       data     extern E:\c18v3.46\pic18-lt\cxx-framework\src\traditional\proc\p18f25k50.asm
                 ECCP1DEL   0x000fb7       data     extern E:\c18v3.46\pic18-lt\cxx-framework\src\traditional\proc\p18f25k50.asm
             ECCP1DELbits   0x000fb7       data     extern E:\c18v3.46\pic18-lt\cxx-framework\src\traditional\proc\p18f25k50.asm
                  PWM1CON   0x000fb7       data     extern E:\c18v3.46\pic18-lt\cxx-framework\src\traditional\proc\p18f25k50.asm
                  BAUDCON   0x000fb8       data     extern E:\c18v3.46\pic18-lt\cxx-framework\src\traditional\proc\p18f25k50.asm
                 BAUDCON1   0x000fb8       data     extern E:\c18v3.46\pic18-lt\cxx-framework\src\traditional\proc\p18f25k50.asm
             BAUDCON1bits   0x000fb8       data     extern E:\c18v3.46\pic18-lt\cxx-framework\src\traditional\proc\p18f25k50.asm
              BAUDCONbits   0x000fb8       data     extern E:\c18v3.46\pic18-lt\cxx-framework\src\traditional\proc\p18f25k50.asm
                 PSTR1CON   0x000fb9       data     extern E:\c18v3.46\pic18-lt\cxx-framework\src\traditional\proc\p18f25k50.asm
             PSTR1CONbits   0x000fb9       data     extern E:\c18v3.46\pic18-lt\cxx-framework\src\traditional\proc\p18f25k50.asm
                T2CONbits   0x000fba       data     extern E:\c18v3.46\pic18-lt\cxx-framework\src\traditional\proc\p18f25k50.asm
                    T2CON   0x000fba       data     extern E:\c18v3.46\pic18-lt\cxx-framework\src\traditional\proc\p18f25k50.asm
                      PR2   0x000fbb       data     extern E:\c18v3.46\pic18-lt\cxx-framework\src\traditional\proc\p18f25k50.asm
                     TMR2   0x000fbc       data     extern E:\c18v3.46\pic18-lt\cxx-framework\src\traditional\proc\p18f25k50.asm
                  CCP1CON   0x000fbd       data     extern E:\c18v3.46\pic18-lt\cxx-framework\src\traditional\proc\p18f25k50.asm
             ECCP1CONbits   0x000fbd       data     extern E:\c18v3.46\pic18-lt\cxx-framework\src\traditional\proc\p18f25k50.asm
                 ECCP1CON   0x000fbd       data     extern E:\c18v3.46\pic18-lt\cxx-framework\src\traditional\proc\p18f25k50.asm
              CCP1CONbits   0x000fbd       data     extern E:\c18v3.46\pic18-lt\cxx-framework\src\traditional\proc\p18f25k50.asm
                    CCPR1   0x000fbe       data     extern E:\c18v3.46\pic18-lt\cxx-framework\src\traditional\proc\p18f25k50.asm
                   CCPR1L   0x000fbe       data     extern E:\c18v3.46\pic18-lt\cxx-framework\src\traditional\proc\p18f25k50.asm
                   CCPR1H   0x000fbf       data     extern E:\c18v3.46\pic18-lt\cxx-framework\src\traditional\proc\p18f25k50.asm
                   ADCON2   0x000fc0       data     extern E:\c18v3.46\pic18-lt\cxx-framework\src\traditional\proc\p18f25k50.asm
               ADCON2bits   0x000fc0       data     extern E:\c18v3.46\pic18-lt\cxx-framework\src\traditional\proc\p18f25k50.asm
                   ADCON1   0x000fc1       data     extern E:\c18v3.46\pic18-lt\cxx-framework\src\traditional\proc\p18f25k50.asm
               ADCON1bits   0x000fc1       data     extern E:\c18v3.46\pic18-lt\cxx-framework\src\traditional\proc\p18f25k50.asm
                   ADCON0   0x000fc2       data     extern E:\c18v3.46\pic18-lt\cxx-framework\src\traditional\proc\p18f25k50.asm
               ADCON0bits   0x000fc2       data     extern E:\c18v3.46\pic18-lt\cxx-framework\src\traditional\proc\p18f25k50.asm
                   ADRESL   0x000fc3       data     extern E:\c18v3.46\pic18-lt\cxx-framework\src\traditional\proc\p18f25k50.asm
                   ADRESH   0x000fc4       data     extern E:\c18v3.46\pic18-lt\cxx-framework\src\traditional\proc\p18f25k50.asm
                 SSP1CON2   0x000fc5       data     extern E:\c18v3.46\pic18-lt\cxx-framework\src\traditional\proc\p18f25k50.asm
              SSPCON2bits   0x000fc5       data     extern E:\c18v3.46\pic18-lt\cxx-framework\src\traditional\proc\p18f25k50.asm
                  SSPCON2   0x000fc5       data     extern E:\c18v3.46\pic18-lt\cxx-framework\src\traditional\proc\p18f25k50.asm
             SSP1CON2bits   0x000fc5       data     extern E:\c18v3.46\pic18-lt\cxx-framework\src\traditional\proc\p18f25k50.asm
                 SSP1CON1   0x000fc6       data     extern E:\c18v3.46\pic18-lt\cxx-framework\src\traditional\proc\p18f25k50.asm
             SSP1CON1bits   0x000fc6       data     extern E:\c18v3.46\pic18-lt\cxx-framework\src\traditional\proc\p18f25k50.asm
                  SSP1CON   0x000fc6       data     extern E:\c18v3.46\pic18-lt\cxx-framework\src\traditional\proc\p18f25k50.asm
              SSP1CONbits   0x000fc6       data     extern E:\c18v3.46\pic18-lt\cxx-framework\src\traditional\proc\p18f25k50.asm
                   SSPCON   0x000fc6       data     extern E:\c18v3.46\pic18-lt\cxx-framework\src\traditional\proc\p18f25k50.asm
               SSPCONbits   0x000fc6       data     extern E:\c18v3.46\pic18-lt\cxx-framework\src\traditional\proc\p18f25k50.asm
             SSP1STATbits   0x000fc7       data     extern E:\c18v3.46\pic18-lt\cxx-framework\src\traditional\proc\p18f25k50.asm
                 SSP1STAT   0x000fc7       data     extern E:\c18v3.46\pic18-lt\cxx-framework\src\traditional\proc\p18f25k50.asm
                  SSPSTAT   0x000fc7       data     extern E:\c18v3.46\pic18-lt\cxx-framework\src\traditional\proc\p18f25k50.asm
              SSPSTATbits   0x000fc7       data     extern E:\c18v3.46\pic18-lt\cxx-framework\src\traditional\proc\p18f25k50.asm
                   SSPADD   0x000fc8       data     extern E:\c18v3.46\pic18-lt\cxx-framework\src\traditional\proc\p18f25k50.asm
                  SSP1ADD   0x000fc8       data     extern E:\c18v3.46\pic18-lt\cxx-framework\src\traditional\proc\p18f25k50.asm
              SSP1ADDbits   0x000fc8       data     extern E:\c18v3.46\pic18-lt\cxx-framework\src\traditional\proc\p18f25k50.asm
               SSPADDbits   0x000fc8       data     extern E:\c18v3.46\pic18-lt\cxx-framework\src\traditional\proc\p18f25k50.asm
                  SSP1BUF   0x000fc9       data     extern E:\c18v3.46\pic18-lt\cxx-framework\src\traditional\proc\p18f25k50.asm
                   SSPBUF   0x000fc9       data     extern E:\c18v3.46\pic18-lt\cxx-framework\src\traditional\proc\p18f25k50.asm
               SSPMSKbits   0x000fca       data     extern E:\c18v3.46\pic18-lt\cxx-framework\src\traditional\proc\p18f25k50.asm
                   SSPMSK   0x000fca       data     extern E:\c18v3.46\pic18-lt\cxx-framework\src\traditional\proc\p18f25k50.asm
                  SSP1MSK   0x000fca       data     extern E:\c18v3.46\pic18-lt\cxx-framework\src\traditional\proc\p18f25k50.asm
              SSP1MSKbits   0x000fca       data     extern E:\c18v3.46\pic18-lt\cxx-framework\src\traditional\proc\p18f25k50.asm
              SSPCON3bits   0x000fcb       data     extern E:\c18v3.46\pic18-lt\cxx-framework\src\traditional\proc\p18f25k50.asm
                  SSPCON3   0x000fcb       data     extern E:\c18v3.46\pic18-lt\cxx-framework\src\traditional\proc\p18f25k50.asm
                 SSP1CON3   0x000fcb       data     extern E:\c18v3.46\pic18-lt\cxx-framework\src\traditional\proc\p18f25k50.asm
             SSP1CON3bits   0x000fcb       data     extern E:\c18v3.46\pic18-lt\cxx-framework\src\traditional\proc\p18f25k50.asm
                   T1GCON   0x000fcc       data     extern E:\c18v3.46\pic18-lt\cxx-framework\src\traditional\proc\p18f25k50.asm
               T1GCONbits   0x000fcc       data     extern E:\c18v3.46\pic18-lt\cxx-framework\src\traditional\proc\p18f25k50.asm
                    T1CON   0x000fcd       data     extern E:\c18v3.46\pic18-lt\cxx-framework\src\traditional\proc\p18f25k50.asm
                T1CONbits   0x000fcd       data     extern E:\c18v3.46\pic18-lt\cxx-framework\src\traditional\proc\p18f25k50.asm
                    TMR1L   0x000fce       data     extern E:\c18v3.46\pic18-lt\cxx-framework\src\traditional\proc\p18f25k50.asm
                    TMR1H   0x000fcf       data     extern E:\c18v3.46\pic18-lt\cxx-framework\src\traditional\proc\p18f25k50.asm
                     RCON   0x000fd0       data     extern E:\c18v3.46\pic18-lt\cxx-framework\src\traditional\proc\p18f25k50.asm
                 RCONbits   0x000fd0       data     extern E:\c18v3.46\pic18-lt\cxx-framework\src\traditional\proc\p18f25k50.asm
               WDTCONbits   0x000fd1       data     extern E:\c18v3.46\pic18-lt\cxx-framework\src\traditional\proc\p18f25k50.asm
                   WDTCON   0x000fd1       data     extern E:\c18v3.46\pic18-lt\cxx-framework\src\traditional\proc\p18f25k50.asm
                  OSCCON2   0x000fd2       data     extern E:\c18v3.46\pic18-lt\cxx-framework\src\traditional\proc\p18f25k50.asm
              OSCCON2bits   0x000fd2       data     extern E:\c18v3.46\pic18-lt\cxx-framework\src\traditional\proc\p18f25k50.asm
                   OSCCON   0x000fd3       data     extern E:\c18v3.46\pic18-lt\cxx-framework\src\traditional\proc\p18f25k50.asm
               OSCCONbits   0x000fd3       data     extern E:\c18v3.46\pic18-lt\cxx-framework\src\traditional\proc\p18f25k50.asm
                    T0CON   0x000fd5       data     extern E:\c18v3.46\pic18-lt\cxx-framework\src\traditional\proc\p18f25k50.asm
                T0CONbits   0x000fd5       data     extern E:\c18v3.46\pic18-lt\cxx-framework\src\traditional\proc\p18f25k50.asm
                    TMR0L   0x000fd6       data     extern E:\c18v3.46\pic18-lt\cxx-framework\src\traditional\proc\p18f25k50.asm
                    TMR0H   0x000fd7       data     extern E:\c18v3.46\pic18-lt\cxx-framework\src\traditional\proc\p18f25k50.asm
               STATUSbits   0x000fd8       data     extern E:\c18v3.46\pic18-lt\cxx-framework\src\traditional\proc\p18f25k50.asm
                   STATUS   0x000fd8       data     extern E:\c18v3.46\pic18-lt\cxx-framework\src\traditional\proc\p18f25k50.asm
                     FSR2   0x000fd9       data     extern E:\c18v3.46\pic18-lt\cxx-framework\src\traditional\proc\p18f25k50.asm
                    FSR2L   0x000fd9       data     extern E:\c18v3.46\pic18-lt\cxx-framework\src\traditional\proc\p18f25k50.asm
                    FSR2H   0x000fda       data     extern E:\c18v3.46\pic18-lt\cxx-framework\src\traditional\proc\p18f25k50.asm
                   PLUSW2   0x000fdb       data     extern E:\c18v3.46\pic18-lt\cxx-framework\src\traditional\proc\p18f25k50.asm
                  PREINC2   0x000fdc       data     extern E:\c18v3.46\pic18-lt\cxx-framework\src\traditional\proc\p18f25k50.asm
                 POSTDEC2   0x000fdd       data     extern E:\c18v3.46\pic18-lt\cxx-framework\src\traditional\proc\p18f25k50.asm
                 POSTINC2   0x000fde       data     extern E:\c18v3.46\pic18-lt\cxx-framework\src\traditional\proc\p18f25k50.asm
                    INDF2   0x000fdf       data     extern E:\c18v3.46\pic18-lt\cxx-framework\src\traditional\proc\p18f25k50.asm
                      BSR   0x000fe0       data     extern E:\c18v3.46\pic18-lt\cxx-framework\src\traditional\proc\p18f25k50.asm
                     FSR1   0x000fe1       data     extern E:\c18v3.46\pic18-lt\cxx-framework\src\traditional\proc\p18f25k50.asm
                    FSR1L   0x000fe1       data     extern E:\c18v3.46\pic18-lt\cxx-framework\src\traditional\proc\p18f25k50.asm
                    FSR1H   0x000fe2       data     extern E:\c18v3.46\pic18-lt\cxx-framework\src\traditional\proc\p18f25k50.asm
                   PLUSW1   0x000fe3       data     extern E:\c18v3.46\pic18-lt\cxx-framework\src\traditional\proc\p18f25k50.asm
                  PREINC1   0x000fe4       data     extern E:\c18v3.46\pic18-lt\cxx-framework\src\traditional\proc\p18f25k50.asm
                 POSTDEC1   0x000fe5       data     extern E:\c18v3.46\pic18-lt\cxx-framework\src\traditional\proc\p18f25k50.asm
                 POSTINC1   0x000fe6       data     extern E:\c18v3.46\pic18-lt\cxx-framework\src\traditional\proc\p18f25k50.asm
                    INDF1   0x000fe7       data     extern E:\c18v3.46\pic18-lt\cxx-framework\src\traditional\proc\p18f25k50.asm
                     WREG   0x000fe8       data     extern E:\c18v3.46\pic18-lt\cxx-framework\src\traditional\proc\p18f25k50.asm
                    FSR0L   0x000fe9       data     extern E:\c18v3.46\pic18-lt\cxx-framework\src\traditional\proc\p18f25k50.asm
                     FSR0   0x000fe9       data     extern E:\c18v3.46\pic18-lt\cxx-framework\src\traditional\proc\p18f25k50.asm
                    FSR0H   0x000fea       data     extern E:\c18v3.46\pic18-lt\cxx-framework\src\traditional\proc\p18f25k50.asm
                   PLUSW0   0x000feb       data     extern E:\c18v3.46\pic18-lt\cxx-framework\src\traditional\proc\p18f25k50.asm
                  PREINC0   0x000fec       data     extern E:\c18v3.46\pic18-lt\cxx-framework\src\traditional\proc\p18f25k50.asm
                 POSTDEC0   0x000fed       data     extern E:\c18v3.46\pic18-lt\cxx-framework\src\traditional\proc\p18f25k50.asm
                 POSTINC0   0x000fee       data     extern E:\c18v3.46\pic18-lt\cxx-framework\src\traditional\proc\p18f25k50.asm
                    INDF0   0x000fef       data     extern E:\c18v3.46\pic18-lt\cxx-framework\src\traditional\proc\p18f25k50.asm
              INTCON3bits   0x000ff0       data     extern E:\c18v3.46\pic18-lt\cxx-framework\src\traditional\proc\p18f25k50.asm
                  INTCON3   0x000ff0       data     extern E:\c18v3.46\pic18-lt\cxx-framework\src\traditional\proc\p18f25k50.asm
              INTCON2bits   0x000ff1       data     extern E:\c18v3.46\pic18-lt\cxx-framework\src\traditional\proc\p18f25k50.asm
                  INTCON2   0x000ff1       data     extern E:\c18v3.46\pic18-lt\cxx-framework\src\traditional\proc\p18f25k50.asm
               INTCONbits   0x000ff2       data     extern E:\c18v3.46\pic18-lt\cxx-framework\src\traditional\proc\p18f25k50.asm
                   INTCON   0x000ff2       data     extern E:\c18v3.46\pic18-lt\cxx-framework\src\traditional\proc\p18f25k50.asm
                     PROD   0x000ff3       data     extern E:\c18v3.46\pic18-lt\cxx-framework\src\traditional\proc\p18f25k50.asm
                    PRODL   0x000ff3       data     extern E:\c18v3.46\pic18-lt\cxx-framework\src\traditional\proc\p18f25k50.asm
                    PRODH   0x000ff4       data     extern E:\c18v3.46\pic18-lt\cxx-framework\src\traditional\proc\p18f25k50.asm
                   TABLAT   0x000ff5       data     extern E:\c18v3.46\pic18-lt\cxx-framework\src\traditional\proc\p18f25k50.asm
                   TBLPTR   0x000ff6       data     extern E:\c18v3.46\pic18-lt\cxx-framework\src\traditional\proc\p18f25k50.asm
                  TBLPTRL   0x000ff6       data     extern E:\c18v3.46\pic18-lt\cxx-framework\src\traditional\proc\p18f25k50.asm
                  TBLPTRH   0x000ff7       data     extern E:\c18v3.46\pic18-lt\cxx-framework\src\traditional\proc\p18f25k50.asm
                  TBLPTRU   0x000ff8       data     extern E:\c18v3.46\pic18-lt\cxx-framework\src\traditional\proc\p18f25k50.asm
                       PC   0x000ff9       data     extern E:\c18v3.46\pic18-lt\cxx-framework\src\traditional\proc\p18f25k50.asm
                      PCL   0x000ff9       data     extern E:\c18v3.46\pic18-lt\cxx-framework\src\traditional\proc\p18f25k50.asm
                   PCLATH   0x000ffa       data     extern E:\c18v3.46\pic18-lt\cxx-framework\src\traditional\proc\p18f25k50.asm
                   PCLATU   0x000ffb       data     extern E:\c18v3.46\pic18-lt\cxx-framework\src\traditional\proc\p18f25k50.asm
                   STKPTR   0x000ffc       data     extern E:\c18v3.46\pic18-lt\cxx-framework\src\traditional\proc\p18f25k50.asm
               STKPTRbits   0x000ffc       data     extern E:\c18v3.46\pic18-lt\cxx-framework\src\traditional\proc\p18f25k50.asm
                      TOS   0x000ffd       data     extern E:\c18v3.46\pic18-lt\cxx-framework\src\traditional\proc\p18f25k50.asm
                     TOSL   0x000ffd       data     extern E:\c18v3.46\pic18-lt\cxx-framework\src\traditional\proc\p18f25k50.asm
                     TOSH   0x000ffe       data     extern E:\c18v3.46\pic18-lt\cxx-framework\src\traditional\proc\p18f25k50.asm
                     TOSU   0x000fff       data     extern E:\c18v3.46\pic18-lt\cxx-framework\src\traditional\proc\p18f25k50.asm


